	.text
	.syntax unified
	.eabi_attribute	67, "2.09"	@ Tag_conformance
	.cpu	cortex-m55
	.eabi_attribute	6, 21	@ Tag_CPU_arch
	.eabi_attribute	7, 77	@ Tag_CPU_arch_profile
	.eabi_attribute	8, 0	@ Tag_ARM_ISA_use
	.eabi_attribute	9, 3	@ Tag_THUMB_ISA_use
	.fpu	fpv5-d16
	.arch_extension	mve.fp
	.eabi_attribute	36, 1	@ Tag_FP_HP_extension
	.eabi_attribute	48, 2	@ Tag_MVE_arch
	.eabi_attribute	46, 1	@ Tag_DSP_extension
	.eabi_attribute	34, 1	@ Tag_CPU_unaligned_access
	.eabi_attribute	17, 1	@ Tag_ABI_PCS_GOT_use
	.eabi_attribute	20, 2	@ Tag_ABI_FP_denormal
	.eabi_attribute	21, 0	@ Tag_ABI_FP_exceptions
	.eabi_attribute	23, 1	@ Tag_ABI_FP_number_model
	.eabi_attribute	24, 1	@ Tag_ABI_align_needed
	.eabi_attribute	25, 1	@ Tag_ABI_align_preserved
	.eabi_attribute	28, 1	@ Tag_ABI_VFP_args
	.eabi_attribute	38, 1	@ Tag_ABI_FP_16bit_format
	.eabi_attribute	18, 2	@ Tag_ABI_PCS_wchar_t
	.eabi_attribute	26, 1	@ Tag_ABI_enum_size
	.eabi_attribute	14, 0	@ Tag_ABI_PCS_R9_use
	.file	"ebi.c"
	.file	1 "C:\\Users\\MDOKUKIN1\\AppData\\Local\\Keil_v5\\ARM\\ARMCLANG\\bin\\..\\include" "stdint.h"
	.file	2 "D:\\GitHub\\ML_M55M1_SampleCode\\M55M1BSP-3.01.002\\SampleCode\\NuEdgeWise\\PoseLandmark_YOLOv8n\\KEIL" "../../../../Library/Device/Nuvoton/M55M1/Include\\ebi_reg.h"
	.file	3 "D:\\GitHub\\ML_M55M1_SampleCode\\M55M1BSP-3.01.002\\SampleCode\\NuEdgeWise\\PoseLandmark_YOLOv8n\\KEIL" "../../../../Library/Device/Nuvoton/M55M1/Include\\ccap_reg.h"
	.section	.text.EBI_Open,"ax",%progbits
	.hidden	EBI_Open                        @ -- Begin function EBI_Open
	.globl	EBI_Open
	.p2align	2
	.type	EBI_Open,%function
	.code	16                              @ @EBI_Open
	.thumb_func
EBI_Open:
.Lfunc_begin0:
	.file	4 "D:\\GitHub\\ML_M55M1_SampleCode\\M55M1BSP-3.01.002\\SampleCode\\NuEdgeWise\\PoseLandmark_YOLOv8n\\KEIL" "../../../../Library/StdDriver/src/ebi.c"
	.loc	4 57 0                          @ ../../../../Library/StdDriver/src/ebi.c:57:0
	.fnstart
	.cfi_sections .debug_frame
	.cfi_startproc
@ %bb.0:
	@DEBUG_VALUE: EBI_Open:u32Bank <- $r0
	@DEBUG_VALUE: EBI_Open:u32DataWidth <- $r1
	@DEBUG_VALUE: EBI_Open:u32TimingClass <- $r2
	@DEBUG_VALUE: EBI_Open:u32BusMode <- $r3
	.save	{r4, lr}
	push	{r4, lr}
	.cfi_def_cfa_offset 8
	.cfi_offset lr, -4
	.cfi_offset r4, -8
.Ltmp0:
	@DEBUG_VALUE: EBI_Open:u32CSActiveLevel <- [DW_OP_plus_uconst 8] [$sp+0]
	movw	r12, #0
.Ltmp1:
	.loc	4 58 68 prologue_end            @ ../../../../Library/StdDriver/src/ebi.c:58:68
	lsls	r4, r0, #4
.Ltmp2:
	@DEBUG_VALUE: EBI_Open:pu32EBICTL <- [DW_OP_plus_uconst 1076035584, DW_OP_stack_value] $r4
	@DEBUG_VALUE: EBI_Open:pu32EBITCTL <- [DW_OP_LLVM_arg 0, DW_OP_LLVM_arg 0, DW_OP_plus, DW_OP_stack_value] undef
	@DEBUG_VALUE: EBI_Open:u32Index1 <- [DW_OP_LLVM_arg 0, DW_OP_LLVM_arg 0, DW_OP_plus, DW_OP_stack_value] undef
	@DEBUG_VALUE: EBI_Open:u32Index0 <- [DW_OP_plus_uconst 1076035584, DW_OP_stack_value] $r4
	.loc	4 0 68 is_stmt 0                @ ../../../../Library/StdDriver/src/ebi.c:0:68
	movt	r12, #16419
.Ltmp3:
	ldr.w	r0, [r12, r4]
.Ltmp4:
	@DEBUG_VALUE: EBI_Open:u32Bank <- [DW_OP_LLVM_entry_value 1] $r0
	.loc	4 63 9 is_stmt 1                @ ../../../../Library/StdDriver/src/ebi.c:63:9
	cmp	r1, #8
	bic	r0, r0, #2
	it	ne
	addne	r0, #2
.Ltmp5:
	.loc	4 0 0 is_stmt 0                 @ ../../../../Library/StdDriver/src/ebi.c:0:0
	str.w	r0, [r12, r4]
.Ltmp6:
	.loc	4 72 17 is_stmt 1               @ ../../../../Library/StdDriver/src/ebi.c:72:17
	ldr.w	r0, [r12, r4]
	.loc	4 74 5                          @ ../../../../Library/StdDriver/src/ebi.c:74:5
	cmp	r2, #6
	.loc	4 72 17                         @ ../../../../Library/StdDriver/src/ebi.c:72:17
	orr.w	r0, r0, r3
	str.w	r0, [r12, r4]
.Ltmp7:
	.loc	4 0 0 is_stmt 0                 @ ../../../../Library/StdDriver/src/ebi.c:0:0
	ldr.w	r3, [r12, r4]
.Ltmp8:
	@DEBUG_VALUE: EBI_Open:u32BusMode <- [DW_OP_LLVM_entry_value 1] $r3
	.loc	4 74 5 is_stmt 1                @ ../../../../Library/StdDriver/src/ebi.c:74:5
	bhi	.LBB0_8
.Ltmp9:
@ %bb.1:
	@DEBUG_VALUE: EBI_Open:u32BusMode <- [DW_OP_LLVM_entry_value 1] $r3
	@DEBUG_VALUE: EBI_Open:u32Bank <- [DW_OP_LLVM_entry_value 1] $r0
	@DEBUG_VALUE: EBI_Open:u32Index0 <- [DW_OP_plus_uconst 1076035584, DW_OP_stack_value] $r4
	@DEBUG_VALUE: EBI_Open:pu32EBICTL <- [DW_OP_plus_uconst 1076035584, DW_OP_stack_value] $r4
	@DEBUG_VALUE: EBI_Open:u32CSActiveLevel <- [DW_OP_plus_uconst 8] [$sp+0]
	@DEBUG_VALUE: EBI_Open:u32TimingClass <- $r2
	@DEBUG_VALUE: EBI_Open:u32DataWidth <- $r1
	.loc	4 0 0 is_stmt 0                 @ ../../../../Library/StdDriver/src/ebi.c:0:0
	add.w	r1, r12, #4
.Ltmp10:
	@DEBUG_VALUE: EBI_Open:u32DataWidth <- [DW_OP_LLVM_entry_value 1] $r1
	@DEBUG_VALUE: EBI_Open:pu32EBITCTL <- [DW_OP_LLVM_arg 0, DW_OP_LLVM_arg 0, DW_OP_plus, DW_OP_stack_value] undef
	@DEBUG_VALUE: EBI_Open:u32Index1 <- [DW_OP_LLVM_arg 0, DW_OP_LLVM_arg 0, DW_OP_plus, DW_OP_stack_value] undef
	ldr.w	lr, [sp, #8]
	.loc	4 74 5                          @ ../../../../Library/StdDriver/src/ebi.c:74:5
.LCPI0_0:
	tbb	[pc, r2]
.Ltmp11:
@ %bb.2:
	.loc	4 0 5                           @ ../../../../Library/StdDriver/src/ebi.c:0:5
.LJTI0_0:
	.byte	(.LBB0_3-(.LCPI0_0+4))/2
	.byte	(.LBB0_9-(.LCPI0_0+4))/2
	.byte	(.LBB0_5-(.LCPI0_0+4))/2
	.byte	(.LBB0_7-(.LCPI0_0+4))/2
	.byte	(.LBB0_4-(.LCPI0_0+4))/2
	.byte	(.LBB0_11-(.LCPI0_0+4))/2
	.byte	(.LBB0_13-(.LCPI0_0+4))/2
	.p2align	1
.LBB0_3:
.Ltmp12:
	@DEBUG_VALUE: EBI_Open:u32DataWidth <- [DW_OP_LLVM_entry_value 1] $r1
	@DEBUG_VALUE: EBI_Open:u32BusMode <- [DW_OP_LLVM_entry_value 1] $r3
	@DEBUG_VALUE: EBI_Open:u32Bank <- [DW_OP_LLVM_entry_value 1] $r0
	@DEBUG_VALUE: EBI_Open:u32Index0 <- [DW_OP_plus_uconst 1076035584, DW_OP_stack_value] $r4
	@DEBUG_VALUE: EBI_Open:pu32EBICTL <- [DW_OP_plus_uconst 1076035584, DW_OP_stack_value] $r4
	@DEBUG_VALUE: EBI_Open:u32CSActiveLevel <- [DW_OP_plus_uconst 8] [$sp+0]
	@DEBUG_VALUE: EBI_Open:u32TimingClass <- $r2
	movw	r0, #63742
	movt	r0, #65528
.Ltmp13:
	.loc	4 77 40 is_stmt 1               @ ../../../../Library/StdDriver/src/ebi.c:77:40
	ands	r0, r3
	.loc	4 79 70                         @ ../../../../Library/StdDriver/src/ebi.c:79:70
	orr.w	r0, r0, lr, lsl #2
	adds	r0, #1
	b	.LBB0_6
.Ltmp14:
.LBB0_4:
	@DEBUG_VALUE: EBI_Open:u32DataWidth <- [DW_OP_LLVM_entry_value 1] $r1
	@DEBUG_VALUE: EBI_Open:u32BusMode <- [DW_OP_LLVM_entry_value 1] $r3
	@DEBUG_VALUE: EBI_Open:u32Bank <- [DW_OP_LLVM_entry_value 1] $r0
	@DEBUG_VALUE: EBI_Open:u32Index0 <- [DW_OP_plus_uconst 1076035584, DW_OP_stack_value] $r4
	@DEBUG_VALUE: EBI_Open:pu32EBICTL <- [DW_OP_plus_uconst 1076035584, DW_OP_stack_value] $r4
	@DEBUG_VALUE: EBI_Open:u32CSActiveLevel <- [DW_OP_plus_uconst 8] [$sp+0]
	@DEBUG_VALUE: EBI_Open:u32TimingClass <- $r2
	.loc	4 0 70 is_stmt 0                @ ../../../../Library/StdDriver/src/ebi.c:0:70
	movw	r0, #63742
	movw	r2, #257
.Ltmp15:
	@DEBUG_VALUE: EBI_Open:u32TimingClass <- [DW_OP_LLVM_entry_value 1] $r2
	movt	r0, #65528
	.loc	4 107 40 is_stmt 1              @ ../../../../Library/StdDriver/src/ebi.c:107:40
	ands	r0, r3
	.loc	4 109 87                        @ ../../../../Library/StdDriver/src/ebi.c:109:87
	orr.w	r0, r0, lr, lsl #2
	movt	r2, #7
	b	.LBB0_12
.Ltmp16:
.LBB0_5:
	@DEBUG_VALUE: EBI_Open:u32DataWidth <- [DW_OP_LLVM_entry_value 1] $r1
	@DEBUG_VALUE: EBI_Open:u32BusMode <- [DW_OP_LLVM_entry_value 1] $r3
	@DEBUG_VALUE: EBI_Open:u32Bank <- [DW_OP_LLVM_entry_value 1] $r0
	@DEBUG_VALUE: EBI_Open:u32Index0 <- [DW_OP_plus_uconst 1076035584, DW_OP_stack_value] $r4
	@DEBUG_VALUE: EBI_Open:pu32EBICTL <- [DW_OP_plus_uconst 1076035584, DW_OP_stack_value] $r4
	@DEBUG_VALUE: EBI_Open:u32CSActiveLevel <- [DW_OP_plus_uconst 8] [$sp+0]
	@DEBUG_VALUE: EBI_Open:u32TimingClass <- $r2
	.loc	4 0 87 is_stmt 0                @ ../../../../Library/StdDriver/src/ebi.c:0:87
	movw	r0, #63742
	movw	r2, #257
.Ltmp17:
	@DEBUG_VALUE: EBI_Open:u32TimingClass <- [DW_OP_LLVM_entry_value 1] $r2
	movt	r0, #65528
	.loc	4 92 40 is_stmt 1               @ ../../../../Library/StdDriver/src/ebi.c:92:40
	ands	r0, r3
	.loc	4 94 70                         @ ../../../../Library/StdDriver/src/ebi.c:94:70
	orr.w	r0, r0, lr, lsl #2
	orrs	r0, r2
.Ltmp18:
.LBB0_6:
	@DEBUG_VALUE: EBI_Open:u32DataWidth <- [DW_OP_LLVM_entry_value 1] $r1
	@DEBUG_VALUE: EBI_Open:u32BusMode <- [DW_OP_LLVM_entry_value 1] $r3
	@DEBUG_VALUE: EBI_Open:u32Bank <- [DW_OP_LLVM_entry_value 1] $r0
	@DEBUG_VALUE: EBI_Open:u32Index0 <- [DW_OP_plus_uconst 1076035584, DW_OP_stack_value] $r4
	@DEBUG_VALUE: EBI_Open:pu32EBICTL <- [DW_OP_plus_uconst 1076035584, DW_OP_stack_value] $r4
	@DEBUG_VALUE: EBI_Open:u32CSActiveLevel <- [DW_OP_plus_uconst 8] [$sp+0]
	.loc	4 0 0 is_stmt 0                 @ ../../../../Library/StdDriver/src/ebi.c:0:0
	str.w	r0, [r4, r12]
	movs	r0, #0
	str	r0, [r4, r1]
.Ltmp19:
	.loc	4 134 1 epilogue_begin is_stmt 1 @ ../../../../Library/StdDriver/src/ebi.c:134:1
	pop	{r4, pc}
.Ltmp20:
.LBB0_7:
	@DEBUG_VALUE: EBI_Open:u32DataWidth <- [DW_OP_LLVM_entry_value 1] $r1
	@DEBUG_VALUE: EBI_Open:u32BusMode <- [DW_OP_LLVM_entry_value 1] $r3
	@DEBUG_VALUE: EBI_Open:u32Bank <- [DW_OP_LLVM_entry_value 1] $r0
	@DEBUG_VALUE: EBI_Open:u32Index0 <- [DW_OP_plus_uconst 1076035584, DW_OP_stack_value] $r4
	@DEBUG_VALUE: EBI_Open:pu32EBICTL <- [DW_OP_plus_uconst 1076035584, DW_OP_stack_value] $r4
	@DEBUG_VALUE: EBI_Open:u32CSActiveLevel <- [DW_OP_plus_uconst 8] [$sp+0]
	@DEBUG_VALUE: EBI_Open:u32TimingClass <- $r2
	.loc	4 0 1 is_stmt 0                 @ ../../../../Library/StdDriver/src/ebi.c:0:1
	movw	r0, #63742
	movt	r0, #65528
.Ltmp21:
	.loc	4 99 40 is_stmt 1               @ ../../../../Library/StdDriver/src/ebi.c:99:40
	ands	r0, r3
	.loc	4 101 87                        @ ../../../../Library/StdDriver/src/ebi.c:101:87
	orr.w	r0, r0, lr, lsl #2
	orr	r0, r0, #196608
	orr	r0, r0, #1
	orr	r0, r0, #256
	.loc	4 99 25                         @ ../../../../Library/StdDriver/src/ebi.c:99:25
	b	.LBB0_10
.Ltmp22:
.LBB0_8:
	@DEBUG_VALUE: EBI_Open:u32BusMode <- [DW_OP_LLVM_entry_value 1] $r3
	@DEBUG_VALUE: EBI_Open:u32Bank <- [DW_OP_LLVM_entry_value 1] $r0
	@DEBUG_VALUE: EBI_Open:u32Index0 <- [DW_OP_plus_uconst 1076035584, DW_OP_stack_value] $r4
	@DEBUG_VALUE: EBI_Open:pu32EBICTL <- [DW_OP_plus_uconst 1076035584, DW_OP_stack_value] $r4
	@DEBUG_VALUE: EBI_Open:u32CSActiveLevel <- [DW_OP_plus_uconst 8] [$sp+0]
	@DEBUG_VALUE: EBI_Open:u32TimingClass <- $r2
	@DEBUG_VALUE: EBI_Open:u32DataWidth <- $r1
	.loc	4 131 25                        @ ../../../../Library/StdDriver/src/ebi.c:131:25
	bic	r0, r3, #1
	str.w	r0, [r4, r12]
.Ltmp23:
	.loc	4 134 1 epilogue_begin          @ ../../../../Library/StdDriver/src/ebi.c:134:1
	pop	{r4, pc}
.Ltmp24:
.LBB0_9:
	@DEBUG_VALUE: EBI_Open:u32DataWidth <- [DW_OP_LLVM_entry_value 1] $r1
	@DEBUG_VALUE: EBI_Open:u32BusMode <- [DW_OP_LLVM_entry_value 1] $r3
	@DEBUG_VALUE: EBI_Open:u32Bank <- [DW_OP_LLVM_entry_value 1] $r0
	@DEBUG_VALUE: EBI_Open:u32Index0 <- [DW_OP_plus_uconst 1076035584, DW_OP_stack_value] $r4
	@DEBUG_VALUE: EBI_Open:pu32EBICTL <- [DW_OP_plus_uconst 1076035584, DW_OP_stack_value] $r4
	@DEBUG_VALUE: EBI_Open:u32CSActiveLevel <- [DW_OP_plus_uconst 8] [$sp+0]
	@DEBUG_VALUE: EBI_Open:u32TimingClass <- $r2
	.loc	4 0 1 is_stmt 0                 @ ../../../../Library/StdDriver/src/ebi.c:0:1
	movw	r0, #63742
	movt	r0, #65528
.Ltmp25:
	.loc	4 84 40 is_stmt 1               @ ../../../../Library/StdDriver/src/ebi.c:84:40
	ands	r0, r3
	.loc	4 86 87                         @ ../../../../Library/StdDriver/src/ebi.c:86:87
	orr.w	r0, r0, lr, lsl #2
	orr	r0, r0, #196608
	orr	r0, r0, #1
.Ltmp26:
.LBB0_10:
	@DEBUG_VALUE: EBI_Open:u32DataWidth <- [DW_OP_LLVM_entry_value 1] $r1
	@DEBUG_VALUE: EBI_Open:u32BusMode <- [DW_OP_LLVM_entry_value 1] $r3
	@DEBUG_VALUE: EBI_Open:u32Bank <- [DW_OP_LLVM_entry_value 1] $r0
	@DEBUG_VALUE: EBI_Open:u32Index0 <- [DW_OP_plus_uconst 1076035584, DW_OP_stack_value] $r4
	@DEBUG_VALUE: EBI_Open:pu32EBICTL <- [DW_OP_plus_uconst 1076035584, DW_OP_stack_value] $r4
	@DEBUG_VALUE: EBI_Open:u32CSActiveLevel <- [DW_OP_plus_uconst 8] [$sp+0]
	@DEBUG_VALUE: EBI_Open:u32TimingClass <- $r2
	.loc	4 0 0 is_stmt 0                 @ ../../../../Library/StdDriver/src/ebi.c:0:0
	str.w	r0, [r4, r12]
	movw	r0, #13080
	movt	r0, #768
	str	r0, [r4, r1]
.Ltmp27:
	.loc	4 134 1 epilogue_begin is_stmt 1 @ ../../../../Library/StdDriver/src/ebi.c:134:1
	pop	{r4, pc}
.Ltmp28:
.LBB0_11:
	@DEBUG_VALUE: EBI_Open:u32DataWidth <- [DW_OP_LLVM_entry_value 1] $r1
	@DEBUG_VALUE: EBI_Open:u32BusMode <- [DW_OP_LLVM_entry_value 1] $r3
	@DEBUG_VALUE: EBI_Open:u32Bank <- [DW_OP_LLVM_entry_value 1] $r0
	@DEBUG_VALUE: EBI_Open:u32Index0 <- [DW_OP_plus_uconst 1076035584, DW_OP_stack_value] $r4
	@DEBUG_VALUE: EBI_Open:pu32EBICTL <- [DW_OP_plus_uconst 1076035584, DW_OP_stack_value] $r4
	@DEBUG_VALUE: EBI_Open:u32CSActiveLevel <- [DW_OP_plus_uconst 8] [$sp+0]
	@DEBUG_VALUE: EBI_Open:u32TimingClass <- $r2
	.loc	4 0 1 is_stmt 0                 @ ../../../../Library/StdDriver/src/ebi.c:0:1
	movw	r0, #63742
	movw	r2, #257
.Ltmp29:
	@DEBUG_VALUE: EBI_Open:u32TimingClass <- [DW_OP_LLVM_entry_value 1] $r2
	movt	r0, #65528
.Ltmp30:
	.loc	4 115 40 is_stmt 1              @ ../../../../Library/StdDriver/src/ebi.c:115:40
	ands	r0, r3
	movt	r2, #7
	.loc	4 117 87                        @ ../../../../Library/StdDriver/src/ebi.c:117:87
	orr.w	r0, r0, lr, lsl #2
	add.w	r2, r2, #256
.Ltmp31:
.LBB0_12:
	@DEBUG_VALUE: EBI_Open:u32TimingClass <- [DW_OP_LLVM_entry_value 1] $r2
	@DEBUG_VALUE: EBI_Open:u32DataWidth <- [DW_OP_LLVM_entry_value 1] $r1
	@DEBUG_VALUE: EBI_Open:u32BusMode <- [DW_OP_LLVM_entry_value 1] $r3
	@DEBUG_VALUE: EBI_Open:u32Bank <- [DW_OP_LLVM_entry_value 1] $r0
	@DEBUG_VALUE: EBI_Open:u32Index0 <- [DW_OP_plus_uconst 1076035584, DW_OP_stack_value] $r4
	@DEBUG_VALUE: EBI_Open:pu32EBICTL <- [DW_OP_plus_uconst 1076035584, DW_OP_stack_value] $r4
	@DEBUG_VALUE: EBI_Open:u32CSActiveLevel <- [DW_OP_plus_uconst 8] [$sp+0]
	.loc	4 0 0 is_stmt 0                 @ ../../../../Library/StdDriver/src/ebi.c:0:0
	orrs	r0, r2
	b	.LBB0_14
.Ltmp32:
.LBB0_13:
	@DEBUG_VALUE: EBI_Open:u32DataWidth <- [DW_OP_LLVM_entry_value 1] $r1
	@DEBUG_VALUE: EBI_Open:u32BusMode <- [DW_OP_LLVM_entry_value 1] $r3
	@DEBUG_VALUE: EBI_Open:u32Bank <- [DW_OP_LLVM_entry_value 1] $r0
	@DEBUG_VALUE: EBI_Open:u32Index0 <- [DW_OP_plus_uconst 1076035584, DW_OP_stack_value] $r4
	@DEBUG_VALUE: EBI_Open:pu32EBICTL <- [DW_OP_plus_uconst 1076035584, DW_OP_stack_value] $r4
	@DEBUG_VALUE: EBI_Open:u32CSActiveLevel <- [DW_OP_plus_uconst 8] [$sp+0]
	@DEBUG_VALUE: EBI_Open:u32TimingClass <- $r2
	movw	r0, #63742
	movw	r2, #257
.Ltmp33:
	@DEBUG_VALUE: EBI_Open:u32TimingClass <- [DW_OP_LLVM_entry_value 1] $r2
	movt	r0, #65528
	.loc	4 123 40 is_stmt 1              @ ../../../../Library/StdDriver/src/ebi.c:123:40
	ands	r0, r3
	.loc	4 125 87                        @ ../../../../Library/StdDriver/src/ebi.c:125:87
	orr.w	r0, r0, lr, lsl #2
	movt	r2, #7
	orrs	r0, r2
	orr	r0, r0, #512
.Ltmp34:
.LBB0_14:
	@DEBUG_VALUE: EBI_Open:u32TimingClass <- [DW_OP_LLVM_entry_value 1] $r2
	@DEBUG_VALUE: EBI_Open:u32DataWidth <- [DW_OP_LLVM_entry_value 1] $r1
	@DEBUG_VALUE: EBI_Open:u32BusMode <- [DW_OP_LLVM_entry_value 1] $r3
	@DEBUG_VALUE: EBI_Open:u32Bank <- [DW_OP_LLVM_entry_value 1] $r0
	@DEBUG_VALUE: EBI_Open:u32Index0 <- [DW_OP_plus_uconst 1076035584, DW_OP_stack_value] $r4
	@DEBUG_VALUE: EBI_Open:pu32EBICTL <- [DW_OP_plus_uconst 1076035584, DW_OP_stack_value] $r4
	@DEBUG_VALUE: EBI_Open:u32CSActiveLevel <- [DW_OP_plus_uconst 8] [$sp+0]
	.loc	4 0 0 is_stmt 0                 @ ../../../../Library/StdDriver/src/ebi.c:0:0
	str.w	r0, [r4, r12]
	movw	r0, #30520
	movt	r0, #1792
	str	r0, [r4, r1]
.Ltmp35:
	.loc	4 134 1 epilogue_begin is_stmt 1 @ ../../../../Library/StdDriver/src/ebi.c:134:1
	pop	{r4, pc}
.Ltmp36:
.Lfunc_end0:
	.size	EBI_Open, .Lfunc_end0-EBI_Open
	.cfi_endproc
	.cantunwind
	.fnend
                                        @ -- End function
	.section	.text.EBI_Close,"ax",%progbits
	.hidden	EBI_Close                       @ -- Begin function EBI_Close
	.globl	EBI_Close
	.p2align	2
	.type	EBI_Close,%function
	.code	16                              @ @EBI_Close
	.thumb_func
EBI_Close:
.Lfunc_begin1:
	.loc	4 149 0                         @ ../../../../Library/StdDriver/src/ebi.c:149:0
	.fnstart
	.cfi_startproc
@ %bb.0:
	@DEBUG_VALUE: EBI_Close:u32Bank <- $r0
	movs	r1, #0
.Ltmp37:
	.loc	4 150 57 prologue_end           @ ../../../../Library/StdDriver/src/ebi.c:150:57
	lsls	r0, r0, #4
.Ltmp38:
	@DEBUG_VALUE: EBI_Close:u32Bank <- [DW_OP_LLVM_entry_value 1] $r0
	.loc	4 0 57 is_stmt 0                @ ../../../../Library/StdDriver/src/ebi.c:0:57
	movt	r1, #16419
.Ltmp39:
	@DEBUG_VALUE: EBI_Close:pu32EBICTL <- [DW_OP_plus_uconst 1076035584, DW_OP_stack_value] $r0
	@DEBUG_VALUE: EBI_Close:u32Index <- [DW_OP_plus_uconst 1076035584, DW_OP_stack_value] $r0
	.loc	4 153 17 is_stmt 1              @ ../../../../Library/StdDriver/src/ebi.c:153:17
	ldr	r2, [r1, r0]
	bic	r2, r2, #1
	str	r2, [r1, r0]
	.loc	4 154 1                         @ ../../../../Library/StdDriver/src/ebi.c:154:1
	bx	lr
.Ltmp40:
.Lfunc_end1:
	.size	EBI_Close, .Lfunc_end1-EBI_Close
	.cfi_endproc
	.cantunwind
	.fnend
                                        @ -- End function
	.section	.text.EBI_SetBusTiming,"ax",%progbits
	.hidden	EBI_SetBusTiming                @ -- Begin function EBI_SetBusTiming
	.globl	EBI_SetBusTiming
	.p2align	2
	.type	EBI_SetBusTiming,%function
	.code	16                              @ @EBI_SetBusTiming
	.thumb_func
EBI_SetBusTiming:
.Lfunc_begin2:
	.loc	4 179 0                         @ ../../../../Library/StdDriver/src/ebi.c:179:0
	.fnstart
	.cfi_startproc
@ %bb.0:
	@DEBUG_VALUE: EBI_SetBusTiming:u32Bank <- $r0
	@DEBUG_VALUE: EBI_SetBusTiming:u32TimingConfig <- $r1
	@DEBUG_VALUE: EBI_SetBusTiming:u32MclkDiv <- $r2
	.save	{r4, lr}
	push	{r4, lr}
	.cfi_def_cfa_offset 8
	.cfi_offset lr, -4
	.cfi_offset r4, -8
	movw	r12, #0
.Ltmp41:
	.loc	4 180 58 prologue_end           @ ../../../../Library/StdDriver/src/ebi.c:180:58
	lsls	r4, r0, #4
	movt	r12, #16419
	.loc	4 185 20                        @ ../../../../Library/StdDriver/src/ebi.c:185:20
	ldr.w	lr, [r12, r4]
	.loc	4 180 47                        @ ../../../../Library/StdDriver/src/ebi.c:180:47
	add.w	r0, r12, r0, lsl #4
.Ltmp42:
	@DEBUG_VALUE: EBI_SetBusTiming:u32Bank <- [DW_OP_LLVM_entry_value 1] $r0
	@DEBUG_VALUE: EBI_SetBusTiming:pu32EBITCTL <- undef
	@DEBUG_VALUE: EBI_SetBusTiming:pu32EBICTL <- $r0
	@DEBUG_VALUE: EBI_SetBusTiming:u32Index1 <- undef
	@DEBUG_VALUE: EBI_SetBusTiming:u32Index0 <- $r0
	.loc	4 185 32                        @ ../../../../Library/StdDriver/src/ebi.c:185:32
	bic	r3, lr, #1792
	.loc	4 185 56 is_stmt 0              @ ../../../../Library/StdDriver/src/ebi.c:185:56
	orr.w	r2, r3, r2, lsl #8
.Ltmp43:
	@DEBUG_VALUE: EBI_SetBusTiming:u32MclkDiv <- [DW_OP_LLVM_entry_value 1] $r2
	.loc	4 185 17                        @ ../../../../Library/StdDriver/src/ebi.c:185:17
	str.w	r2, [r12, r4]
	.loc	4 186 18 is_stmt 1              @ ../../../../Library/StdDriver/src/ebi.c:186:18
	str	r1, [r0, #4]
	.loc	4 187 1 epilogue_begin          @ ../../../../Library/StdDriver/src/ebi.c:187:1
	pop	{r4, pc}
.Ltmp44:
.Lfunc_end2:
	.size	EBI_SetBusTiming, .Lfunc_end2-EBI_SetBusTiming
	.cfi_endproc
	.cantunwind
	.fnend
                                        @ -- End function
	.section	.debug_loc,"",%progbits
.Ldebug_loc0:
	.long	-1
	.long	.Lfunc_begin0                   @   base address
	.long	.Lfunc_begin0-.Lfunc_begin0
	.long	.Ltmp4-.Lfunc_begin0
	.short	1                               @ Loc expr size
	.byte	80                              @ DW_OP_reg0
	.long	.Ltmp4-.Lfunc_begin0
	.long	.Ltmp11-.Lfunc_begin0
	.short	4                               @ Loc expr size
	.byte	243                             @ DW_OP_GNU_entry_value
	.byte	1                               @ 1
	.byte	80                              @ DW_OP_reg0
	.byte	159                             @ DW_OP_stack_value
	.long	.Ltmp12-.Lfunc_begin0
	.long	.Lfunc_end0-.Lfunc_begin0
	.short	4                               @ Loc expr size
	.byte	243                             @ DW_OP_GNU_entry_value
	.byte	1                               @ 1
	.byte	80                              @ DW_OP_reg0
	.byte	159                             @ DW_OP_stack_value
	.long	0
	.long	0
.Ldebug_loc1:
	.long	-1
	.long	.Lfunc_begin0                   @   base address
	.long	.Lfunc_begin0-.Lfunc_begin0
	.long	.Ltmp10-.Lfunc_begin0
	.short	1                               @ Loc expr size
	.byte	81                              @ DW_OP_reg1
	.long	.Ltmp10-.Lfunc_begin0
	.long	.Ltmp11-.Lfunc_begin0
	.short	4                               @ Loc expr size
	.byte	243                             @ DW_OP_GNU_entry_value
	.byte	1                               @ 1
	.byte	81                              @ DW_OP_reg1
	.byte	159                             @ DW_OP_stack_value
	.long	.Ltmp12-.Lfunc_begin0
	.long	.Ltmp22-.Lfunc_begin0
	.short	4                               @ Loc expr size
	.byte	243                             @ DW_OP_GNU_entry_value
	.byte	1                               @ 1
	.byte	81                              @ DW_OP_reg1
	.byte	159                             @ DW_OP_stack_value
	.long	.Ltmp22-.Lfunc_begin0
	.long	.Ltmp24-.Lfunc_begin0
	.short	1                               @ Loc expr size
	.byte	81                              @ DW_OP_reg1
	.long	.Ltmp24-.Lfunc_begin0
	.long	.Lfunc_end0-.Lfunc_begin0
	.short	4                               @ Loc expr size
	.byte	243                             @ DW_OP_GNU_entry_value
	.byte	1                               @ 1
	.byte	81                              @ DW_OP_reg1
	.byte	159                             @ DW_OP_stack_value
	.long	0
	.long	0
.Ldebug_loc2:
	.long	-1
	.long	.Lfunc_begin0                   @   base address
	.long	.Lfunc_begin0-.Lfunc_begin0
	.long	.Ltmp11-.Lfunc_begin0
	.short	1                               @ Loc expr size
	.byte	82                              @ DW_OP_reg2
	.long	.Ltmp12-.Lfunc_begin0
	.long	.Ltmp15-.Lfunc_begin0
	.short	1                               @ Loc expr size
	.byte	82                              @ DW_OP_reg2
	.long	.Ltmp15-.Lfunc_begin0
	.long	.Ltmp16-.Lfunc_begin0
	.short	4                               @ Loc expr size
	.byte	243                             @ DW_OP_GNU_entry_value
	.byte	1                               @ 1
	.byte	82                              @ DW_OP_reg2
	.byte	159                             @ DW_OP_stack_value
	.long	.Ltmp16-.Lfunc_begin0
	.long	.Ltmp17-.Lfunc_begin0
	.short	1                               @ Loc expr size
	.byte	82                              @ DW_OP_reg2
	.long	.Ltmp17-.Lfunc_begin0
	.long	.Ltmp18-.Lfunc_begin0
	.short	4                               @ Loc expr size
	.byte	243                             @ DW_OP_GNU_entry_value
	.byte	1                               @ 1
	.byte	82                              @ DW_OP_reg2
	.byte	159                             @ DW_OP_stack_value
	.long	.Ltmp20-.Lfunc_begin0
	.long	.Ltmp29-.Lfunc_begin0
	.short	1                               @ Loc expr size
	.byte	82                              @ DW_OP_reg2
	.long	.Ltmp29-.Lfunc_begin0
	.long	.Ltmp32-.Lfunc_begin0
	.short	4                               @ Loc expr size
	.byte	243                             @ DW_OP_GNU_entry_value
	.byte	1                               @ 1
	.byte	82                              @ DW_OP_reg2
	.byte	159                             @ DW_OP_stack_value
	.long	.Ltmp32-.Lfunc_begin0
	.long	.Ltmp33-.Lfunc_begin0
	.short	1                               @ Loc expr size
	.byte	82                              @ DW_OP_reg2
	.long	.Ltmp33-.Lfunc_begin0
	.long	.Lfunc_end0-.Lfunc_begin0
	.short	4                               @ Loc expr size
	.byte	243                             @ DW_OP_GNU_entry_value
	.byte	1                               @ 1
	.byte	82                              @ DW_OP_reg2
	.byte	159                             @ DW_OP_stack_value
	.long	0
	.long	0
.Ldebug_loc3:
	.long	-1
	.long	.Lfunc_begin0                   @   base address
	.long	.Lfunc_begin0-.Lfunc_begin0
	.long	.Ltmp8-.Lfunc_begin0
	.short	1                               @ Loc expr size
	.byte	83                              @ DW_OP_reg3
	.long	.Ltmp8-.Lfunc_begin0
	.long	.Ltmp11-.Lfunc_begin0
	.short	4                               @ Loc expr size
	.byte	243                             @ DW_OP_GNU_entry_value
	.byte	1                               @ 1
	.byte	83                              @ DW_OP_reg3
	.byte	159                             @ DW_OP_stack_value
	.long	.Ltmp12-.Lfunc_begin0
	.long	.Lfunc_end0-.Lfunc_begin0
	.short	4                               @ Loc expr size
	.byte	243                             @ DW_OP_GNU_entry_value
	.byte	1                               @ 1
	.byte	83                              @ DW_OP_reg3
	.byte	159                             @ DW_OP_stack_value
	.long	0
	.long	0
.Ldebug_loc4:
	.long	-1
	.long	.Lfunc_begin0                   @   base address
	.long	.Ltmp0-.Lfunc_begin0
	.long	.Ltmp11-.Lfunc_begin0
	.short	2                               @ Loc expr size
	.byte	125                             @ DW_OP_breg13
	.byte	8                               @ 8
	.long	.Ltmp12-.Lfunc_begin0
	.long	.Lfunc_end0-.Lfunc_begin0
	.short	2                               @ Loc expr size
	.byte	125                             @ DW_OP_breg13
	.byte	8                               @ 8
	.long	0
	.long	0
.Ldebug_loc5:
	.long	-1
	.long	.Lfunc_begin0                   @   base address
	.long	.Ltmp2-.Lfunc_begin0
	.long	.Ltmp11-.Lfunc_begin0
	.short	7                               @ Loc expr size
	.byte	116                             @ DW_OP_breg4
	.byte	128                             @ 1076035584
	.byte	128                             @ 
	.byte	140                             @ 
	.byte	129                             @ 
	.byte	4                               @ 
	.byte	159                             @ DW_OP_stack_value
	.long	.Ltmp12-.Lfunc_begin0
	.long	.Ltmp36-.Lfunc_begin0
	.short	7                               @ Loc expr size
	.byte	116                             @ DW_OP_breg4
	.byte	128                             @ 1076035584
	.byte	128                             @ 
	.byte	140                             @ 
	.byte	129                             @ 
	.byte	4                               @ 
	.byte	159                             @ DW_OP_stack_value
	.long	0
	.long	0
.Ldebug_loc6:
	.long	-1
	.long	.Lfunc_begin0                   @   base address
	.long	.Ltmp2-.Lfunc_begin0
	.long	.Ltmp11-.Lfunc_begin0
	.short	7                               @ Loc expr size
	.byte	116                             @ DW_OP_breg4
	.byte	128                             @ 1076035584
	.byte	128                             @ 
	.byte	140                             @ 
	.byte	129                             @ 
	.byte	4                               @ 
	.byte	159                             @ DW_OP_stack_value
	.long	.Ltmp12-.Lfunc_begin0
	.long	.Ltmp36-.Lfunc_begin0
	.short	7                               @ Loc expr size
	.byte	116                             @ DW_OP_breg4
	.byte	128                             @ 1076035584
	.byte	128                             @ 
	.byte	140                             @ 
	.byte	129                             @ 
	.byte	4                               @ 
	.byte	159                             @ DW_OP_stack_value
	.long	0
	.long	0
.Ldebug_loc7:
	.long	-1
	.long	.Lfunc_begin1                   @   base address
	.long	.Lfunc_begin1-.Lfunc_begin1
	.long	.Ltmp38-.Lfunc_begin1
	.short	1                               @ Loc expr size
	.byte	80                              @ DW_OP_reg0
	.long	.Ltmp38-.Lfunc_begin1
	.long	.Lfunc_end1-.Lfunc_begin1
	.short	4                               @ Loc expr size
	.byte	243                             @ DW_OP_GNU_entry_value
	.byte	1                               @ 1
	.byte	80                              @ DW_OP_reg0
	.byte	159                             @ DW_OP_stack_value
	.long	0
	.long	0
.Ldebug_loc8:
	.long	-1
	.long	.Lfunc_begin1                   @   base address
	.long	.Ltmp39-.Lfunc_begin1
	.long	.Lfunc_end1-.Lfunc_begin1
	.short	7                               @ Loc expr size
	.byte	112                             @ DW_OP_breg0
	.byte	128                             @ 1076035584
	.byte	128                             @ 
	.byte	140                             @ 
	.byte	129                             @ 
	.byte	4                               @ 
	.byte	159                             @ DW_OP_stack_value
	.long	0
	.long	0
.Ldebug_loc9:
	.long	-1
	.long	.Lfunc_begin1                   @   base address
	.long	.Ltmp39-.Lfunc_begin1
	.long	.Lfunc_end1-.Lfunc_begin1
	.short	7                               @ Loc expr size
	.byte	112                             @ DW_OP_breg0
	.byte	128                             @ 1076035584
	.byte	128                             @ 
	.byte	140                             @ 
	.byte	129                             @ 
	.byte	4                               @ 
	.byte	159                             @ DW_OP_stack_value
	.long	0
	.long	0
.Ldebug_loc10:
	.long	-1
	.long	.Lfunc_begin2                   @   base address
	.long	.Lfunc_begin2-.Lfunc_begin2
	.long	.Ltmp42-.Lfunc_begin2
	.short	1                               @ Loc expr size
	.byte	80                              @ DW_OP_reg0
	.long	.Ltmp42-.Lfunc_begin2
	.long	.Lfunc_end2-.Lfunc_begin2
	.short	4                               @ Loc expr size
	.byte	243                             @ DW_OP_GNU_entry_value
	.byte	1                               @ 1
	.byte	80                              @ DW_OP_reg0
	.byte	159                             @ DW_OP_stack_value
	.long	0
	.long	0
.Ldebug_loc11:
	.long	-1
	.long	.Lfunc_begin2                   @   base address
	.long	.Lfunc_begin2-.Lfunc_begin2
	.long	.Ltmp43-.Lfunc_begin2
	.short	1                               @ Loc expr size
	.byte	82                              @ DW_OP_reg2
	.long	.Ltmp43-.Lfunc_begin2
	.long	.Lfunc_end2-.Lfunc_begin2
	.short	4                               @ Loc expr size
	.byte	243                             @ DW_OP_GNU_entry_value
	.byte	1                               @ 1
	.byte	82                              @ DW_OP_reg2
	.byte	159                             @ DW_OP_stack_value
	.long	0
	.long	0
.Ldebug_loc12:
	.long	-1
	.long	.Lfunc_begin2                   @   base address
	.long	.Ltmp42-.Lfunc_begin2
	.long	.Lfunc_end2-.Lfunc_begin2
	.short	1                               @ Loc expr size
	.byte	80                              @ DW_OP_reg0
	.long	0
	.long	0
.Ldebug_loc13:
	.long	-1
	.long	.Lfunc_begin2                   @   base address
	.long	.Ltmp42-.Lfunc_begin2
	.long	.Lfunc_end2-.Lfunc_begin2
	.short	1                               @ Loc expr size
	.byte	80                              @ DW_OP_reg0
	.long	0
	.long	0
	.section	.debug_abbrev,"",%progbits
	.byte	1                               @ Abbreviation Code
	.byte	17                              @ DW_TAG_compile_unit
	.byte	1                               @ DW_CHILDREN_yes
	.byte	37                              @ DW_AT_producer
	.byte	14                              @ DW_FORM_strp
	.byte	19                              @ DW_AT_language
	.byte	5                               @ DW_FORM_data2
	.byte	3                               @ DW_AT_name
	.byte	14                              @ DW_FORM_strp
	.byte	16                              @ DW_AT_stmt_list
	.byte	23                              @ DW_FORM_sec_offset
	.byte	27                              @ DW_AT_comp_dir
	.byte	14                              @ DW_FORM_strp
	.byte	17                              @ DW_AT_low_pc
	.byte	1                               @ DW_FORM_addr
	.byte	85                              @ DW_AT_ranges
	.byte	23                              @ DW_FORM_sec_offset
	.byte	0                               @ EOM(1)
	.byte	0                               @ EOM(2)
	.byte	2                               @ Abbreviation Code
	.byte	22                              @ DW_TAG_typedef
	.byte	0                               @ DW_CHILDREN_no
	.byte	73                              @ DW_AT_type
	.byte	19                              @ DW_FORM_ref4
	.byte	3                               @ DW_AT_name
	.byte	14                              @ DW_FORM_strp
	.byte	58                              @ DW_AT_decl_file
	.byte	11                              @ DW_FORM_data1
	.byte	59                              @ DW_AT_decl_line
	.byte	11                              @ DW_FORM_data1
	.byte	0                               @ EOM(1)
	.byte	0                               @ EOM(2)
	.byte	3                               @ Abbreviation Code
	.byte	36                              @ DW_TAG_base_type
	.byte	0                               @ DW_CHILDREN_no
	.byte	3                               @ DW_AT_name
	.byte	14                              @ DW_FORM_strp
	.byte	62                              @ DW_AT_encoding
	.byte	11                              @ DW_FORM_data1
	.byte	11                              @ DW_AT_byte_size
	.byte	11                              @ DW_FORM_data1
	.byte	0                               @ EOM(1)
	.byte	0                               @ EOM(2)
	.byte	4                               @ Abbreviation Code
	.byte	15                              @ DW_TAG_pointer_type
	.byte	0                               @ DW_CHILDREN_no
	.byte	73                              @ DW_AT_type
	.byte	19                              @ DW_FORM_ref4
	.byte	0                               @ EOM(1)
	.byte	0                               @ EOM(2)
	.byte	5                               @ Abbreviation Code
	.byte	19                              @ DW_TAG_structure_type
	.byte	1                               @ DW_CHILDREN_yes
	.byte	11                              @ DW_AT_byte_size
	.byte	11                              @ DW_FORM_data1
	.byte	58                              @ DW_AT_decl_file
	.byte	11                              @ DW_FORM_data1
	.byte	59                              @ DW_AT_decl_line
	.byte	11                              @ DW_FORM_data1
	.byte	0                               @ EOM(1)
	.byte	0                               @ EOM(2)
	.byte	6                               @ Abbreviation Code
	.byte	13                              @ DW_TAG_member
	.byte	0                               @ DW_CHILDREN_no
	.byte	3                               @ DW_AT_name
	.byte	14                              @ DW_FORM_strp
	.byte	73                              @ DW_AT_type
	.byte	19                              @ DW_FORM_ref4
	.byte	58                              @ DW_AT_decl_file
	.byte	11                              @ DW_FORM_data1
	.byte	59                              @ DW_AT_decl_line
	.byte	11                              @ DW_FORM_data1
	.byte	56                              @ DW_AT_data_member_location
	.byte	11                              @ DW_FORM_data1
	.byte	0                               @ EOM(1)
	.byte	0                               @ EOM(2)
	.byte	7                               @ Abbreviation Code
	.byte	53                              @ DW_TAG_volatile_type
	.byte	0                               @ DW_CHILDREN_no
	.byte	73                              @ DW_AT_type
	.byte	19                              @ DW_FORM_ref4
	.byte	0                               @ EOM(1)
	.byte	0                               @ EOM(2)
	.byte	8                               @ Abbreviation Code
	.byte	1                               @ DW_TAG_array_type
	.byte	1                               @ DW_CHILDREN_yes
	.byte	73                              @ DW_AT_type
	.byte	19                              @ DW_FORM_ref4
	.byte	0                               @ EOM(1)
	.byte	0                               @ EOM(2)
	.byte	9                               @ Abbreviation Code
	.byte	33                              @ DW_TAG_subrange_type
	.byte	0                               @ DW_CHILDREN_no
	.byte	73                              @ DW_AT_type
	.byte	19                              @ DW_FORM_ref4
	.byte	55                              @ DW_AT_count
	.byte	11                              @ DW_FORM_data1
	.byte	0                               @ EOM(1)
	.byte	0                               @ EOM(2)
	.byte	10                              @ Abbreviation Code
	.byte	38                              @ DW_TAG_const_type
	.byte	0                               @ DW_CHILDREN_no
	.byte	73                              @ DW_AT_type
	.byte	19                              @ DW_FORM_ref4
	.byte	0                               @ EOM(1)
	.byte	0                               @ EOM(2)
	.byte	11                              @ Abbreviation Code
	.byte	36                              @ DW_TAG_base_type
	.byte	0                               @ DW_CHILDREN_no
	.byte	3                               @ DW_AT_name
	.byte	14                              @ DW_FORM_strp
	.byte	11                              @ DW_AT_byte_size
	.byte	11                              @ DW_FORM_data1
	.byte	62                              @ DW_AT_encoding
	.byte	11                              @ DW_FORM_data1
	.byte	0                               @ EOM(1)
	.byte	0                               @ EOM(2)
	.byte	12                              @ Abbreviation Code
	.byte	22                              @ DW_TAG_typedef
	.byte	0                               @ DW_CHILDREN_no
	.byte	73                              @ DW_AT_type
	.byte	19                              @ DW_FORM_ref4
	.byte	3                               @ DW_AT_name
	.byte	14                              @ DW_FORM_strp
	.byte	58                              @ DW_AT_decl_file
	.byte	11                              @ DW_FORM_data1
	.byte	59                              @ DW_AT_decl_line
	.byte	5                               @ DW_FORM_data2
	.byte	0                               @ EOM(1)
	.byte	0                               @ EOM(2)
	.byte	13                              @ Abbreviation Code
	.byte	19                              @ DW_TAG_structure_type
	.byte	1                               @ DW_CHILDREN_yes
	.byte	11                              @ DW_AT_byte_size
	.byte	5                               @ DW_FORM_data2
	.byte	58                              @ DW_AT_decl_file
	.byte	11                              @ DW_FORM_data1
	.byte	59                              @ DW_AT_decl_line
	.byte	11                              @ DW_FORM_data1
	.byte	0                               @ EOM(1)
	.byte	0                               @ EOM(2)
	.byte	14                              @ Abbreviation Code
	.byte	13                              @ DW_TAG_member
	.byte	0                               @ DW_CHILDREN_no
	.byte	3                               @ DW_AT_name
	.byte	14                              @ DW_FORM_strp
	.byte	73                              @ DW_AT_type
	.byte	19                              @ DW_FORM_ref4
	.byte	58                              @ DW_AT_decl_file
	.byte	11                              @ DW_FORM_data1
	.byte	59                              @ DW_AT_decl_line
	.byte	5                               @ DW_FORM_data2
	.byte	56                              @ DW_AT_data_member_location
	.byte	11                              @ DW_FORM_data1
	.byte	0                               @ EOM(1)
	.byte	0                               @ EOM(2)
	.byte	15                              @ Abbreviation Code
	.byte	13                              @ DW_TAG_member
	.byte	0                               @ DW_CHILDREN_no
	.byte	3                               @ DW_AT_name
	.byte	14                              @ DW_FORM_strp
	.byte	73                              @ DW_AT_type
	.byte	19                              @ DW_FORM_ref4
	.byte	58                              @ DW_AT_decl_file
	.byte	11                              @ DW_FORM_data1
	.byte	59                              @ DW_AT_decl_line
	.byte	5                               @ DW_FORM_data2
	.byte	56                              @ DW_AT_data_member_location
	.byte	5                               @ DW_FORM_data2
	.byte	0                               @ EOM(1)
	.byte	0                               @ EOM(2)
	.byte	16                              @ Abbreviation Code
	.byte	46                              @ DW_TAG_subprogram
	.byte	1                               @ DW_CHILDREN_yes
	.byte	17                              @ DW_AT_low_pc
	.byte	1                               @ DW_FORM_addr
	.byte	18                              @ DW_AT_high_pc
	.byte	6                               @ DW_FORM_data4
	.byte	64                              @ DW_AT_frame_base
	.byte	24                              @ DW_FORM_exprloc
	.ascii	"\227B"                         @ DW_AT_GNU_all_call_sites
	.byte	25                              @ DW_FORM_flag_present
	.byte	3                               @ DW_AT_name
	.byte	14                              @ DW_FORM_strp
	.byte	58                              @ DW_AT_decl_file
	.byte	11                              @ DW_FORM_data1
	.byte	59                              @ DW_AT_decl_line
	.byte	11                              @ DW_FORM_data1
	.byte	39                              @ DW_AT_prototyped
	.byte	25                              @ DW_FORM_flag_present
	.byte	63                              @ DW_AT_external
	.byte	25                              @ DW_FORM_flag_present
	.byte	0                               @ EOM(1)
	.byte	0                               @ EOM(2)
	.byte	17                              @ Abbreviation Code
	.byte	5                               @ DW_TAG_formal_parameter
	.byte	0                               @ DW_CHILDREN_no
	.byte	2                               @ DW_AT_location
	.byte	23                              @ DW_FORM_sec_offset
	.byte	3                               @ DW_AT_name
	.byte	14                              @ DW_FORM_strp
	.byte	58                              @ DW_AT_decl_file
	.byte	11                              @ DW_FORM_data1
	.byte	59                              @ DW_AT_decl_line
	.byte	11                              @ DW_FORM_data1
	.byte	73                              @ DW_AT_type
	.byte	19                              @ DW_FORM_ref4
	.byte	0                               @ EOM(1)
	.byte	0                               @ EOM(2)
	.byte	18                              @ Abbreviation Code
	.byte	52                              @ DW_TAG_variable
	.byte	0                               @ DW_CHILDREN_no
	.byte	2                               @ DW_AT_location
	.byte	23                              @ DW_FORM_sec_offset
	.byte	3                               @ DW_AT_name
	.byte	14                              @ DW_FORM_strp
	.byte	58                              @ DW_AT_decl_file
	.byte	11                              @ DW_FORM_data1
	.byte	59                              @ DW_AT_decl_line
	.byte	11                              @ DW_FORM_data1
	.byte	73                              @ DW_AT_type
	.byte	19                              @ DW_FORM_ref4
	.byte	0                               @ EOM(1)
	.byte	0                               @ EOM(2)
	.byte	19                              @ Abbreviation Code
	.byte	52                              @ DW_TAG_variable
	.byte	0                               @ DW_CHILDREN_no
	.byte	3                               @ DW_AT_name
	.byte	14                              @ DW_FORM_strp
	.byte	58                              @ DW_AT_decl_file
	.byte	11                              @ DW_FORM_data1
	.byte	59                              @ DW_AT_decl_line
	.byte	11                              @ DW_FORM_data1
	.byte	73                              @ DW_AT_type
	.byte	19                              @ DW_FORM_ref4
	.byte	0                               @ EOM(1)
	.byte	0                               @ EOM(2)
	.byte	20                              @ Abbreviation Code
	.byte	5                               @ DW_TAG_formal_parameter
	.byte	0                               @ DW_CHILDREN_no
	.byte	2                               @ DW_AT_location
	.byte	24                              @ DW_FORM_exprloc
	.byte	3                               @ DW_AT_name
	.byte	14                              @ DW_FORM_strp
	.byte	58                              @ DW_AT_decl_file
	.byte	11                              @ DW_FORM_data1
	.byte	59                              @ DW_AT_decl_line
	.byte	11                              @ DW_FORM_data1
	.byte	73                              @ DW_AT_type
	.byte	19                              @ DW_FORM_ref4
	.byte	0                               @ EOM(1)
	.byte	0                               @ EOM(2)
	.byte	0                               @ EOM(3)
	.section	.debug_info,"",%progbits
.Lcu_begin0:
	.long	.Ldebug_info_end0-.Ldebug_info_start0 @ Length of Unit
.Ldebug_info_start0:
	.short	4                               @ DWARF version number
	.long	.debug_abbrev                   @ Offset Into Abbrev. Section
	.byte	4                               @ Address Size (in bytes)
	.byte	1                               @ Abbrev [1] 0xb:0x47c DW_TAG_compile_unit
	.long	.Linfo_string0                  @ DW_AT_producer
	.short	29                              @ DW_AT_language
	.long	.Linfo_string1                  @ DW_AT_name
	.long	.Lline_table_start0             @ DW_AT_stmt_list
	.long	.Linfo_string2                  @ DW_AT_comp_dir
	.long	0                               @ DW_AT_low_pc
	.long	.Ldebug_ranges0                 @ DW_AT_ranges
	.byte	2                               @ Abbrev [2] 0x26:0xb DW_TAG_typedef
	.long	49                              @ DW_AT_type
	.long	.Linfo_string4                  @ DW_AT_name
	.byte	1                               @ DW_AT_decl_file
	.byte	64                              @ DW_AT_decl_line
	.byte	3                               @ Abbrev [3] 0x31:0x7 DW_TAG_base_type
	.long	.Linfo_string3                  @ DW_AT_name
	.byte	7                               @ DW_AT_encoding
	.byte	4                               @ DW_AT_byte_size
	.byte	4                               @ Abbrev [4] 0x38:0x5 DW_TAG_pointer_type
	.long	61                              @ DW_AT_type
	.byte	2                               @ Abbrev [2] 0x3d:0xb DW_TAG_typedef
	.long	72                              @ DW_AT_type
	.long	.Linfo_string14                 @ DW_AT_name
	.byte	2                               @ DW_AT_decl_file
	.byte	251                             @ DW_AT_decl_line
	.byte	5                               @ Abbrev [5] 0x48:0x65 DW_TAG_structure_type
	.byte	40                              @ DW_AT_byte_size
	.byte	2                               @ DW_AT_decl_file
	.byte	28                              @ DW_AT_decl_line
	.byte	6                               @ Abbrev [6] 0x4c:0xc DW_TAG_member
	.long	.Linfo_string5                  @ DW_AT_name
	.long	173                             @ DW_AT_type
	.byte	2                               @ DW_AT_decl_file
	.byte	242                             @ DW_AT_decl_line
	.byte	0                               @ DW_AT_data_member_location
	.byte	6                               @ Abbrev [6] 0x58:0xc DW_TAG_member
	.long	.Linfo_string6                  @ DW_AT_name
	.long	173                             @ DW_AT_type
	.byte	2                               @ DW_AT_decl_file
	.byte	243                             @ DW_AT_decl_line
	.byte	4                               @ DW_AT_data_member_location
	.byte	6                               @ Abbrev [6] 0x64:0xc DW_TAG_member
	.long	.Linfo_string7                  @ DW_AT_name
	.long	178                             @ DW_AT_type
	.byte	2                               @ DW_AT_decl_file
	.byte	244                             @ DW_AT_decl_line
	.byte	8                               @ DW_AT_data_member_location
	.byte	6                               @ Abbrev [6] 0x70:0xc DW_TAG_member
	.long	.Linfo_string9                  @ DW_AT_name
	.long	173                             @ DW_AT_type
	.byte	2                               @ DW_AT_decl_file
	.byte	245                             @ DW_AT_decl_line
	.byte	16                              @ DW_AT_data_member_location
	.byte	6                               @ Abbrev [6] 0x7c:0xc DW_TAG_member
	.long	.Linfo_string10                 @ DW_AT_name
	.long	173                             @ DW_AT_type
	.byte	2                               @ DW_AT_decl_file
	.byte	246                             @ DW_AT_decl_line
	.byte	20                              @ DW_AT_data_member_location
	.byte	6                               @ Abbrev [6] 0x88:0xc DW_TAG_member
	.long	.Linfo_string11                 @ DW_AT_name
	.long	178                             @ DW_AT_type
	.byte	2                               @ DW_AT_decl_file
	.byte	247                             @ DW_AT_decl_line
	.byte	24                              @ DW_AT_data_member_location
	.byte	6                               @ Abbrev [6] 0x94:0xc DW_TAG_member
	.long	.Linfo_string12                 @ DW_AT_name
	.long	173                             @ DW_AT_type
	.byte	2                               @ DW_AT_decl_file
	.byte	248                             @ DW_AT_decl_line
	.byte	32                              @ DW_AT_data_member_location
	.byte	6                               @ Abbrev [6] 0xa0:0xc DW_TAG_member
	.long	.Linfo_string13                 @ DW_AT_name
	.long	173                             @ DW_AT_type
	.byte	2                               @ DW_AT_decl_file
	.byte	249                             @ DW_AT_decl_line
	.byte	36                              @ DW_AT_data_member_location
	.byte	0                               @ End Of Children Mark
	.byte	7                               @ Abbrev [7] 0xad:0x5 DW_TAG_volatile_type
	.long	38                              @ DW_AT_type
	.byte	8                               @ Abbrev [8] 0xb2:0xc DW_TAG_array_type
	.long	190                             @ DW_AT_type
	.byte	9                               @ Abbrev [9] 0xb7:0x6 DW_TAG_subrange_type
	.long	195                             @ DW_AT_type
	.byte	2                               @ DW_AT_count
	.byte	0                               @ End Of Children Mark
	.byte	10                              @ Abbrev [10] 0xbe:0x5 DW_TAG_const_type
	.long	173                             @ DW_AT_type
	.byte	11                              @ Abbrev [11] 0xc3:0x7 DW_TAG_base_type
	.long	.Linfo_string8                  @ DW_AT_name
	.byte	8                               @ DW_AT_byte_size
	.byte	7                               @ DW_AT_encoding
	.byte	4                               @ Abbrev [4] 0xca:0x5 DW_TAG_pointer_type
	.long	38                              @ DW_AT_type
	.byte	4                               @ Abbrev [4] 0xcf:0x5 DW_TAG_pointer_type
	.long	212                             @ DW_AT_type
	.byte	12                              @ Abbrev [12] 0xd4:0xc DW_TAG_typedef
	.long	224                             @ DW_AT_type
	.long	.Linfo_string52                 @ DW_AT_name
	.byte	3                               @ DW_AT_decl_file
	.short	466                             @ DW_AT_decl_line
	.byte	13                              @ Abbrev [13] 0xe0:0x20c DW_TAG_structure_type
	.short	448                             @ DW_AT_byte_size
	.byte	3                               @ DW_AT_decl_file
	.byte	28                              @ DW_AT_decl_line
	.byte	14                              @ Abbrev [14] 0xe5:0xd DW_TAG_member
	.long	.Linfo_string15                 @ DW_AT_name
	.long	173                             @ DW_AT_type
	.byte	3                               @ DW_AT_decl_file
	.short	427                             @ DW_AT_decl_line
	.byte	0                               @ DW_AT_data_member_location
	.byte	14                              @ Abbrev [14] 0xf2:0xd DW_TAG_member
	.long	.Linfo_string16                 @ DW_AT_name
	.long	173                             @ DW_AT_type
	.byte	3                               @ DW_AT_decl_file
	.short	428                             @ DW_AT_decl_line
	.byte	4                               @ DW_AT_data_member_location
	.byte	14                              @ Abbrev [14] 0xff:0xd DW_TAG_member
	.long	.Linfo_string17                 @ DW_AT_name
	.long	173                             @ DW_AT_type
	.byte	3                               @ DW_AT_decl_file
	.short	429                             @ DW_AT_decl_line
	.byte	8                               @ DW_AT_data_member_location
	.byte	14                              @ Abbrev [14] 0x10c:0xd DW_TAG_member
	.long	.Linfo_string18                 @ DW_AT_name
	.long	173                             @ DW_AT_type
	.byte	3                               @ DW_AT_decl_file
	.short	430                             @ DW_AT_decl_line
	.byte	12                              @ DW_AT_data_member_location
	.byte	14                              @ Abbrev [14] 0x119:0xd DW_TAG_member
	.long	.Linfo_string19                 @ DW_AT_name
	.long	173                             @ DW_AT_type
	.byte	3                               @ DW_AT_decl_file
	.short	431                             @ DW_AT_decl_line
	.byte	16                              @ DW_AT_data_member_location
	.byte	14                              @ Abbrev [14] 0x126:0xd DW_TAG_member
	.long	.Linfo_string7                  @ DW_AT_name
	.long	748                             @ DW_AT_type
	.byte	3                               @ DW_AT_decl_file
	.short	432                             @ DW_AT_decl_line
	.byte	20                              @ DW_AT_data_member_location
	.byte	14                              @ Abbrev [14] 0x133:0xd DW_TAG_member
	.long	.Linfo_string20                 @ DW_AT_name
	.long	173                             @ DW_AT_type
	.byte	3                               @ DW_AT_decl_file
	.short	433                             @ DW_AT_decl_line
	.byte	32                              @ DW_AT_data_member_location
	.byte	14                              @ Abbrev [14] 0x140:0xd DW_TAG_member
	.long	.Linfo_string21                 @ DW_AT_name
	.long	173                             @ DW_AT_type
	.byte	3                               @ DW_AT_decl_file
	.short	434                             @ DW_AT_decl_line
	.byte	36                              @ DW_AT_data_member_location
	.byte	14                              @ Abbrev [14] 0x14d:0xd DW_TAG_member
	.long	.Linfo_string22                 @ DW_AT_name
	.long	173                             @ DW_AT_type
	.byte	3                               @ DW_AT_decl_file
	.short	435                             @ DW_AT_decl_line
	.byte	40                              @ DW_AT_data_member_location
	.byte	14                              @ Abbrev [14] 0x15a:0xd DW_TAG_member
	.long	.Linfo_string23                 @ DW_AT_name
	.long	173                             @ DW_AT_type
	.byte	3                               @ DW_AT_decl_file
	.short	436                             @ DW_AT_decl_line
	.byte	44                              @ DW_AT_data_member_location
	.byte	14                              @ Abbrev [14] 0x167:0xd DW_TAG_member
	.long	.Linfo_string24                 @ DW_AT_name
	.long	173                             @ DW_AT_type
	.byte	3                               @ DW_AT_decl_file
	.short	437                             @ DW_AT_decl_line
	.byte	48                              @ DW_AT_data_member_location
	.byte	14                              @ Abbrev [14] 0x174:0xd DW_TAG_member
	.long	.Linfo_string25                 @ DW_AT_name
	.long	173                             @ DW_AT_type
	.byte	3                               @ DW_AT_decl_file
	.short	438                             @ DW_AT_decl_line
	.byte	52                              @ DW_AT_data_member_location
	.byte	14                              @ Abbrev [14] 0x181:0xd DW_TAG_member
	.long	.Linfo_string11                 @ DW_AT_name
	.long	760                             @ DW_AT_type
	.byte	3                               @ DW_AT_decl_file
	.short	439                             @ DW_AT_decl_line
	.byte	56                              @ DW_AT_data_member_location
	.byte	14                              @ Abbrev [14] 0x18e:0xd DW_TAG_member
	.long	.Linfo_string26                 @ DW_AT_name
	.long	173                             @ DW_AT_type
	.byte	3                               @ DW_AT_decl_file
	.short	440                             @ DW_AT_decl_line
	.byte	60                              @ DW_AT_data_member_location
	.byte	14                              @ Abbrev [14] 0x19b:0xd DW_TAG_member
	.long	.Linfo_string27                 @ DW_AT_name
	.long	173                             @ DW_AT_type
	.byte	3                               @ DW_AT_decl_file
	.short	441                             @ DW_AT_decl_line
	.byte	64                              @ DW_AT_data_member_location
	.byte	14                              @ Abbrev [14] 0x1a8:0xd DW_TAG_member
	.long	.Linfo_string28                 @ DW_AT_name
	.long	173                             @ DW_AT_type
	.byte	3                               @ DW_AT_decl_file
	.short	442                             @ DW_AT_decl_line
	.byte	68                              @ DW_AT_data_member_location
	.byte	14                              @ Abbrev [14] 0x1b5:0xd DW_TAG_member
	.long	.Linfo_string29                 @ DW_AT_name
	.long	173                             @ DW_AT_type
	.byte	3                               @ DW_AT_decl_file
	.short	443                             @ DW_AT_decl_line
	.byte	72                              @ DW_AT_data_member_location
	.byte	14                              @ Abbrev [14] 0x1c2:0xd DW_TAG_member
	.long	.Linfo_string30                 @ DW_AT_name
	.long	173                             @ DW_AT_type
	.byte	3                               @ DW_AT_decl_file
	.short	444                             @ DW_AT_decl_line
	.byte	76                              @ DW_AT_data_member_location
	.byte	14                              @ Abbrev [14] 0x1cf:0xd DW_TAG_member
	.long	.Linfo_string31                 @ DW_AT_name
	.long	190                             @ DW_AT_type
	.byte	3                               @ DW_AT_decl_file
	.short	445                             @ DW_AT_decl_line
	.byte	80                              @ DW_AT_data_member_location
	.byte	14                              @ Abbrev [14] 0x1dc:0xd DW_TAG_member
	.long	.Linfo_string32                 @ DW_AT_name
	.long	190                             @ DW_AT_type
	.byte	3                               @ DW_AT_decl_file
	.short	446                             @ DW_AT_decl_line
	.byte	84                              @ DW_AT_data_member_location
	.byte	14                              @ Abbrev [14] 0x1e9:0xd DW_TAG_member
	.long	.Linfo_string33                 @ DW_AT_name
	.long	190                             @ DW_AT_type
	.byte	3                               @ DW_AT_decl_file
	.short	447                             @ DW_AT_decl_line
	.byte	88                              @ DW_AT_data_member_location
	.byte	14                              @ Abbrev [14] 0x1f6:0xd DW_TAG_member
	.long	.Linfo_string34                 @ DW_AT_name
	.long	190                             @ DW_AT_type
	.byte	3                               @ DW_AT_decl_file
	.short	448                             @ DW_AT_decl_line
	.byte	92                              @ DW_AT_data_member_location
	.byte	14                              @ Abbrev [14] 0x203:0xd DW_TAG_member
	.long	.Linfo_string35                 @ DW_AT_name
	.long	173                             @ DW_AT_type
	.byte	3                               @ DW_AT_decl_file
	.short	449                             @ DW_AT_decl_line
	.byte	96                              @ DW_AT_data_member_location
	.byte	14                              @ Abbrev [14] 0x210:0xd DW_TAG_member
	.long	.Linfo_string36                 @ DW_AT_name
	.long	772                             @ DW_AT_type
	.byte	3                               @ DW_AT_decl_file
	.short	450                             @ DW_AT_decl_line
	.byte	100                             @ DW_AT_data_member_location
	.byte	14                              @ Abbrev [14] 0x21d:0xd DW_TAG_member
	.long	.Linfo_string37                 @ DW_AT_name
	.long	173                             @ DW_AT_type
	.byte	3                               @ DW_AT_decl_file
	.short	451                             @ DW_AT_decl_line
	.byte	128                             @ DW_AT_data_member_location
	.byte	14                              @ Abbrev [14] 0x22a:0xd DW_TAG_member
	.long	.Linfo_string38                 @ DW_AT_name
	.long	173                             @ DW_AT_type
	.byte	3                               @ DW_AT_decl_file
	.short	452                             @ DW_AT_decl_line
	.byte	132                             @ DW_AT_data_member_location
	.byte	14                              @ Abbrev [14] 0x237:0xd DW_TAG_member
	.long	.Linfo_string39                 @ DW_AT_name
	.long	173                             @ DW_AT_type
	.byte	3                               @ DW_AT_decl_file
	.short	453                             @ DW_AT_decl_line
	.byte	136                             @ DW_AT_data_member_location
	.byte	14                              @ Abbrev [14] 0x244:0xd DW_TAG_member
	.long	.Linfo_string40                 @ DW_AT_name
	.long	784                             @ DW_AT_type
	.byte	3                               @ DW_AT_decl_file
	.short	454                             @ DW_AT_decl_line
	.byte	140                             @ DW_AT_data_member_location
	.byte	15                              @ Abbrev [15] 0x251:0xe DW_TAG_member
	.long	.Linfo_string41                 @ DW_AT_name
	.long	173                             @ DW_AT_type
	.byte	3                               @ DW_AT_decl_file
	.short	455                             @ DW_AT_decl_line
	.short	256                             @ DW_AT_data_member_location
	.byte	15                              @ Abbrev [15] 0x25f:0xe DW_TAG_member
	.long	.Linfo_string42                 @ DW_AT_name
	.long	173                             @ DW_AT_type
	.byte	3                               @ DW_AT_decl_file
	.short	456                             @ DW_AT_decl_line
	.short	260                             @ DW_AT_data_member_location
	.byte	15                              @ Abbrev [15] 0x26d:0xe DW_TAG_member
	.long	.Linfo_string43                 @ DW_AT_name
	.long	178                             @ DW_AT_type
	.byte	3                               @ DW_AT_decl_file
	.short	457                             @ DW_AT_decl_line
	.short	264                             @ DW_AT_data_member_location
	.byte	15                              @ Abbrev [15] 0x27b:0xe DW_TAG_member
	.long	.Linfo_string44                 @ DW_AT_name
	.long	173                             @ DW_AT_type
	.byte	3                               @ DW_AT_decl_file
	.short	458                             @ DW_AT_decl_line
	.short	272                             @ DW_AT_data_member_location
	.byte	15                              @ Abbrev [15] 0x289:0xe DW_TAG_member
	.long	.Linfo_string45                 @ DW_AT_name
	.long	190                             @ DW_AT_type
	.byte	3                               @ DW_AT_decl_file
	.short	459                             @ DW_AT_decl_line
	.short	276                             @ DW_AT_data_member_location
	.byte	15                              @ Abbrev [15] 0x297:0xe DW_TAG_member
	.long	.Linfo_string46                 @ DW_AT_name
	.long	178                             @ DW_AT_type
	.byte	3                               @ DW_AT_decl_file
	.short	460                             @ DW_AT_decl_line
	.short	280                             @ DW_AT_data_member_location
	.byte	15                              @ Abbrev [15] 0x2a5:0xe DW_TAG_member
	.long	.Linfo_string47                 @ DW_AT_name
	.long	173                             @ DW_AT_type
	.byte	3                               @ DW_AT_decl_file
	.short	461                             @ DW_AT_decl_line
	.short	288                             @ DW_AT_data_member_location
	.byte	15                              @ Abbrev [15] 0x2b3:0xe DW_TAG_member
	.long	.Linfo_string48                 @ DW_AT_name
	.long	190                             @ DW_AT_type
	.byte	3                               @ DW_AT_decl_file
	.short	462                             @ DW_AT_decl_line
	.short	292                             @ DW_AT_data_member_location
	.byte	15                              @ Abbrev [15] 0x2c1:0xe DW_TAG_member
	.long	.Linfo_string49                 @ DW_AT_name
	.long	796                             @ DW_AT_type
	.byte	3                               @ DW_AT_decl_file
	.short	463                             @ DW_AT_decl_line
	.short	296                             @ DW_AT_data_member_location
	.byte	15                              @ Abbrev [15] 0x2cf:0xe DW_TAG_member
	.long	.Linfo_string50                 @ DW_AT_name
	.long	808                             @ DW_AT_type
	.byte	3                               @ DW_AT_decl_file
	.short	464                             @ DW_AT_decl_line
	.short	320                             @ DW_AT_data_member_location
	.byte	15                              @ Abbrev [15] 0x2dd:0xe DW_TAG_member
	.long	.Linfo_string51                 @ DW_AT_name
	.long	820                             @ DW_AT_type
	.byte	3                               @ DW_AT_decl_file
	.short	465                             @ DW_AT_decl_line
	.short	384                             @ DW_AT_data_member_location
	.byte	0                               @ End Of Children Mark
	.byte	8                               @ Abbrev [8] 0x2ec:0xc DW_TAG_array_type
	.long	190                             @ DW_AT_type
	.byte	9                               @ Abbrev [9] 0x2f1:0x6 DW_TAG_subrange_type
	.long	195                             @ DW_AT_type
	.byte	3                               @ DW_AT_count
	.byte	0                               @ End Of Children Mark
	.byte	8                               @ Abbrev [8] 0x2f8:0xc DW_TAG_array_type
	.long	190                             @ DW_AT_type
	.byte	9                               @ Abbrev [9] 0x2fd:0x6 DW_TAG_subrange_type
	.long	195                             @ DW_AT_type
	.byte	1                               @ DW_AT_count
	.byte	0                               @ End Of Children Mark
	.byte	8                               @ Abbrev [8] 0x304:0xc DW_TAG_array_type
	.long	190                             @ DW_AT_type
	.byte	9                               @ Abbrev [9] 0x309:0x6 DW_TAG_subrange_type
	.long	195                             @ DW_AT_type
	.byte	7                               @ DW_AT_count
	.byte	0                               @ End Of Children Mark
	.byte	8                               @ Abbrev [8] 0x310:0xc DW_TAG_array_type
	.long	190                             @ DW_AT_type
	.byte	9                               @ Abbrev [9] 0x315:0x6 DW_TAG_subrange_type
	.long	195                             @ DW_AT_type
	.byte	29                              @ DW_AT_count
	.byte	0                               @ End Of Children Mark
	.byte	8                               @ Abbrev [8] 0x31c:0xc DW_TAG_array_type
	.long	190                             @ DW_AT_type
	.byte	9                               @ Abbrev [9] 0x321:0x6 DW_TAG_subrange_type
	.long	195                             @ DW_AT_type
	.byte	6                               @ DW_AT_count
	.byte	0                               @ End Of Children Mark
	.byte	8                               @ Abbrev [8] 0x328:0xc DW_TAG_array_type
	.long	173                             @ DW_AT_type
	.byte	9                               @ Abbrev [9] 0x32d:0x6 DW_TAG_subrange_type
	.long	195                             @ DW_AT_type
	.byte	16                              @ DW_AT_count
	.byte	0                               @ End Of Children Mark
	.byte	8                               @ Abbrev [8] 0x334:0xc DW_TAG_array_type
	.long	190                             @ DW_AT_type
	.byte	9                               @ Abbrev [9] 0x339:0x6 DW_TAG_subrange_type
	.long	195                             @ DW_AT_type
	.byte	16                              @ DW_AT_count
	.byte	0                               @ End Of Children Mark
	.byte	16                              @ Abbrev [16] 0x340:0x91 DW_TAG_subprogram
	.long	.Lfunc_begin0                   @ DW_AT_low_pc
	.long	.Lfunc_end0-.Lfunc_begin0       @ DW_AT_high_pc
	.byte	1                               @ DW_AT_frame_base
	.byte	93
                                        @ DW_AT_GNU_all_call_sites
	.long	.Linfo_string53                 @ DW_AT_name
	.byte	4                               @ DW_AT_decl_file
	.byte	56                              @ DW_AT_decl_line
                                        @ DW_AT_prototyped
                                        @ DW_AT_external
	.byte	17                              @ Abbrev [17] 0x351:0xf DW_TAG_formal_parameter
	.long	.Ldebug_loc0                    @ DW_AT_location
	.long	.Linfo_string56                 @ DW_AT_name
	.byte	4                               @ DW_AT_decl_file
	.byte	56                              @ DW_AT_decl_line
	.long	38                              @ DW_AT_type
	.byte	17                              @ Abbrev [17] 0x360:0xf DW_TAG_formal_parameter
	.long	.Ldebug_loc1                    @ DW_AT_location
	.long	.Linfo_string57                 @ DW_AT_name
	.byte	4                               @ DW_AT_decl_file
	.byte	56                              @ DW_AT_decl_line
	.long	38                              @ DW_AT_type
	.byte	17                              @ Abbrev [17] 0x36f:0xf DW_TAG_formal_parameter
	.long	.Ldebug_loc2                    @ DW_AT_location
	.long	.Linfo_string58                 @ DW_AT_name
	.byte	4                               @ DW_AT_decl_file
	.byte	56                              @ DW_AT_decl_line
	.long	38                              @ DW_AT_type
	.byte	17                              @ Abbrev [17] 0x37e:0xf DW_TAG_formal_parameter
	.long	.Ldebug_loc3                    @ DW_AT_location
	.long	.Linfo_string59                 @ DW_AT_name
	.byte	4                               @ DW_AT_decl_file
	.byte	56                              @ DW_AT_decl_line
	.long	38                              @ DW_AT_type
	.byte	17                              @ Abbrev [17] 0x38d:0xf DW_TAG_formal_parameter
	.long	.Ldebug_loc4                    @ DW_AT_location
	.long	.Linfo_string60                 @ DW_AT_name
	.byte	4                               @ DW_AT_decl_file
	.byte	56                              @ DW_AT_decl_line
	.long	38                              @ DW_AT_type
	.byte	18                              @ Abbrev [18] 0x39c:0xf DW_TAG_variable
	.long	.Ldebug_loc5                    @ DW_AT_location
	.long	.Linfo_string61                 @ DW_AT_name
	.byte	4                               @ DW_AT_decl_file
	.byte	60                              @ DW_AT_decl_line
	.long	1153                            @ DW_AT_type
	.byte	18                              @ Abbrev [18] 0x3ab:0xf DW_TAG_variable
	.long	.Ldebug_loc6                    @ DW_AT_location
	.long	.Linfo_string62                 @ DW_AT_name
	.byte	4                               @ DW_AT_decl_file
	.byte	58                              @ DW_AT_decl_line
	.long	38                              @ DW_AT_type
	.byte	19                              @ Abbrev [19] 0x3ba:0xb DW_TAG_variable
	.long	.Linfo_string63                 @ DW_AT_name
	.byte	4                               @ DW_AT_decl_file
	.byte	59                              @ DW_AT_decl_line
	.long	38                              @ DW_AT_type
	.byte	19                              @ Abbrev [19] 0x3c5:0xb DW_TAG_variable
	.long	.Linfo_string64                 @ DW_AT_name
	.byte	4                               @ DW_AT_decl_file
	.byte	61                              @ DW_AT_decl_line
	.long	1153                            @ DW_AT_type
	.byte	0                               @ End Of Children Mark
	.byte	16                              @ Abbrev [16] 0x3d1:0x3f DW_TAG_subprogram
	.long	.Lfunc_begin1                   @ DW_AT_low_pc
	.long	.Lfunc_end1-.Lfunc_begin1       @ DW_AT_high_pc
	.byte	1                               @ DW_AT_frame_base
	.byte	93
                                        @ DW_AT_GNU_all_call_sites
	.long	.Linfo_string54                 @ DW_AT_name
	.byte	4                               @ DW_AT_decl_file
	.byte	148                             @ DW_AT_decl_line
                                        @ DW_AT_prototyped
                                        @ DW_AT_external
	.byte	17                              @ Abbrev [17] 0x3e2:0xf DW_TAG_formal_parameter
	.long	.Ldebug_loc7                    @ DW_AT_location
	.long	.Linfo_string56                 @ DW_AT_name
	.byte	4                               @ DW_AT_decl_file
	.byte	148                             @ DW_AT_decl_line
	.long	38                              @ DW_AT_type
	.byte	18                              @ Abbrev [18] 0x3f1:0xf DW_TAG_variable
	.long	.Ldebug_loc8                    @ DW_AT_location
	.long	.Linfo_string61                 @ DW_AT_name
	.byte	4                               @ DW_AT_decl_file
	.byte	151                             @ DW_AT_decl_line
	.long	1153                            @ DW_AT_type
	.byte	18                              @ Abbrev [18] 0x400:0xf DW_TAG_variable
	.long	.Ldebug_loc9                    @ DW_AT_location
	.long	.Linfo_string65                 @ DW_AT_name
	.byte	4                               @ DW_AT_decl_file
	.byte	150                             @ DW_AT_decl_line
	.long	38                              @ DW_AT_type
	.byte	0                               @ End Of Children Mark
	.byte	16                              @ Abbrev [16] 0x410:0x71 DW_TAG_subprogram
	.long	.Lfunc_begin2                   @ DW_AT_low_pc
	.long	.Lfunc_end2-.Lfunc_begin2       @ DW_AT_high_pc
	.byte	1                               @ DW_AT_frame_base
	.byte	93
                                        @ DW_AT_GNU_all_call_sites
	.long	.Linfo_string55                 @ DW_AT_name
	.byte	4                               @ DW_AT_decl_file
	.byte	178                             @ DW_AT_decl_line
                                        @ DW_AT_prototyped
                                        @ DW_AT_external
	.byte	17                              @ Abbrev [17] 0x421:0xf DW_TAG_formal_parameter
	.long	.Ldebug_loc10                   @ DW_AT_location
	.long	.Linfo_string56                 @ DW_AT_name
	.byte	4                               @ DW_AT_decl_file
	.byte	178                             @ DW_AT_decl_line
	.long	38                              @ DW_AT_type
	.byte	20                              @ Abbrev [20] 0x430:0xd DW_TAG_formal_parameter
	.byte	1                               @ DW_AT_location
	.byte	81
	.long	.Linfo_string66                 @ DW_AT_name
	.byte	4                               @ DW_AT_decl_file
	.byte	178                             @ DW_AT_decl_line
	.long	38                              @ DW_AT_type
	.byte	17                              @ Abbrev [17] 0x43d:0xf DW_TAG_formal_parameter
	.long	.Ldebug_loc11                   @ DW_AT_location
	.long	.Linfo_string67                 @ DW_AT_name
	.byte	4                               @ DW_AT_decl_file
	.byte	178                             @ DW_AT_decl_line
	.long	38                              @ DW_AT_type
	.byte	18                              @ Abbrev [18] 0x44c:0xf DW_TAG_variable
	.long	.Ldebug_loc12                   @ DW_AT_location
	.long	.Linfo_string61                 @ DW_AT_name
	.byte	4                               @ DW_AT_decl_file
	.byte	182                             @ DW_AT_decl_line
	.long	1153                            @ DW_AT_type
	.byte	18                              @ Abbrev [18] 0x45b:0xf DW_TAG_variable
	.long	.Ldebug_loc13                   @ DW_AT_location
	.long	.Linfo_string62                 @ DW_AT_name
	.byte	4                               @ DW_AT_decl_file
	.byte	180                             @ DW_AT_decl_line
	.long	38                              @ DW_AT_type
	.byte	19                              @ Abbrev [19] 0x46a:0xb DW_TAG_variable
	.long	.Linfo_string63                 @ DW_AT_name
	.byte	4                               @ DW_AT_decl_file
	.byte	181                             @ DW_AT_decl_line
	.long	38                              @ DW_AT_type
	.byte	19                              @ Abbrev [19] 0x475:0xb DW_TAG_variable
	.long	.Linfo_string64                 @ DW_AT_name
	.byte	4                               @ DW_AT_decl_file
	.byte	183                             @ DW_AT_decl_line
	.long	1153                            @ DW_AT_type
	.byte	0                               @ End Of Children Mark
	.byte	4                               @ Abbrev [4] 0x481:0x5 DW_TAG_pointer_type
	.long	173                             @ DW_AT_type
	.byte	0                               @ End Of Children Mark
.Ldebug_info_end0:
	.section	.debug_ranges,"",%progbits
.Ldebug_ranges0:
	.long	.Lfunc_begin0
	.long	.Lfunc_end0
	.long	.Lfunc_begin1
	.long	.Lfunc_end1
	.long	.Lfunc_begin2
	.long	.Lfunc_end2
	.long	0
	.long	0
	.section	.debug_str,"MS",%progbits,1
.Linfo_string0:
	.asciz	"Component: Arm Compiler for Embedded 6.24 Tool: armclang [5f371800]" @ string offset=0
.Linfo_string1:
	.asciz	"../../../../Library/StdDriver/src\\ebi.c" @ string offset=68
.Linfo_string2:
	.asciz	"D:\\GitHub\\ML_M55M1_SampleCode\\M55M1BSP-3.01.002\\SampleCode\\NuEdgeWise\\PoseLandmark_YOLOv8n\\KEIL" @ string offset=108
.Linfo_string3:
	.asciz	"unsigned int"                  @ string offset=204
.Linfo_string4:
	.asciz	"uint32_t"                      @ string offset=217
.Linfo_string5:
	.asciz	"CTL0"                          @ string offset=226
.Linfo_string6:
	.asciz	"TCTL0"                         @ string offset=231
.Linfo_string7:
	.asciz	"RESERVE0"                      @ string offset=237
.Linfo_string8:
	.asciz	"__ARRAY_SIZE_TYPE__"           @ string offset=246
.Linfo_string9:
	.asciz	"CTL1"                          @ string offset=266
.Linfo_string10:
	.asciz	"TCTL1"                         @ string offset=271
.Linfo_string11:
	.asciz	"RESERVE1"                      @ string offset=277
.Linfo_string12:
	.asciz	"CTL2"                          @ string offset=286
.Linfo_string13:
	.asciz	"TCTL2"                         @ string offset=291
.Linfo_string14:
	.asciz	"EBI_T"                         @ string offset=297
.Linfo_string15:
	.asciz	"CTL"                           @ string offset=303
.Linfo_string16:
	.asciz	"PAR"                           @ string offset=307
.Linfo_string17:
	.asciz	"INTEN"                         @ string offset=311
.Linfo_string18:
	.asciz	"INTSTS"                        @ string offset=317
.Linfo_string19:
	.asciz	"PARM"                          @ string offset=324
.Linfo_string20:
	.asciz	"CWSP"                          @ string offset=329
.Linfo_string21:
	.asciz	"CWS"                           @ string offset=334
.Linfo_string22:
	.asciz	"PKTSL"                         @ string offset=338
.Linfo_string23:
	.asciz	"PLNSL"                         @ string offset=344
.Linfo_string24:
	.asciz	"FRCTL"                         @ string offset=350
.Linfo_string25:
	.asciz	"STRIDE"                        @ string offset=356
.Linfo_string26:
	.asciz	"FIFOTH"                        @ string offset=363
.Linfo_string27:
	.asciz	"CMPADDR"                       @ string offset=370
.Linfo_string28:
	.asciz	"LUMA_Y1_THD"                   @ string offset=378
.Linfo_string29:
	.asciz	"PKTSM"                         @ string offset=390
.Linfo_string30:
	.asciz	"PLNSM"                         @ string offset=396
.Linfo_string31:
	.asciz	"CURADDRP"                      @ string offset=402
.Linfo_string32:
	.asciz	"CURADDRY"                      @ string offset=411
.Linfo_string33:
	.asciz	"CURADDRU"                      @ string offset=420
.Linfo_string34:
	.asciz	"CURADDRV"                      @ string offset=429
.Linfo_string35:
	.asciz	"PKTBA0"                        @ string offset=438
.Linfo_string36:
	.asciz	"RESERVE2"                      @ string offset=445
.Linfo_string37:
	.asciz	"YBA"                           @ string offset=454
.Linfo_string38:
	.asciz	"UBA"                           @ string offset=458
.Linfo_string39:
	.asciz	"VBA"                           @ string offset=462
.Linfo_string40:
	.asciz	"RESERVE3"                      @ string offset=466
.Linfo_string41:
	.asciz	"MDCTL"                         @ string offset=475
.Linfo_string42:
	.asciz	"MDTRG_WK"                      @ string offset=481
.Linfo_string43:
	.asciz	"RESERVE4"                      @ string offset=490
.Linfo_string44:
	.asciz	"MDTTH"                         @ string offset=499
.Linfo_string45:
	.asciz	"MDTSAD"                        @ string offset=505
.Linfo_string46:
	.asciz	"RESERVE5"                      @ string offset=512
.Linfo_string47:
	.asciz	"MDWOCTH"                       @ string offset=521
.Linfo_string48:
	.asciz	"MDWOC"                         @ string offset=529
.Linfo_string49:
	.asciz	"RESERVE6"                      @ string offset=535
.Linfo_string50:
	.asciz	"MDWTH"                         @ string offset=544
.Linfo_string51:
	.asciz	"MDWSAD"                        @ string offset=550
.Linfo_string52:
	.asciz	"CCAP_T"                        @ string offset=557
.Linfo_string53:
	.asciz	"EBI_Open"                      @ string offset=564
.Linfo_string54:
	.asciz	"EBI_Close"                     @ string offset=573
.Linfo_string55:
	.asciz	"EBI_SetBusTiming"              @ string offset=583
.Linfo_string56:
	.asciz	"u32Bank"                       @ string offset=600
.Linfo_string57:
	.asciz	"u32DataWidth"                  @ string offset=608
.Linfo_string58:
	.asciz	"u32TimingClass"                @ string offset=621
.Linfo_string59:
	.asciz	"u32BusMode"                    @ string offset=636
.Linfo_string60:
	.asciz	"u32CSActiveLevel"              @ string offset=647
.Linfo_string61:
	.asciz	"pu32EBICTL"                    @ string offset=664
.Linfo_string62:
	.asciz	"u32Index0"                     @ string offset=675
.Linfo_string63:
	.asciz	"u32Index1"                     @ string offset=685
.Linfo_string64:
	.asciz	"pu32EBITCTL"                   @ string offset=695
.Linfo_string65:
	.asciz	"u32Index"                      @ string offset=707
.Linfo_string66:
	.asciz	"u32TimingConfig"               @ string offset=716
.Linfo_string67:
	.asciz	"u32MclkDiv"                    @ string offset=732
	.ident	"Component: Arm Compiler for Embedded 6.24 Tool: armclang [5f371800]"
	.section	".note.GNU-stack","",%progbits
	.eabi_attribute	30, 1	@ Tag_ABI_optimization_goals
	.ARM_attribute	16, 1	@ Tag_AV_eba
	.section	.debug_line,"",%progbits
.Lline_table_start0:
