	.text
	.syntax unified
	.eabi_attribute	67, "2.09"	@ Tag_conformance
	.cpu	cortex-m55
	.eabi_attribute	6, 21	@ Tag_CPU_arch
	.eabi_attribute	7, 77	@ Tag_CPU_arch_profile
	.eabi_attribute	8, 0	@ Tag_ARM_ISA_use
	.eabi_attribute	9, 3	@ Tag_THUMB_ISA_use
	.fpu	fpv5-d16
	.arch_extension	mve.fp
	.eabi_attribute	36, 1	@ Tag_FP_HP_extension
	.eabi_attribute	48, 2	@ Tag_MVE_arch
	.eabi_attribute	46, 1	@ Tag_DSP_extension
	.eabi_attribute	34, 1	@ Tag_CPU_unaligned_access
	.eabi_attribute	17, 1	@ Tag_ABI_PCS_GOT_use
	.eabi_attribute	20, 2	@ Tag_ABI_FP_denormal
	.eabi_attribute	21, 0	@ Tag_ABI_FP_exceptions
	.eabi_attribute	23, 1	@ Tag_ABI_FP_number_model
	.eabi_attribute	24, 1	@ Tag_ABI_align_needed
	.eabi_attribute	25, 1	@ Tag_ABI_align_preserved
	.eabi_attribute	28, 1	@ Tag_ABI_VFP_args
	.eabi_attribute	38, 1	@ Tag_ABI_FP_16bit_format
	.eabi_attribute	18, 2	@ Tag_ABI_PCS_wchar_t
	.eabi_attribute	26, 1	@ Tag_ABI_enum_size
	.eabi_attribute	14, 0	@ Tag_ABI_PCS_R9_use
	.file	"InputFiles.cpp"
	.file	1 "C:\\ML\\ML_M55M1_SampleCode-master 2\\ML_M55M1_SampleCode-master\\M55M1BSP-3.01.003\\SampleCode\\NuEdgeWise\\ObjectDetection_YOLOv8n\\KEIL" "../Pattern/InputFiles.cpp"
	.file	2 "C:\\Users\\yuxia\\AppData\\Local\\Keil_v5\\ARM\\ARMCLANG\\bin\\..\\include" "stdint.h"
	.section	.text._Z12get_filenamej,"ax",%progbits
	.hidden	_Z12get_filenamej               @ -- Begin function _Z12get_filenamej
	.globl	_Z12get_filenamej
	.p2align	2
	.type	_Z12get_filenamej,%function
	.code	16                              @ @_Z12get_filenamej
	.thumb_func
_Z12get_filenamej:
.Lfunc_begin0:
	.fnstart
	.cfi_sections .debug_frame
	.cfi_startproc
@ %bb.0:
	@DEBUG_VALUE: get_filename:idx <- $r0
	.loc	1 39 9 prologue_end             @ ../Pattern/InputFiles.cpp:39:9
	cmp	r0, #1
	itee	hi
	movhi	r0, #0
.Ltmp0:
	@DEBUG_VALUE: get_filename:idx <- [DW_OP_LLVM_entry_value 1] $r0
	.loc	1 41 16                         @ ../Pattern/InputFiles.cpp:41:16
	adrls	r1, .LCPI0_0
	ldrls.w	r0, [r1, r0, lsl #2]
.Ltmp1:
	.loc	1 45 1                          @ ../Pattern/InputFiles.cpp:45:1
	bx	lr
.Ltmp2:
	.p2align	2
@ %bb.1:
	.loc	1 0 1 is_stmt 0                 @ ../Pattern/InputFiles.cpp:0:1
.LCPI0_0:
_ZL13img_filenames:
	.long	.L.str
	.long	.L.str.1
.Lfunc_end0:
	.size	_Z12get_filenamej, .Lfunc_end0-_Z12get_filenamej
	.cfi_endproc
	.cantunwind
	.fnend
                                        @ -- End function
	.section	.text._Z13get_img_arrayj,"ax",%progbits
	.hidden	_Z13get_img_arrayj              @ -- Begin function _Z13get_img_arrayj
	.globl	_Z13get_img_arrayj
	.p2align	2
	.type	_Z13get_img_arrayj,%function
	.code	16                              @ @_Z13get_img_arrayj
	.thumb_func
_Z13get_img_arrayj:
.Lfunc_begin1:
	.fnstart
	.cfi_startproc
@ %bb.0:
	@DEBUG_VALUE: get_img_array:idx <- $r0
	.loc	1 50 9 prologue_end is_stmt 1   @ ../Pattern/InputFiles.cpp:50:9
	cmp	r0, #1
	itee	hi
	movhi	r0, #0
.Ltmp3:
	@DEBUG_VALUE: get_img_array:idx <- [DW_OP_LLVM_entry_value 1] $r0
	.loc	1 52 16                         @ ../Pattern/InputFiles.cpp:52:16
	adrls	r1, .LCPI1_0
	ldrls.w	r0, [r1, r0, lsl #2]
.Ltmp4:
	.loc	1 56 1                          @ ../Pattern/InputFiles.cpp:56:1
	bx	lr
.Ltmp5:
	.p2align	2
@ %bb.1:
	.loc	1 0 1 is_stmt 0                 @ ../Pattern/InputFiles.cpp:0:1
.LCPI1_0:
_ZL10img_arrays:
	.long	im0
	.long	im1
.Lfunc_end1:
	.size	_Z13get_img_arrayj, .Lfunc_end1-_Z13get_img_arrayj
	.cfi_endproc
	.cantunwind
	.fnend
                                        @ -- End function
	.type	.L.str,%object                  @ @.str
	.section	.rodata.str1.1,"aMS",%progbits,1
.L.str:
	.asciz	"car.jpg"
	.size	.L.str, 8

	.type	.L.str.1,%object                @ @.str.1
.L.str.1:
	.asciz	"dinner.jpg"
	.size	.L.str.1, 11

	.file	3 "C:\\Users\\yuxia\\AppData\\Local\\Keil_v5\\ARM\\ARMCLANG\\bin\\..\\include\\libcxx" "cstdint"
	.section	.debug_loc,"",%progbits
.Ldebug_loc0:
	.long	-1
	.long	.Lfunc_begin0                   @   base address
	.long	.Lfunc_begin0-.Lfunc_begin0
	.long	.Ltmp0-.Lfunc_begin0
	.short	1                               @ Loc expr size
	.byte	80                              @ DW_OP_reg0
	.long	.Ltmp0-.Lfunc_begin0
	.long	.Ltmp2-.Lfunc_begin0
	.short	4                               @ Loc expr size
	.byte	243                             @ DW_OP_GNU_entry_value
	.byte	1                               @ 1
	.byte	80                              @ DW_OP_reg0
	.byte	159                             @ DW_OP_stack_value
	.long	0
	.long	0
.Ldebug_loc1:
	.long	-1
	.long	.Lfunc_begin1                   @   base address
	.long	.Lfunc_begin1-.Lfunc_begin1
	.long	.Ltmp3-.Lfunc_begin1
	.short	1                               @ Loc expr size
	.byte	80                              @ DW_OP_reg0
	.long	.Ltmp3-.Lfunc_begin1
	.long	.Ltmp5-.Lfunc_begin1
	.short	4                               @ Loc expr size
	.byte	243                             @ DW_OP_GNU_entry_value
	.byte	1                               @ 1
	.byte	80                              @ DW_OP_reg0
	.byte	159                             @ DW_OP_stack_value
	.long	0
	.long	0
	.section	.debug_abbrev,"",%progbits
	.byte	1                               @ Abbreviation Code
	.byte	17                              @ DW_TAG_compile_unit
	.byte	1                               @ DW_CHILDREN_yes
	.byte	37                              @ DW_AT_producer
	.byte	14                              @ DW_FORM_strp
	.byte	19                              @ DW_AT_language
	.byte	5                               @ DW_FORM_data2
	.byte	3                               @ DW_AT_name
	.byte	14                              @ DW_FORM_strp
	.byte	16                              @ DW_AT_stmt_list
	.byte	23                              @ DW_FORM_sec_offset
	.byte	27                              @ DW_AT_comp_dir
	.byte	14                              @ DW_FORM_strp
	.byte	17                              @ DW_AT_low_pc
	.byte	1                               @ DW_FORM_addr
	.byte	85                              @ DW_AT_ranges
	.byte	23                              @ DW_FORM_sec_offset
	.byte	0                               @ EOM(1)
	.byte	0                               @ EOM(2)
	.byte	2                               @ Abbreviation Code
	.byte	52                              @ DW_TAG_variable
	.byte	0                               @ DW_CHILDREN_no
	.byte	73                              @ DW_AT_type
	.byte	19                              @ DW_FORM_ref4
	.byte	58                              @ DW_AT_decl_file
	.byte	11                              @ DW_FORM_data1
	.byte	59                              @ DW_AT_decl_line
	.byte	11                              @ DW_FORM_data1
	.byte	2                               @ DW_AT_location
	.byte	24                              @ DW_FORM_exprloc
	.byte	0                               @ EOM(1)
	.byte	0                               @ EOM(2)
	.byte	3                               @ Abbreviation Code
	.byte	1                               @ DW_TAG_array_type
	.byte	1                               @ DW_CHILDREN_yes
	.byte	73                              @ DW_AT_type
	.byte	19                              @ DW_FORM_ref4
	.byte	0                               @ EOM(1)
	.byte	0                               @ EOM(2)
	.byte	4                               @ Abbreviation Code
	.byte	33                              @ DW_TAG_subrange_type
	.byte	0                               @ DW_CHILDREN_no
	.byte	73                              @ DW_AT_type
	.byte	19                              @ DW_FORM_ref4
	.byte	55                              @ DW_AT_count
	.byte	11                              @ DW_FORM_data1
	.byte	0                               @ EOM(1)
	.byte	0                               @ EOM(2)
	.byte	5                               @ Abbreviation Code
	.byte	38                              @ DW_TAG_const_type
	.byte	0                               @ DW_CHILDREN_no
	.byte	73                              @ DW_AT_type
	.byte	19                              @ DW_FORM_ref4
	.byte	0                               @ EOM(1)
	.byte	0                               @ EOM(2)
	.byte	6                               @ Abbreviation Code
	.byte	36                              @ DW_TAG_base_type
	.byte	0                               @ DW_CHILDREN_no
	.byte	3                               @ DW_AT_name
	.byte	14                              @ DW_FORM_strp
	.byte	62                              @ DW_AT_encoding
	.byte	11                              @ DW_FORM_data1
	.byte	11                              @ DW_AT_byte_size
	.byte	11                              @ DW_FORM_data1
	.byte	0                               @ EOM(1)
	.byte	0                               @ EOM(2)
	.byte	7                               @ Abbreviation Code
	.byte	36                              @ DW_TAG_base_type
	.byte	0                               @ DW_CHILDREN_no
	.byte	3                               @ DW_AT_name
	.byte	14                              @ DW_FORM_strp
	.byte	11                              @ DW_AT_byte_size
	.byte	11                              @ DW_FORM_data1
	.byte	62                              @ DW_AT_encoding
	.byte	11                              @ DW_FORM_data1
	.byte	0                               @ EOM(1)
	.byte	0                               @ EOM(2)
	.byte	8                               @ Abbreviation Code
	.byte	52                              @ DW_TAG_variable
	.byte	0                               @ DW_CHILDREN_no
	.byte	3                               @ DW_AT_name
	.byte	14                              @ DW_FORM_strp
	.byte	73                              @ DW_AT_type
	.byte	19                              @ DW_FORM_ref4
	.byte	58                              @ DW_AT_decl_file
	.byte	11                              @ DW_FORM_data1
	.byte	59                              @ DW_AT_decl_line
	.byte	11                              @ DW_FORM_data1
	.byte	2                               @ DW_AT_location
	.byte	24                              @ DW_FORM_exprloc
	.byte	110                             @ DW_AT_linkage_name
	.byte	14                              @ DW_FORM_strp
	.byte	0                               @ EOM(1)
	.byte	0                               @ EOM(2)
	.byte	9                               @ Abbreviation Code
	.byte	15                              @ DW_TAG_pointer_type
	.byte	0                               @ DW_CHILDREN_no
	.byte	73                              @ DW_AT_type
	.byte	19                              @ DW_FORM_ref4
	.byte	0                               @ EOM(1)
	.byte	0                               @ EOM(2)
	.byte	10                              @ Abbreviation Code
	.byte	22                              @ DW_TAG_typedef
	.byte	0                               @ DW_CHILDREN_no
	.byte	73                              @ DW_AT_type
	.byte	19                              @ DW_FORM_ref4
	.byte	3                               @ DW_AT_name
	.byte	14                              @ DW_FORM_strp
	.byte	58                              @ DW_AT_decl_file
	.byte	11                              @ DW_FORM_data1
	.byte	59                              @ DW_AT_decl_line
	.byte	11                              @ DW_FORM_data1
	.byte	0                               @ EOM(1)
	.byte	0                               @ EOM(2)
	.byte	11                              @ Abbreviation Code
	.byte	46                              @ DW_TAG_subprogram
	.byte	1                               @ DW_CHILDREN_yes
	.byte	17                              @ DW_AT_low_pc
	.byte	1                               @ DW_FORM_addr
	.byte	18                              @ DW_AT_high_pc
	.byte	6                               @ DW_FORM_data4
	.byte	64                              @ DW_AT_frame_base
	.byte	24                              @ DW_FORM_exprloc
	.ascii	"\227B"                         @ DW_AT_GNU_all_call_sites
	.byte	25                              @ DW_FORM_flag_present
	.byte	110                             @ DW_AT_linkage_name
	.byte	14                              @ DW_FORM_strp
	.byte	3                               @ DW_AT_name
	.byte	14                              @ DW_FORM_strp
	.byte	58                              @ DW_AT_decl_file
	.byte	11                              @ DW_FORM_data1
	.byte	59                              @ DW_AT_decl_line
	.byte	11                              @ DW_FORM_data1
	.byte	73                              @ DW_AT_type
	.byte	19                              @ DW_FORM_ref4
	.byte	63                              @ DW_AT_external
	.byte	25                              @ DW_FORM_flag_present
	.byte	0                               @ EOM(1)
	.byte	0                               @ EOM(2)
	.byte	12                              @ Abbreviation Code
	.byte	5                               @ DW_TAG_formal_parameter
	.byte	0                               @ DW_CHILDREN_no
	.byte	2                               @ DW_AT_location
	.byte	23                              @ DW_FORM_sec_offset
	.byte	3                               @ DW_AT_name
	.byte	14                              @ DW_FORM_strp
	.byte	58                              @ DW_AT_decl_file
	.byte	11                              @ DW_FORM_data1
	.byte	59                              @ DW_AT_decl_line
	.byte	11                              @ DW_FORM_data1
	.byte	73                              @ DW_AT_type
	.byte	19                              @ DW_FORM_ref4
	.byte	0                               @ EOM(1)
	.byte	0                               @ EOM(2)
	.byte	13                              @ Abbreviation Code
	.byte	8                               @ DW_TAG_imported_declaration
	.byte	0                               @ DW_CHILDREN_no
	.byte	58                              @ DW_AT_decl_file
	.byte	11                              @ DW_FORM_data1
	.byte	59                              @ DW_AT_decl_line
	.byte	5                               @ DW_FORM_data2
	.byte	24                              @ DW_AT_import
	.byte	19                              @ DW_FORM_ref4
	.byte	0                               @ EOM(1)
	.byte	0                               @ EOM(2)
	.byte	14                              @ Abbreviation Code
	.byte	57                              @ DW_TAG_namespace
	.byte	1                               @ DW_CHILDREN_yes
	.byte	3                               @ DW_AT_name
	.byte	14                              @ DW_FORM_strp
	.byte	0                               @ EOM(1)
	.byte	0                               @ EOM(2)
	.byte	15                              @ Abbreviation Code
	.byte	57                              @ DW_TAG_namespace
	.byte	1                               @ DW_CHILDREN_yes
	.byte	3                               @ DW_AT_name
	.byte	14                              @ DW_FORM_strp
	.ascii	"\211\001"                      @ DW_AT_export_symbols
	.byte	25                              @ DW_FORM_flag_present
	.byte	0                               @ EOM(1)
	.byte	0                               @ EOM(2)
	.byte	16                              @ Abbreviation Code
	.byte	8                               @ DW_TAG_imported_declaration
	.byte	0                               @ DW_CHILDREN_no
	.byte	58                              @ DW_AT_decl_file
	.byte	11                              @ DW_FORM_data1
	.byte	59                              @ DW_AT_decl_line
	.byte	11                              @ DW_FORM_data1
	.byte	24                              @ DW_AT_import
	.byte	19                              @ DW_FORM_ref4
	.byte	0                               @ EOM(1)
	.byte	0                               @ EOM(2)
	.byte	0                               @ EOM(3)
	.section	.debug_info,"",%progbits
.Lcu_begin0:
	.long	.Ldebug_info_end0-.Ldebug_info_start0 @ Length of Unit
.Ldebug_info_start0:
	.short	4                               @ DWARF version number
	.long	.debug_abbrev                   @ Offset Into Abbrev. Section
	.byte	4                               @ Address Size (in bytes)
	.byte	1                               @ Abbrev [1] 0xb:0x425 DW_TAG_compile_unit
	.long	.Linfo_string0                  @ DW_AT_producer
	.short	33                              @ DW_AT_language
	.long	.Linfo_string1                  @ DW_AT_name
	.long	.Lline_table_start0             @ DW_AT_stmt_list
	.long	.Linfo_string2                  @ DW_AT_comp_dir
	.long	0                               @ DW_AT_low_pc
	.long	.Ldebug_ranges0                 @ DW_AT_ranges
	.byte	2                               @ Abbrev [2] 0x26:0xd DW_TAG_variable
	.long	51                              @ DW_AT_type
	.byte	1                               @ DW_AT_decl_file
	.byte	27                              @ DW_AT_decl_line
	.byte	5                               @ DW_AT_location
	.byte	3
	.long	.L.str
	.byte	3                               @ Abbrev [3] 0x33:0xc DW_TAG_array_type
	.long	63                              @ DW_AT_type
	.byte	4                               @ Abbrev [4] 0x38:0x6 DW_TAG_subrange_type
	.long	75                              @ DW_AT_type
	.byte	8                               @ DW_AT_count
	.byte	0                               @ End Of Children Mark
	.byte	5                               @ Abbrev [5] 0x3f:0x5 DW_TAG_const_type
	.long	68                              @ DW_AT_type
	.byte	6                               @ Abbrev [6] 0x44:0x7 DW_TAG_base_type
	.long	.Linfo_string3                  @ DW_AT_name
	.byte	8                               @ DW_AT_encoding
	.byte	1                               @ DW_AT_byte_size
	.byte	7                               @ Abbrev [7] 0x4b:0x7 DW_TAG_base_type
	.long	.Linfo_string4                  @ DW_AT_name
	.byte	8                               @ DW_AT_byte_size
	.byte	7                               @ DW_AT_encoding
	.byte	2                               @ Abbrev [2] 0x52:0xd DW_TAG_variable
	.long	95                              @ DW_AT_type
	.byte	1                               @ DW_AT_decl_file
	.byte	28                              @ DW_AT_decl_line
	.byte	5                               @ DW_AT_location
	.byte	3
	.long	.L.str.1
	.byte	3                               @ Abbrev [3] 0x5f:0xc DW_TAG_array_type
	.long	63                              @ DW_AT_type
	.byte	4                               @ Abbrev [4] 0x64:0x6 DW_TAG_subrange_type
	.long	75                              @ DW_AT_type
	.byte	11                              @ DW_AT_count
	.byte	0                               @ End Of Children Mark
	.byte	8                               @ Abbrev [8] 0x6b:0x15 DW_TAG_variable
	.long	.Linfo_string5                  @ DW_AT_name
	.long	128                             @ DW_AT_type
	.byte	1                               @ DW_AT_decl_file
	.byte	25                              @ DW_AT_decl_line
	.byte	5                               @ DW_AT_location
	.byte	3
	.long	_ZL13img_filenames
	.long	.Linfo_string6                  @ DW_AT_linkage_name
	.byte	3                               @ Abbrev [3] 0x80:0xc DW_TAG_array_type
	.long	140                             @ DW_AT_type
	.byte	4                               @ Abbrev [4] 0x85:0x6 DW_TAG_subrange_type
	.long	75                              @ DW_AT_type
	.byte	2                               @ DW_AT_count
	.byte	0                               @ End Of Children Mark
	.byte	9                               @ Abbrev [9] 0x8c:0x5 DW_TAG_pointer_type
	.long	63                              @ DW_AT_type
	.byte	8                               @ Abbrev [8] 0x91:0x15 DW_TAG_variable
	.long	.Linfo_string7                  @ DW_AT_name
	.long	166                             @ DW_AT_type
	.byte	1                               @ DW_AT_decl_file
	.byte	31                              @ DW_AT_decl_line
	.byte	5                               @ DW_AT_location
	.byte	3
	.long	_ZL10img_arrays
	.long	.Linfo_string10                 @ DW_AT_linkage_name
	.byte	3                               @ Abbrev [3] 0xa6:0xc DW_TAG_array_type
	.long	178                             @ DW_AT_type
	.byte	4                               @ Abbrev [4] 0xab:0x6 DW_TAG_subrange_type
	.long	75                              @ DW_AT_type
	.byte	2                               @ DW_AT_count
	.byte	0                               @ End Of Children Mark
	.byte	9                               @ Abbrev [9] 0xb2:0x5 DW_TAG_pointer_type
	.long	183                             @ DW_AT_type
	.byte	5                               @ Abbrev [5] 0xb7:0x5 DW_TAG_const_type
	.long	188                             @ DW_AT_type
	.byte	10                              @ Abbrev [10] 0xbc:0xb DW_TAG_typedef
	.long	199                             @ DW_AT_type
	.long	.Linfo_string9                  @ DW_AT_name
	.byte	2                               @ DW_AT_decl_file
	.byte	62                              @ DW_AT_decl_line
	.byte	6                               @ Abbrev [6] 0xc7:0x7 DW_TAG_base_type
	.long	.Linfo_string8                  @ DW_AT_name
	.byte	8                               @ DW_AT_encoding
	.byte	1                               @ DW_AT_byte_size
	.byte	11                              @ Abbrev [11] 0xce:0x29 DW_TAG_subprogram
	.long	.Lfunc_begin0                   @ DW_AT_low_pc
	.long	.Lfunc_end0-.Lfunc_begin0       @ DW_AT_high_pc
	.byte	1                               @ DW_AT_frame_base
	.byte	93
                                        @ DW_AT_GNU_all_call_sites
	.long	.Linfo_string47                 @ DW_AT_linkage_name
	.long	.Linfo_string48                 @ DW_AT_name
	.byte	1                               @ DW_AT_decl_file
	.byte	37                              @ DW_AT_decl_line
	.long	140                             @ DW_AT_type
                                        @ DW_AT_external
	.byte	12                              @ Abbrev [12] 0xe7:0xf DW_TAG_formal_parameter
	.long	.Ldebug_loc0                    @ DW_AT_location
	.long	.Linfo_string51                 @ DW_AT_name
	.byte	1                               @ DW_AT_decl_file
	.byte	37                              @ DW_AT_decl_line
	.long	1066                            @ DW_AT_type
	.byte	0                               @ End Of Children Mark
	.byte	11                              @ Abbrev [11] 0xf7:0x29 DW_TAG_subprogram
	.long	.Lfunc_begin1                   @ DW_AT_low_pc
	.long	.Lfunc_end1-.Lfunc_begin1       @ DW_AT_high_pc
	.byte	1                               @ DW_AT_frame_base
	.byte	93
                                        @ DW_AT_GNU_all_call_sites
	.long	.Linfo_string49                 @ DW_AT_linkage_name
	.long	.Linfo_string50                 @ DW_AT_name
	.byte	1                               @ DW_AT_decl_file
	.byte	48                              @ DW_AT_decl_line
	.long	178                             @ DW_AT_type
                                        @ DW_AT_external
	.byte	12                              @ Abbrev [12] 0x110:0xf DW_TAG_formal_parameter
	.long	.Ldebug_loc1                    @ DW_AT_location
	.long	.Linfo_string51                 @ DW_AT_name
	.byte	1                               @ DW_AT_decl_file
	.byte	48                              @ DW_AT_decl_line
	.long	1066                            @ DW_AT_type
	.byte	0                               @ End Of Children Mark
	.byte	10                              @ Abbrev [10] 0x120:0xb DW_TAG_typedef
	.long	299                             @ DW_AT_type
	.long	.Linfo_string12                 @ DW_AT_name
	.byte	2                               @ DW_AT_decl_file
	.byte	56                              @ DW_AT_decl_line
	.byte	6                               @ Abbrev [6] 0x12b:0x7 DW_TAG_base_type
	.long	.Linfo_string11                 @ DW_AT_name
	.byte	6                               @ DW_AT_encoding
	.byte	1                               @ DW_AT_byte_size
	.byte	13                              @ Abbrev [13] 0x132:0x8 DW_TAG_imported_declaration
	.byte	2                               @ DW_AT_decl_file
	.short	266                             @ DW_AT_decl_line
	.long	288                             @ DW_AT_import
	.byte	10                              @ Abbrev [10] 0x13a:0xb DW_TAG_typedef
	.long	325                             @ DW_AT_type
	.long	.Linfo_string14                 @ DW_AT_name
	.byte	2                               @ DW_AT_decl_file
	.byte	57                              @ DW_AT_decl_line
	.byte	6                               @ Abbrev [6] 0x145:0x7 DW_TAG_base_type
	.long	.Linfo_string13                 @ DW_AT_name
	.byte	5                               @ DW_AT_encoding
	.byte	2                               @ DW_AT_byte_size
	.byte	13                              @ Abbrev [13] 0x14c:0x8 DW_TAG_imported_declaration
	.byte	2                               @ DW_AT_decl_file
	.short	267                             @ DW_AT_decl_line
	.long	314                             @ DW_AT_import
	.byte	10                              @ Abbrev [10] 0x154:0xb DW_TAG_typedef
	.long	351                             @ DW_AT_type
	.long	.Linfo_string16                 @ DW_AT_name
	.byte	2                               @ DW_AT_decl_file
	.byte	58                              @ DW_AT_decl_line
	.byte	6                               @ Abbrev [6] 0x15f:0x7 DW_TAG_base_type
	.long	.Linfo_string15                 @ DW_AT_name
	.byte	5                               @ DW_AT_encoding
	.byte	4                               @ DW_AT_byte_size
	.byte	13                              @ Abbrev [13] 0x166:0x8 DW_TAG_imported_declaration
	.byte	2                               @ DW_AT_decl_file
	.short	268                             @ DW_AT_decl_line
	.long	340                             @ DW_AT_import
	.byte	10                              @ Abbrev [10] 0x16e:0xb DW_TAG_typedef
	.long	377                             @ DW_AT_type
	.long	.Linfo_string18                 @ DW_AT_name
	.byte	2                               @ DW_AT_decl_file
	.byte	59                              @ DW_AT_decl_line
	.byte	6                               @ Abbrev [6] 0x179:0x7 DW_TAG_base_type
	.long	.Linfo_string17                 @ DW_AT_name
	.byte	5                               @ DW_AT_encoding
	.byte	8                               @ DW_AT_byte_size
	.byte	13                              @ Abbrev [13] 0x180:0x8 DW_TAG_imported_declaration
	.byte	2                               @ DW_AT_decl_file
	.short	269                             @ DW_AT_decl_line
	.long	366                             @ DW_AT_import
	.byte	13                              @ Abbrev [13] 0x188:0x8 DW_TAG_imported_declaration
	.byte	2                               @ DW_AT_decl_file
	.short	270                             @ DW_AT_decl_line
	.long	188                             @ DW_AT_import
	.byte	10                              @ Abbrev [10] 0x190:0xb DW_TAG_typedef
	.long	411                             @ DW_AT_type
	.long	.Linfo_string20                 @ DW_AT_name
	.byte	2                               @ DW_AT_decl_file
	.byte	63                              @ DW_AT_decl_line
	.byte	6                               @ Abbrev [6] 0x19b:0x7 DW_TAG_base_type
	.long	.Linfo_string19                 @ DW_AT_name
	.byte	7                               @ DW_AT_encoding
	.byte	2                               @ DW_AT_byte_size
	.byte	13                              @ Abbrev [13] 0x1a2:0x8 DW_TAG_imported_declaration
	.byte	2                               @ DW_AT_decl_file
	.short	271                             @ DW_AT_decl_line
	.long	400                             @ DW_AT_import
	.byte	10                              @ Abbrev [10] 0x1aa:0xb DW_TAG_typedef
	.long	437                             @ DW_AT_type
	.long	.Linfo_string22                 @ DW_AT_name
	.byte	2                               @ DW_AT_decl_file
	.byte	64                              @ DW_AT_decl_line
	.byte	6                               @ Abbrev [6] 0x1b5:0x7 DW_TAG_base_type
	.long	.Linfo_string21                 @ DW_AT_name
	.byte	7                               @ DW_AT_encoding
	.byte	4                               @ DW_AT_byte_size
	.byte	13                              @ Abbrev [13] 0x1bc:0x8 DW_TAG_imported_declaration
	.byte	2                               @ DW_AT_decl_file
	.short	272                             @ DW_AT_decl_line
	.long	426                             @ DW_AT_import
	.byte	10                              @ Abbrev [10] 0x1c4:0xb DW_TAG_typedef
	.long	463                             @ DW_AT_type
	.long	.Linfo_string24                 @ DW_AT_name
	.byte	2                               @ DW_AT_decl_file
	.byte	65                              @ DW_AT_decl_line
	.byte	6                               @ Abbrev [6] 0x1cf:0x7 DW_TAG_base_type
	.long	.Linfo_string23                 @ DW_AT_name
	.byte	7                               @ DW_AT_encoding
	.byte	8                               @ DW_AT_byte_size
	.byte	13                              @ Abbrev [13] 0x1d6:0x8 DW_TAG_imported_declaration
	.byte	2                               @ DW_AT_decl_file
	.short	273                             @ DW_AT_decl_line
	.long	452                             @ DW_AT_import
	.byte	10                              @ Abbrev [10] 0x1de:0xb DW_TAG_typedef
	.long	299                             @ DW_AT_type
	.long	.Linfo_string25                 @ DW_AT_name
	.byte	2                               @ DW_AT_decl_file
	.byte	71                              @ DW_AT_decl_line
	.byte	13                              @ Abbrev [13] 0x1e9:0x8 DW_TAG_imported_declaration
	.byte	2                               @ DW_AT_decl_file
	.short	274                             @ DW_AT_decl_line
	.long	478                             @ DW_AT_import
	.byte	10                              @ Abbrev [10] 0x1f1:0xb DW_TAG_typedef
	.long	325                             @ DW_AT_type
	.long	.Linfo_string26                 @ DW_AT_name
	.byte	2                               @ DW_AT_decl_file
	.byte	72                              @ DW_AT_decl_line
	.byte	13                              @ Abbrev [13] 0x1fc:0x8 DW_TAG_imported_declaration
	.byte	2                               @ DW_AT_decl_file
	.short	275                             @ DW_AT_decl_line
	.long	497                             @ DW_AT_import
	.byte	10                              @ Abbrev [10] 0x204:0xb DW_TAG_typedef
	.long	351                             @ DW_AT_type
	.long	.Linfo_string27                 @ DW_AT_name
	.byte	2                               @ DW_AT_decl_file
	.byte	73                              @ DW_AT_decl_line
	.byte	13                              @ Abbrev [13] 0x20f:0x8 DW_TAG_imported_declaration
	.byte	2                               @ DW_AT_decl_file
	.short	276                             @ DW_AT_decl_line
	.long	516                             @ DW_AT_import
	.byte	10                              @ Abbrev [10] 0x217:0xb DW_TAG_typedef
	.long	377                             @ DW_AT_type
	.long	.Linfo_string28                 @ DW_AT_name
	.byte	2                               @ DW_AT_decl_file
	.byte	74                              @ DW_AT_decl_line
	.byte	13                              @ Abbrev [13] 0x222:0x8 DW_TAG_imported_declaration
	.byte	2                               @ DW_AT_decl_file
	.short	277                             @ DW_AT_decl_line
	.long	535                             @ DW_AT_import
	.byte	10                              @ Abbrev [10] 0x22a:0xb DW_TAG_typedef
	.long	199                             @ DW_AT_type
	.long	.Linfo_string29                 @ DW_AT_name
	.byte	2                               @ DW_AT_decl_file
	.byte	77                              @ DW_AT_decl_line
	.byte	13                              @ Abbrev [13] 0x235:0x8 DW_TAG_imported_declaration
	.byte	2                               @ DW_AT_decl_file
	.short	278                             @ DW_AT_decl_line
	.long	554                             @ DW_AT_import
	.byte	10                              @ Abbrev [10] 0x23d:0xb DW_TAG_typedef
	.long	411                             @ DW_AT_type
	.long	.Linfo_string30                 @ DW_AT_name
	.byte	2                               @ DW_AT_decl_file
	.byte	78                              @ DW_AT_decl_line
	.byte	13                              @ Abbrev [13] 0x248:0x8 DW_TAG_imported_declaration
	.byte	2                               @ DW_AT_decl_file
	.short	279                             @ DW_AT_decl_line
	.long	573                             @ DW_AT_import
	.byte	10                              @ Abbrev [10] 0x250:0xb DW_TAG_typedef
	.long	437                             @ DW_AT_type
	.long	.Linfo_string31                 @ DW_AT_name
	.byte	2                               @ DW_AT_decl_file
	.byte	79                              @ DW_AT_decl_line
	.byte	13                              @ Abbrev [13] 0x25b:0x8 DW_TAG_imported_declaration
	.byte	2                               @ DW_AT_decl_file
	.short	280                             @ DW_AT_decl_line
	.long	592                             @ DW_AT_import
	.byte	10                              @ Abbrev [10] 0x263:0xb DW_TAG_typedef
	.long	463                             @ DW_AT_type
	.long	.Linfo_string32                 @ DW_AT_name
	.byte	2                               @ DW_AT_decl_file
	.byte	80                              @ DW_AT_decl_line
	.byte	13                              @ Abbrev [13] 0x26e:0x8 DW_TAG_imported_declaration
	.byte	2                               @ DW_AT_decl_file
	.short	281                             @ DW_AT_decl_line
	.long	611                             @ DW_AT_import
	.byte	10                              @ Abbrev [10] 0x276:0xb DW_TAG_typedef
	.long	351                             @ DW_AT_type
	.long	.Linfo_string33                 @ DW_AT_name
	.byte	2                               @ DW_AT_decl_file
	.byte	85                              @ DW_AT_decl_line
	.byte	13                              @ Abbrev [13] 0x281:0x8 DW_TAG_imported_declaration
	.byte	2                               @ DW_AT_decl_file
	.short	282                             @ DW_AT_decl_line
	.long	630                             @ DW_AT_import
	.byte	10                              @ Abbrev [10] 0x289:0xb DW_TAG_typedef
	.long	351                             @ DW_AT_type
	.long	.Linfo_string34                 @ DW_AT_name
	.byte	2                               @ DW_AT_decl_file
	.byte	86                              @ DW_AT_decl_line
	.byte	13                              @ Abbrev [13] 0x294:0x8 DW_TAG_imported_declaration
	.byte	2                               @ DW_AT_decl_file
	.short	283                             @ DW_AT_decl_line
	.long	649                             @ DW_AT_import
	.byte	10                              @ Abbrev [10] 0x29c:0xb DW_TAG_typedef
	.long	351                             @ DW_AT_type
	.long	.Linfo_string35                 @ DW_AT_name
	.byte	2                               @ DW_AT_decl_file
	.byte	87                              @ DW_AT_decl_line
	.byte	13                              @ Abbrev [13] 0x2a7:0x8 DW_TAG_imported_declaration
	.byte	2                               @ DW_AT_decl_file
	.short	284                             @ DW_AT_decl_line
	.long	668                             @ DW_AT_import
	.byte	10                              @ Abbrev [10] 0x2af:0xb DW_TAG_typedef
	.long	377                             @ DW_AT_type
	.long	.Linfo_string36                 @ DW_AT_name
	.byte	2                               @ DW_AT_decl_file
	.byte	88                              @ DW_AT_decl_line
	.byte	13                              @ Abbrev [13] 0x2ba:0x8 DW_TAG_imported_declaration
	.byte	2                               @ DW_AT_decl_file
	.short	285                             @ DW_AT_decl_line
	.long	687                             @ DW_AT_import
	.byte	10                              @ Abbrev [10] 0x2c2:0xb DW_TAG_typedef
	.long	437                             @ DW_AT_type
	.long	.Linfo_string37                 @ DW_AT_name
	.byte	2                               @ DW_AT_decl_file
	.byte	91                              @ DW_AT_decl_line
	.byte	13                              @ Abbrev [13] 0x2cd:0x8 DW_TAG_imported_declaration
	.byte	2                               @ DW_AT_decl_file
	.short	286                             @ DW_AT_decl_line
	.long	706                             @ DW_AT_import
	.byte	10                              @ Abbrev [10] 0x2d5:0xb DW_TAG_typedef
	.long	437                             @ DW_AT_type
	.long	.Linfo_string38                 @ DW_AT_name
	.byte	2                               @ DW_AT_decl_file
	.byte	92                              @ DW_AT_decl_line
	.byte	13                              @ Abbrev [13] 0x2e0:0x8 DW_TAG_imported_declaration
	.byte	2                               @ DW_AT_decl_file
	.short	287                             @ DW_AT_decl_line
	.long	725                             @ DW_AT_import
	.byte	10                              @ Abbrev [10] 0x2e8:0xb DW_TAG_typedef
	.long	437                             @ DW_AT_type
	.long	.Linfo_string39                 @ DW_AT_name
	.byte	2                               @ DW_AT_decl_file
	.byte	93                              @ DW_AT_decl_line
	.byte	13                              @ Abbrev [13] 0x2f3:0x8 DW_TAG_imported_declaration
	.byte	2                               @ DW_AT_decl_file
	.short	288                             @ DW_AT_decl_line
	.long	744                             @ DW_AT_import
	.byte	10                              @ Abbrev [10] 0x2fb:0xb DW_TAG_typedef
	.long	463                             @ DW_AT_type
	.long	.Linfo_string40                 @ DW_AT_name
	.byte	2                               @ DW_AT_decl_file
	.byte	94                              @ DW_AT_decl_line
	.byte	13                              @ Abbrev [13] 0x306:0x8 DW_TAG_imported_declaration
	.byte	2                               @ DW_AT_decl_file
	.short	289                             @ DW_AT_decl_line
	.long	763                             @ DW_AT_import
	.byte	10                              @ Abbrev [10] 0x30e:0xb DW_TAG_typedef
	.long	351                             @ DW_AT_type
	.long	.Linfo_string41                 @ DW_AT_name
	.byte	2                               @ DW_AT_decl_file
	.byte	101                             @ DW_AT_decl_line
	.byte	13                              @ Abbrev [13] 0x319:0x8 DW_TAG_imported_declaration
	.byte	2                               @ DW_AT_decl_file
	.short	290                             @ DW_AT_decl_line
	.long	782                             @ DW_AT_import
	.byte	10                              @ Abbrev [10] 0x321:0xb DW_TAG_typedef
	.long	437                             @ DW_AT_type
	.long	.Linfo_string42                 @ DW_AT_name
	.byte	2                               @ DW_AT_decl_file
	.byte	102                             @ DW_AT_decl_line
	.byte	13                              @ Abbrev [13] 0x32c:0x8 DW_TAG_imported_declaration
	.byte	2                               @ DW_AT_decl_file
	.short	291                             @ DW_AT_decl_line
	.long	801                             @ DW_AT_import
	.byte	10                              @ Abbrev [10] 0x334:0xb DW_TAG_typedef
	.long	377                             @ DW_AT_type
	.long	.Linfo_string43                 @ DW_AT_name
	.byte	2                               @ DW_AT_decl_file
	.byte	106                             @ DW_AT_decl_line
	.byte	13                              @ Abbrev [13] 0x33f:0x8 DW_TAG_imported_declaration
	.byte	2                               @ DW_AT_decl_file
	.short	292                             @ DW_AT_decl_line
	.long	820                             @ DW_AT_import
	.byte	10                              @ Abbrev [10] 0x347:0xb DW_TAG_typedef
	.long	463                             @ DW_AT_type
	.long	.Linfo_string44                 @ DW_AT_name
	.byte	2                               @ DW_AT_decl_file
	.byte	107                             @ DW_AT_decl_line
	.byte	13                              @ Abbrev [13] 0x352:0x8 DW_TAG_imported_declaration
	.byte	2                               @ DW_AT_decl_file
	.short	293                             @ DW_AT_decl_line
	.long	839                             @ DW_AT_import
	.byte	14                              @ Abbrev [14] 0x35a:0xd0 DW_TAG_namespace
	.long	.Linfo_string45                 @ DW_AT_name
	.byte	15                              @ Abbrev [15] 0x35f:0xca DW_TAG_namespace
	.long	.Linfo_string46                 @ DW_AT_name
                                        @ DW_AT_export_symbols
	.byte	16                              @ Abbrev [16] 0x364:0x7 DW_TAG_imported_declaration
	.byte	3                               @ DW_AT_decl_file
	.byte	162                             @ DW_AT_decl_line
	.long	288                             @ DW_AT_import
	.byte	16                              @ Abbrev [16] 0x36b:0x7 DW_TAG_imported_declaration
	.byte	3                               @ DW_AT_decl_file
	.byte	163                             @ DW_AT_decl_line
	.long	314                             @ DW_AT_import
	.byte	16                              @ Abbrev [16] 0x372:0x7 DW_TAG_imported_declaration
	.byte	3                               @ DW_AT_decl_file
	.byte	164                             @ DW_AT_decl_line
	.long	340                             @ DW_AT_import
	.byte	16                              @ Abbrev [16] 0x379:0x7 DW_TAG_imported_declaration
	.byte	3                               @ DW_AT_decl_file
	.byte	165                             @ DW_AT_decl_line
	.long	366                             @ DW_AT_import
	.byte	16                              @ Abbrev [16] 0x380:0x7 DW_TAG_imported_declaration
	.byte	3                               @ DW_AT_decl_file
	.byte	167                             @ DW_AT_decl_line
	.long	188                             @ DW_AT_import
	.byte	16                              @ Abbrev [16] 0x387:0x7 DW_TAG_imported_declaration
	.byte	3                               @ DW_AT_decl_file
	.byte	168                             @ DW_AT_decl_line
	.long	400                             @ DW_AT_import
	.byte	16                              @ Abbrev [16] 0x38e:0x7 DW_TAG_imported_declaration
	.byte	3                               @ DW_AT_decl_file
	.byte	169                             @ DW_AT_decl_line
	.long	426                             @ DW_AT_import
	.byte	16                              @ Abbrev [16] 0x395:0x7 DW_TAG_imported_declaration
	.byte	3                               @ DW_AT_decl_file
	.byte	170                             @ DW_AT_decl_line
	.long	452                             @ DW_AT_import
	.byte	16                              @ Abbrev [16] 0x39c:0x7 DW_TAG_imported_declaration
	.byte	3                               @ DW_AT_decl_file
	.byte	172                             @ DW_AT_decl_line
	.long	478                             @ DW_AT_import
	.byte	16                              @ Abbrev [16] 0x3a3:0x7 DW_TAG_imported_declaration
	.byte	3                               @ DW_AT_decl_file
	.byte	173                             @ DW_AT_decl_line
	.long	497                             @ DW_AT_import
	.byte	16                              @ Abbrev [16] 0x3aa:0x7 DW_TAG_imported_declaration
	.byte	3                               @ DW_AT_decl_file
	.byte	174                             @ DW_AT_decl_line
	.long	516                             @ DW_AT_import
	.byte	16                              @ Abbrev [16] 0x3b1:0x7 DW_TAG_imported_declaration
	.byte	3                               @ DW_AT_decl_file
	.byte	175                             @ DW_AT_decl_line
	.long	535                             @ DW_AT_import
	.byte	16                              @ Abbrev [16] 0x3b8:0x7 DW_TAG_imported_declaration
	.byte	3                               @ DW_AT_decl_file
	.byte	177                             @ DW_AT_decl_line
	.long	554                             @ DW_AT_import
	.byte	16                              @ Abbrev [16] 0x3bf:0x7 DW_TAG_imported_declaration
	.byte	3                               @ DW_AT_decl_file
	.byte	178                             @ DW_AT_decl_line
	.long	573                             @ DW_AT_import
	.byte	16                              @ Abbrev [16] 0x3c6:0x7 DW_TAG_imported_declaration
	.byte	3                               @ DW_AT_decl_file
	.byte	179                             @ DW_AT_decl_line
	.long	592                             @ DW_AT_import
	.byte	16                              @ Abbrev [16] 0x3cd:0x7 DW_TAG_imported_declaration
	.byte	3                               @ DW_AT_decl_file
	.byte	180                             @ DW_AT_decl_line
	.long	611                             @ DW_AT_import
	.byte	16                              @ Abbrev [16] 0x3d4:0x7 DW_TAG_imported_declaration
	.byte	3                               @ DW_AT_decl_file
	.byte	182                             @ DW_AT_decl_line
	.long	630                             @ DW_AT_import
	.byte	16                              @ Abbrev [16] 0x3db:0x7 DW_TAG_imported_declaration
	.byte	3                               @ DW_AT_decl_file
	.byte	183                             @ DW_AT_decl_line
	.long	649                             @ DW_AT_import
	.byte	16                              @ Abbrev [16] 0x3e2:0x7 DW_TAG_imported_declaration
	.byte	3                               @ DW_AT_decl_file
	.byte	184                             @ DW_AT_decl_line
	.long	668                             @ DW_AT_import
	.byte	16                              @ Abbrev [16] 0x3e9:0x7 DW_TAG_imported_declaration
	.byte	3                               @ DW_AT_decl_file
	.byte	185                             @ DW_AT_decl_line
	.long	687                             @ DW_AT_import
	.byte	16                              @ Abbrev [16] 0x3f0:0x7 DW_TAG_imported_declaration
	.byte	3                               @ DW_AT_decl_file
	.byte	187                             @ DW_AT_decl_line
	.long	706                             @ DW_AT_import
	.byte	16                              @ Abbrev [16] 0x3f7:0x7 DW_TAG_imported_declaration
	.byte	3                               @ DW_AT_decl_file
	.byte	188                             @ DW_AT_decl_line
	.long	725                             @ DW_AT_import
	.byte	16                              @ Abbrev [16] 0x3fe:0x7 DW_TAG_imported_declaration
	.byte	3                               @ DW_AT_decl_file
	.byte	189                             @ DW_AT_decl_line
	.long	744                             @ DW_AT_import
	.byte	16                              @ Abbrev [16] 0x405:0x7 DW_TAG_imported_declaration
	.byte	3                               @ DW_AT_decl_file
	.byte	190                             @ DW_AT_decl_line
	.long	763                             @ DW_AT_import
	.byte	16                              @ Abbrev [16] 0x40c:0x7 DW_TAG_imported_declaration
	.byte	3                               @ DW_AT_decl_file
	.byte	192                             @ DW_AT_decl_line
	.long	782                             @ DW_AT_import
	.byte	16                              @ Abbrev [16] 0x413:0x7 DW_TAG_imported_declaration
	.byte	3                               @ DW_AT_decl_file
	.byte	193                             @ DW_AT_decl_line
	.long	801                             @ DW_AT_import
	.byte	16                              @ Abbrev [16] 0x41a:0x7 DW_TAG_imported_declaration
	.byte	3                               @ DW_AT_decl_file
	.byte	195                             @ DW_AT_decl_line
	.long	820                             @ DW_AT_import
	.byte	16                              @ Abbrev [16] 0x421:0x7 DW_TAG_imported_declaration
	.byte	3                               @ DW_AT_decl_file
	.byte	196                             @ DW_AT_decl_line
	.long	839                             @ DW_AT_import
	.byte	0                               @ End Of Children Mark
	.byte	0                               @ End Of Children Mark
	.byte	5                               @ Abbrev [5] 0x42a:0x5 DW_TAG_const_type
	.long	426                             @ DW_AT_type
	.byte	0                               @ End Of Children Mark
.Ldebug_info_end0:
	.section	.debug_ranges,"",%progbits
.Ldebug_ranges0:
	.long	.Lfunc_begin0
	.long	.Lfunc_end0
	.long	.Lfunc_begin1
	.long	.Lfunc_end1
	.long	0
	.long	0
	.section	.debug_str,"MS",%progbits,1
.Linfo_string0:
	.asciz	"Component: Arm Compiler for Embedded 6.22 Tool: armclang [5ee92100]" @ string offset=0
.Linfo_string1:
	.asciz	"../Pattern\\InputFiles.cpp"    @ string offset=68
.Linfo_string2:
	.asciz	"C:\\ML\\ML_M55M1_SampleCode-master 2\\ML_M55M1_SampleCode-master\\M55M1BSP-3.01.003\\SampleCode\\NuEdgeWise\\ObjectDetection_YOLOv8n\\KEIL" @ string offset=94
.Linfo_string3:
	.asciz	"char"                          @ string offset=225
.Linfo_string4:
	.asciz	"__ARRAY_SIZE_TYPE__"           @ string offset=230
.Linfo_string5:
	.asciz	"img_filenames"                 @ string offset=250
.Linfo_string6:
	.asciz	"_ZL13img_filenames"            @ string offset=264
.Linfo_string7:
	.asciz	"img_arrays"                    @ string offset=283
.Linfo_string8:
	.asciz	"unsigned char"                 @ string offset=294
.Linfo_string9:
	.asciz	"uint8_t"                       @ string offset=308
.Linfo_string10:
	.asciz	"_ZL10img_arrays"               @ string offset=316
.Linfo_string11:
	.asciz	"signed char"                   @ string offset=332
.Linfo_string12:
	.asciz	"int8_t"                        @ string offset=344
.Linfo_string13:
	.asciz	"short"                         @ string offset=351
.Linfo_string14:
	.asciz	"int16_t"                       @ string offset=357
.Linfo_string15:
	.asciz	"int"                           @ string offset=365
.Linfo_string16:
	.asciz	"int32_t"                       @ string offset=369
.Linfo_string17:
	.asciz	"long long"                     @ string offset=377
.Linfo_string18:
	.asciz	"int64_t"                       @ string offset=387
.Linfo_string19:
	.asciz	"unsigned short"                @ string offset=395
.Linfo_string20:
	.asciz	"uint16_t"                      @ string offset=410
.Linfo_string21:
	.asciz	"unsigned int"                  @ string offset=419
.Linfo_string22:
	.asciz	"uint32_t"                      @ string offset=432
.Linfo_string23:
	.asciz	"unsigned long long"            @ string offset=441
.Linfo_string24:
	.asciz	"uint64_t"                      @ string offset=460
.Linfo_string25:
	.asciz	"int_least8_t"                  @ string offset=469
.Linfo_string26:
	.asciz	"int_least16_t"                 @ string offset=482
.Linfo_string27:
	.asciz	"int_least32_t"                 @ string offset=496
.Linfo_string28:
	.asciz	"int_least64_t"                 @ string offset=510
.Linfo_string29:
	.asciz	"uint_least8_t"                 @ string offset=524
.Linfo_string30:
	.asciz	"uint_least16_t"                @ string offset=538
.Linfo_string31:
	.asciz	"uint_least32_t"                @ string offset=553
.Linfo_string32:
	.asciz	"uint_least64_t"                @ string offset=568
.Linfo_string33:
	.asciz	"int_fast8_t"                   @ string offset=583
.Linfo_string34:
	.asciz	"int_fast16_t"                  @ string offset=595
.Linfo_string35:
	.asciz	"int_fast32_t"                  @ string offset=608
.Linfo_string36:
	.asciz	"int_fast64_t"                  @ string offset=621
.Linfo_string37:
	.asciz	"uint_fast8_t"                  @ string offset=634
.Linfo_string38:
	.asciz	"uint_fast16_t"                 @ string offset=647
.Linfo_string39:
	.asciz	"uint_fast32_t"                 @ string offset=661
.Linfo_string40:
	.asciz	"uint_fast64_t"                 @ string offset=675
.Linfo_string41:
	.asciz	"intptr_t"                      @ string offset=689
.Linfo_string42:
	.asciz	"uintptr_t"                     @ string offset=698
.Linfo_string43:
	.asciz	"intmax_t"                      @ string offset=708
.Linfo_string44:
	.asciz	"uintmax_t"                     @ string offset=717
.Linfo_string45:
	.asciz	"std"                           @ string offset=727
.Linfo_string46:
	.asciz	"__2"                           @ string offset=731
.Linfo_string47:
	.asciz	"_Z12get_filenamej"             @ string offset=735
.Linfo_string48:
	.asciz	"get_filename"                  @ string offset=753
.Linfo_string49:
	.asciz	"_Z13get_img_arrayj"            @ string offset=766
.Linfo_string50:
	.asciz	"get_img_array"                 @ string offset=785
.Linfo_string51:
	.asciz	"idx"                           @ string offset=799
	.ident	"Component: Arm Compiler for Embedded 6.22 Tool: armclang [5ee92100]"
	.section	".note.GNU-stack","",%progbits
	.eabi_attribute	30, 1	@ Tag_ABI_optimization_goals
	.ARM_attribute	16, 1	@ Tag_AV_eba
	.section	.debug_line,"",%progbits
.Lline_table_start0:
