<html>
<body>
<pre>
<h1>µVision Build Log</h1>
<h2>Tool Versions:</h2>
IDE-Version: µVision V5.41.0.0
Copyright (C) 2024 ARM Ltd and ARM Germany GmbH. All rights reserved.
License Information: Yuxiang Zhang
UCSB
User-based license: Keil MDK Nuvoton Edition - Full Cortex-M
Valid until: Sep 26 2034. Cached until: Feb 19 2026
 
Tool Versions:
Toolchain:       Keil MDK Nuvoton Edition - Full Cortex-M  Version: 5.41.0.0
Toolchain Path:  C:\Users\yuxia\AppData\Local\Keil_v5\ARM\ARMCLANG\Bin
C Compiler:      ArmClang.exe V6.22
Assembler:       Armasm.exe V6.22
Linker/Locator:  ArmLink.exe V6.22
Library Manager: ArmAr.exe V6.22
Hex Converter:   FromElf.exe V6.22
CPU DLL:         
Dialog DLL:      
Target DLL:      Nu_Link.dll V3.21
Dialog DLL:      TCM.DLL V1.56.4.0
 
<h2>Project:</h2>
C:\ML\ML_M55M1_SampleCode-master 2\ML_M55M1_SampleCode-master\M55M1BSP-3.01.003\SampleCode\NuEdgeWise\PoseLandmark_YOLOv8n\KEIL\PoseLandmark.uvprojx
Project File Date:  02/12/2026

<h2>Output:</h2>
*** Using Compiler 'V6.22', folder: 'C:\Users\yuxia\AppData\Local\Keil_v5\ARM\ARMCLANG\Bin'
Build target 'PoseLandmark'
creating preprocessor file for system_M55M1.c...
creating preprocessor file for ccap.c...
creating preprocessor file for uart.c...
creating preprocessor file for startup_M55M1.c...
creating preprocessor file for retarget.c...
compiling startup_M55M1.c...
creating list file for ccap.c...
compiling ccap.c...
creating list file for startup_M55M1.c...
compiling uart.c...
creating list file for uart.c...
creating list file for system_M55M1.c...
compiling system_M55M1.c...
compiling retarget.c...
creating list file for retarget.c...
creating preprocessor file for clk.c...
creating preprocessor file for sys.c...
creating preprocessor file for gpio.c...
creating preprocessor file for ethosu_device_u55_u65.c...
creating preprocessor file for ethosu_driver.c...
compiling ethosu_device_u55_u65.c...
compiling sys.c...
creating list file for sys.c...
creating list file for ethosu_device_u55_u65.c...
compiling gpio.c...
creating list file for gpio.c...
creating list file for clk.c...
compiling ethosu_driver.c...
creating list file for ethosu_driver.c...
compiling clk.c...
creating preprocessor file for ethosu_pmu.c...
creating list file for ethosu_pmu.c...
compiling ethosu_pmu.c...
creating preprocessor file for ebi.c...
creating list file for ebi.c...
creating preprocessor file for spim_hyper.c...
creating preprocessor file for sdh.c...
compiling ebi.c...
creating preprocessor file for spi.c...
creating list file for spim_hyper.c...
compiling spim_hyper.c...
creating preprocessor file for hsusbd.c...
compiling spi.c...
creating list file for spi.c...
creating list file for hsusbd.c...
creating preprocessor file for pdma.c...
compiling hsusbd.c...
creating list file for pdma.c...
creating preprocessor file for BoardInit.cpp...
compiling pdma.c...
creating list file for BoardInit.cpp...
compiling BoardInit.cpp...
creating list file for sdh.c...
compiling sdh.c...
creating preprocessor file for ModelFileReader.c...
creating list file for ModelFileReader.c...
compiling ModelFileReader.c...
creating preprocessor file for TensorFlowLiteMicro.cc...
creating preprocessor file for YOLOv8nPoseModel.cpp...
creating preprocessor file for Model.cc...
creating preprocessor file for YOLOv8nPosePostProcessing.cpp...
creating preprocessor file for main.cpp...
creating preprocessor file for PlatformMath.cc...
creating preprocessor file for Profiler.cc...
compiling PlatformMath.cc...
creating list file for ethosu_cpu_cache.c...
creating list file for PlatformMath.cc...
creating preprocessor file for ethosu_cpu_cache.c...
compiling ethosu_cpu_cache.c...
creating list file for TensorFlowLiteMicro.cc...
compiling YOLOv8nPoseModel.cpp...
creating list file for YOLOv8nPoseModel.cpp...
compiling TensorFlowLiteMicro.cc...
creating list file for Profiler.cc...
creating list file for ethosu_npu_init.c...
compiling Model.cc...
creating preprocessor file for ethosu_profiler.c...
creating preprocessor file for ethosu_npu_init.c...
compiling main.cpp...
creating list file for ethosu_profiler.c...
compiling ethosu_profiler.c...
compiling YOLOv8nPosePostProcessing.cpp...
compiling ethosu_npu_init.c...
creating list file for YOLOv8nPosePostProcessing.cpp...
creating list file for Model.cc...
creating preprocessor file for pmu_counter.c...
creating list file for pmu_counter.c...
compiling Profiler.cc...
creating list file for main.cpp...
compiling pmu_counter.c...
creating preprocessor file for Sensor_HM1055.c...
creating preprocessor file for ImageSensor.c...
creating list file for ImageSensor.c...
compiling ImageSensor.c...
creating list file for Sensor_HM1055.c...
creating preprocessor file for SWI2C.c...
compiling Sensor_HM1055.c...
creating preprocessor file for Display.c...
creating list file for Display.c...
compiling Display.c...
creating preprocessor file for LCD_FSA506.c...
creating list file for LCD_FSA506.c...
creating preprocessor file for Font8_16.c...
creating list file for SWI2C.c...
creating list file for Font8_16.c...
compiling Font8_16.c...
compiling SWI2C.c...
compiling LCD_FSA506.c...
creating preprocessor file for hyperram_code.c...
creating preprocessor file for sdglue.c...
creating list file for sdglue.c...
creating list file for hyperram_code.c...
creating preprocessor file for LCD_ILI9341.c...
compiling hyperram_code.c...
creating list file for LCD_ILI9341.c...
compiling sdglue.c...
compiling LCD_ILI9341.c...
creating preprocessor file for descriptors.c...
creating list file for descriptors.c...
creating preprocessor file for UVC.c...
compiling descriptors.c...
creating preprocessor file for LCD_LT7381.c...
creating list file for UVC.c...
compiling UVC.c...
creating list file for LCD_LT7381.c...
creating preprocessor file for drv_pdma.c...
creating preprocessor file for ff.c...
creating preprocessor file for diskio_SDH.c...
compiling LCD_LT7381.c...
creating list file for diskio_SDH.c...
creating preprocessor file for ffunicode.c...
compiling diskio_SDH.c...
creating list file for ffunicode.c...
compiling drv_pdma.c...
creating list file for drv_pdma.c...
compiling ffunicode.c...
compiling ff.c...
creating list file for ff.c...
linking...
Program Size: Code=126802 RO-data=72242 RW-data=2160 ZI-data=1474952  
After Build - User command #1: fromelf --bin ".\Objects\PoseLandmark.axf" --output ".\release\PoseLandmark.bin"
".\Objects\PoseLandmark.axf" - 0 Error(s), 0 Warning(s).

<h2>Software Packages used:</h2>

Package Vendor: Nuvoton
                https://github.com/OpenNuvoton/cmsis-packs/raw/master/Nuvoton_DFP/Nuvoton.NuMicroM55_DFP.1.0.2.pack
                Nuvoton::NuMicroM55_DFP@1.0.2
                Nuvoton ARM Cortex-M55 NuMicro Family Device Support

<h2>Collection of Component include folders:</h2>
  C:/Users/yuxia/AppData/Local/Arm/Packs/Nuvoton/NuMicroM55_DFP/1.0.2/Device/M55M1/Include

<h2>Collection of Component Files used:</h2>
Build Time Elapsed:  00:00:19
</pre>
</body>
</html>
