	.text
	.syntax unified
	.eabi_attribute	67, "2.09"	@ Tag_conformance
	.cpu	cortex-m55
	.eabi_attribute	6, 21	@ Tag_CPU_arch
	.eabi_attribute	7, 77	@ Tag_CPU_arch_profile
	.eabi_attribute	8, 0	@ Tag_ARM_ISA_use
	.eabi_attribute	9, 3	@ Tag_THUMB_ISA_use
	.fpu	fpv5-d16
	.arch_extension	mve.fp
	.eabi_attribute	36, 1	@ Tag_FP_HP_extension
	.eabi_attribute	48, 2	@ Tag_MVE_arch
	.eabi_attribute	46, 1	@ Tag_DSP_extension
	.eabi_attribute	34, 0	@ Tag_CPU_unaligned_access
	.eabi_attribute	17, 1	@ Tag_ABI_PCS_GOT_use
	.eabi_attribute	20, 2	@ Tag_ABI_FP_denormal
	.eabi_attribute	21, 0	@ Tag_ABI_FP_exceptions
	.eabi_attribute	23, 1	@ Tag_ABI_FP_number_model
	.eabi_attribute	24, 1	@ Tag_ABI_align_needed
	.eabi_attribute	25, 1	@ Tag_ABI_align_preserved
	.eabi_attribute	28, 1	@ Tag_ABI_VFP_args
	.eabi_attribute	38, 1	@ Tag_ABI_FP_16bit_format
	.eabi_attribute	18, 2	@ Tag_ABI_PCS_wchar_t
	.eabi_attribute	26, 1	@ Tag_ABI_enum_size
	.eabi_attribute	14, 0	@ Tag_ABI_PCS_R9_use
	.file	"Font8_16.c"
	.file	1 "C:\\Users\\yuxia\\AppData\\Local\\Keil_v5\\ARM\\ARMCLANG\\bin\\..\\include" "stdint.h"
	.file	2 "C:\\ML\\ML_M55M1_SampleCode-master 2\\ML_M55M1_SampleCode-master\\M55M1BSP-3.01.003\\SampleCode\\NuEdgeWise\\PoseLandmark_YOLOv8n\\KEIL" "../Device/Display/Font8_16.c"
	.hidden	Font8x16                        @ @Font8x16
	.type	Font8x16,%object
	.section	.data.Font8x16,"aw",%progbits
	.globl	Font8x16
Font8x16:
	.ascii	"\000\000\000\000\000\000\000\000\000\000\000\000\000\000\000\000\000\000\000\000\000\000\000\000\000\000\000\000\000\000\000\000\000\000\000\000\000\000\000\000\000\000\000\000\000\000\000\000\000\000\000\000\000\000\000\000\000\000\000\000\000\000\000\000\000\000\000\000\000\000\000\000\000\000\000\000\000\000\000\000\000\000\000\000\000\000\000\000\000\000\000\000\000\000\000\000\000\000\000\000\000\000\000\000\000\000\000\000\000\000\000\000\000\000\000\000\000\000\000\000\000\000\000\000\000\000\000\000\000\000\000\000\000\000\000\000\000\000\000\000\000\000\000\000\000\000\000\000\000\000\000\000\000\000\000\000\000\000\000\000\000\000\000\000\000\000\000\000\000\000\000\000\000\000\000\000\000\000\000\000\000\000\000\000\000\000\000\000\000\000\000\000\000\000\000\000\000\000\000\000\000\000\000\000\000\000\000\000\000\000\000\000\000\000\000\000\000\000\000\000\000\000\000\000\000\000\000\000\000\000\000\000\000\000\000\000\000\000\000\000\000\000\000\000\000\000\000\000\000\000\000\000\000\000\000\000\000\000\000\000\000\000\000\000\000\000\000\000\000\000\000\000\000\000\000\000\000\000\000\000\000\000\000\000\000\000\000\000\000\000\000\000\000\000\000\000\000\000\000\000\000\000\000\000\000\000\000\000\000\000\000\000\000\000\000\000\000\000\000\000\000\000\000\000\000\000\000\000\000\000\000\000\000\000\000\000\000\000\000\000\000\000\000\000\000\000\000\000\000\000\000\000\000\000\000\000\000\000\000\000\000\000\000\000\000\000\000\000\000\000\000\000\000\000\000\000\000\000\000\000\000\000\000\000\000\000\000\000\000\000\000\000\000\000\000\000\000\000\000\000\000\000\000\000\000\000\000\000\000\000\000\000\000\000\000\000\000\000\000\000\000\000\000\000\000\000\000\000\000\000\000\000\000\000\000\000\000\000\000\000\000\000\000\000\000\000\000\000\000\000\000\000\000\000\000\000\000\000\000\000\000\000\000\000\000\000\000\000\000\000\000\000\000\000\000\000\000\000\000\000\000\000\000\000\000\000\000\000\000\000\000\000\000\000\000\000\000\000\000\000\000\000\000\000\000\000\000\000\000\000\000\000\000\000\000\000\000\000\000\000\000\000\000\000\000\000\000\000\000\000\000\020\020\020\020\020\020\000\020\020\000\000\000\000\000\000\000$$$\000\000\000\000\000\000\000\000\000\000\000\000\000$$~$$$~$$\000\000\000\000\000\000\000\020|\220\220|\022\022|\020\000\000\000\000\000\000\000\000bd\b\020 L\214\000\000\000\000\000\000\000\000\000\030$ P\212\204J0\000\000\000\000\000\000\000\020\020 \000\000\000\000\000\000\000\000\000\000\000\000\b\020       \020\b\000\000\000\000\000 \020\b\b\b\b\b\b\b\020 \000\000\000\000\000\000\000\000\020T88T\020\000\000\000\000\000\000\000\000\000\000\020\020|\020\020\000\000\000\000\000\000\000\000\000\000\000\000\000\000\000\000\020\020 \000\000\000\000\000\000\000\000\000\000|\000\000\000\000\000\000\000\000\000\000\000\000\000\000\000\000\000\000\000\020\000\000\000\000\000\000\000\000\000\002\004\b\020 @\000\000\000\000\000\000\000\0008DDLTdDD8\000\000\000\000\000\000\000\0200\020\020\020\020\020\0208\000\000\000\000\000\000\0008D\004\004\b\020 @|\000\000\000\000\000\000\000|\004\b\0208\004\004\004x\000\000\000\000\000\000\000\b\030(HH|\b\b\b\000\000\000\000\000\000\000|@@@x\004\004\004x\000\000\000\000\000\000\000<@@@xDDD8\000\000\000\000\000\000\000|\004\004\b\020    \000\000\000\000\000\000\0008DDD8DDD8\000\000\000\000\000\000\0008DDD<\004\004\0048\000\000\000\000\000\000\000\000\000\000\000\020\000\000\020\000\000\000\000\000\000\000\000\000\000\000\000\000\020\000\020\020 \000\000\000\000\000\000\000\000\004\b\020 \020\b\004\000\000\000\000\000\000\000\000\000\000\000|\000|\000\000\000\000\000\000\000\000\000\000\000 \020\b\004\b\020 \000\000\000\000\000\0008DD\004\b\020\020\000\020\020\000\000\000\000\000\000\000\000\0008D\\T\\@<\000\000\000\000\000\000\030$BBB~BBBB\000\000\000\000\000\000|BBB|BBBB|\000\000\000\000\000\000<B@@@@@@B<\000\000\000\000\000\000|BBBBBBBB|\000\000\000\000\000\000~@@@x@@@@~\000\000\000\000\000\000~@@@x@@@@@\000\000\000\000\000\000<B@@^BBBB<\000\000\000\000\000\000BBBB~BBBBB\000\000\000\000\000\0008\020\020\020\020\020\020\020\0208\000\000\000\000\000\000\034\b\b\b\b\b\b\bH0\000\000\000\000\000\000BDHP``PHDB\000\000\000\000\000\000@@@@@@@@@~\000\000\000\000\000\000\202\202\306\306\252\252\222\222\202\202\000\000\000\000\000\000BbbRRJJFFB\000\000\000\000\000\000<BBBBBBBB<\000\000\000\000\000\000|BBBB|@@@@\000\000\000\000\000\000<BBBBBBBJ<\016\000\000\000\000\000|BBBB|PHDB\000\000\000\000\000\000<B@@<\002\002\002B<\000\000\000\000\000\000|\020\020\020\020\020\020\020\020\020\000\000\000\000\000\000BBBBBBBBB<\000\000\000\000\000\000DDDD(((\020\020\020\000\000\000\000\000\000\202\202\202\202TTT(((\000\000\000\000\000\000BB$\030\030\030$$BB\000\000\000\000\000\000DDDD((\020\020\020\020\000\000\000\000\000\000~\002\002\004\b\020 @@~\000\000\000\000\000\0008        8\000\000\000\000\000\000\000\000\000\000@ \020\b\004\002\000\000\000\000\000\000\034\004\004\004\004\004\004\004\004\034\000\000\000\000\000\000\000\000\020(D\000\000\000\000\000\000\000\000\000\000\000\000\000\000\000\000\000\000\000\000\000\377\000\000\000\000\000\000\020\020\b\000\000\000\000\000\000\000\000\000\000\000\000\000\000\000x\004<DDD:\000\000\000\000\000\000@@@\\bBBBb\\\000\000\000\000\000\000\000\000\000<B@@@B<\000\000\000\000\000\000\002\002\002:FBBBF:\000\000\000\000\000\000\000\000\000<BB~@B<\000\000\000\000\000\000\016\020\020\020<\020\020\020\020\020\000\000\000\000\000\000\000\000\000>BBBB>\002\002<\000\000\000\000@@@\\bBBBBB\000\000\000\000\000\000\000\b\000\b\b\b\b\b\b\b\000\000\000\000\000\000\000\004\000\004\004\004\004\004\004\004D8\000\000\000\000@@@BDHPhDB\000\000\000\000\000\000\020\020\020\020\020\020\020\020\020\020\000\000\000\000\000\000\000\000\000\354\222\222\222\222\222\222\000\000\000\000\000\000\000\000\000|BBBBBB\000\000\000\000\000\000\000\000\000<BBBBB<\000\000\000\000\000\000\000\000\000\\bBBBb\\@@\000\000\000\000\000\000\000:FBBBF:\002\002\000\000\000\000\000\000\000\\b@@@@@\000\000\000\000\000\000\000\000\000<B@<\002B<\000\000\000\000\000\000\000  x    \"\034\000\000\000\000\000\000\000\000\000BBBBBB>\000\000\000\000\000\000\000\000\000BBBBB$\030\000\000\000\000\000\000\000\000\000\202\202\202\222\222\252D\000\000\000\000\000\000\000\000\000BB$\030$BB\000\000\000\000\000\000\000\000\000BBBBB>\002\002<\000\000\000\000\000\000\000~\002\004\030 @~\000\000\000\000\000\000\b\020\020\020 @ \020\020\020\b\000\000\000\000\020\020\020\020\020\020\020\020\020\020\020\020\020\020\000\000\000 \020\020\020\b\004\b\020\020\020 \000\000\000\000\000\000\000\000\000\"T\210"
	.zero	23
	.size	Font8x16, 2048

	.section	.debug_abbrev,"",%progbits
	.byte	1                               @ Abbreviation Code
	.byte	17                              @ DW_TAG_compile_unit
	.byte	1                               @ DW_CHILDREN_yes
	.byte	37                              @ DW_AT_producer
	.byte	14                              @ DW_FORM_strp
	.byte	19                              @ DW_AT_language
	.byte	5                               @ DW_FORM_data2
	.byte	3                               @ DW_AT_name
	.byte	14                              @ DW_FORM_strp
	.byte	16                              @ DW_AT_stmt_list
	.byte	23                              @ DW_FORM_sec_offset
	.byte	27                              @ DW_AT_comp_dir
	.byte	14                              @ DW_FORM_strp
	.byte	0                               @ EOM(1)
	.byte	0                               @ EOM(2)
	.byte	2                               @ Abbreviation Code
	.byte	52                              @ DW_TAG_variable
	.byte	0                               @ DW_CHILDREN_no
	.byte	3                               @ DW_AT_name
	.byte	14                              @ DW_FORM_strp
	.byte	73                              @ DW_AT_type
	.byte	19                              @ DW_FORM_ref4
	.byte	63                              @ DW_AT_external
	.byte	25                              @ DW_FORM_flag_present
	.byte	58                              @ DW_AT_decl_file
	.byte	11                              @ DW_FORM_data1
	.byte	59                              @ DW_AT_decl_line
	.byte	11                              @ DW_FORM_data1
	.byte	2                               @ DW_AT_location
	.byte	24                              @ DW_FORM_exprloc
	.byte	0                               @ EOM(1)
	.byte	0                               @ EOM(2)
	.byte	3                               @ Abbreviation Code
	.byte	1                               @ DW_TAG_array_type
	.byte	1                               @ DW_CHILDREN_yes
	.byte	73                              @ DW_AT_type
	.byte	19                              @ DW_FORM_ref4
	.byte	0                               @ EOM(1)
	.byte	0                               @ EOM(2)
	.byte	4                               @ Abbreviation Code
	.byte	33                              @ DW_TAG_subrange_type
	.byte	0                               @ DW_CHILDREN_no
	.byte	73                              @ DW_AT_type
	.byte	19                              @ DW_FORM_ref4
	.byte	55                              @ DW_AT_count
	.byte	5                               @ DW_FORM_data2
	.byte	0                               @ EOM(1)
	.byte	0                               @ EOM(2)
	.byte	5                               @ Abbreviation Code
	.byte	22                              @ DW_TAG_typedef
	.byte	0                               @ DW_CHILDREN_no
	.byte	73                              @ DW_AT_type
	.byte	19                              @ DW_FORM_ref4
	.byte	3                               @ DW_AT_name
	.byte	14                              @ DW_FORM_strp
	.byte	58                              @ DW_AT_decl_file
	.byte	11                              @ DW_FORM_data1
	.byte	59                              @ DW_AT_decl_line
	.byte	11                              @ DW_FORM_data1
	.byte	0                               @ EOM(1)
	.byte	0                               @ EOM(2)
	.byte	6                               @ Abbreviation Code
	.byte	36                              @ DW_TAG_base_type
	.byte	0                               @ DW_CHILDREN_no
	.byte	3                               @ DW_AT_name
	.byte	14                              @ DW_FORM_strp
	.byte	62                              @ DW_AT_encoding
	.byte	11                              @ DW_FORM_data1
	.byte	11                              @ DW_AT_byte_size
	.byte	11                              @ DW_FORM_data1
	.byte	0                               @ EOM(1)
	.byte	0                               @ EOM(2)
	.byte	7                               @ Abbreviation Code
	.byte	36                              @ DW_TAG_base_type
	.byte	0                               @ DW_CHILDREN_no
	.byte	3                               @ DW_AT_name
	.byte	14                              @ DW_FORM_strp
	.byte	11                              @ DW_AT_byte_size
	.byte	11                              @ DW_FORM_data1
	.byte	62                              @ DW_AT_encoding
	.byte	11                              @ DW_FORM_data1
	.byte	0                               @ EOM(1)
	.byte	0                               @ EOM(2)
	.byte	0                               @ EOM(3)
	.section	.debug_info,"",%progbits
.Lcu_begin0:
	.long	.Ldebug_info_end0-.Ldebug_info_start0 @ Length of Unit
.Ldebug_info_start0:
	.short	4                               @ DWARF version number
	.long	.debug_abbrev                   @ Offset Into Abbrev. Section
	.byte	4                               @ Address Size (in bytes)
	.byte	1                               @ Abbrev [1] 0xb:0x4b DW_TAG_compile_unit
	.long	.Linfo_string0                  @ DW_AT_producer
	.short	29                              @ DW_AT_language
	.long	.Linfo_string1                  @ DW_AT_name
	.long	.Lline_table_start0             @ DW_AT_stmt_list
	.long	.Linfo_string2                  @ DW_AT_comp_dir
	.byte	2                               @ Abbrev [2] 0x1e:0x11 DW_TAG_variable
	.long	.Linfo_string3                  @ DW_AT_name
	.long	47                              @ DW_AT_type
                                        @ DW_AT_external
	.byte	2                               @ DW_AT_decl_file
	.byte	17                              @ DW_AT_decl_line
	.byte	5                               @ DW_AT_location
	.byte	3
	.long	Font8x16
	.byte	3                               @ Abbrev [3] 0x2f:0xd DW_TAG_array_type
	.long	60                              @ DW_AT_type
	.byte	4                               @ Abbrev [4] 0x34:0x7 DW_TAG_subrange_type
	.long	78                              @ DW_AT_type
	.short	2048                            @ DW_AT_count
	.byte	0                               @ End Of Children Mark
	.byte	5                               @ Abbrev [5] 0x3c:0xb DW_TAG_typedef
	.long	71                              @ DW_AT_type
	.long	.Linfo_string5                  @ DW_AT_name
	.byte	1                               @ DW_AT_decl_file
	.byte	62                              @ DW_AT_decl_line
	.byte	6                               @ Abbrev [6] 0x47:0x7 DW_TAG_base_type
	.long	.Linfo_string4                  @ DW_AT_name
	.byte	8                               @ DW_AT_encoding
	.byte	1                               @ DW_AT_byte_size
	.byte	7                               @ Abbrev [7] 0x4e:0x7 DW_TAG_base_type
	.long	.Linfo_string6                  @ DW_AT_name
	.byte	8                               @ DW_AT_byte_size
	.byte	7                               @ DW_AT_encoding
	.byte	0                               @ End Of Children Mark
.Ldebug_info_end0:
	.section	.debug_str,"MS",%progbits,1
.Linfo_string0:
	.asciz	"Component: Arm Compiler for Embedded 6.22 Tool: armclang [5ee92100]" @ string offset=0
.Linfo_string1:
	.asciz	"../Device/Display\\Font8_16.c" @ string offset=68
.Linfo_string2:
	.asciz	"C:\\ML\\ML_M55M1_SampleCode-master 2\\ML_M55M1_SampleCode-master\\M55M1BSP-3.01.003\\SampleCode\\NuEdgeWise\\PoseLandmark_YOLOv8n\\KEIL" @ string offset=97
.Linfo_string3:
	.asciz	"Font8x16"                      @ string offset=225
.Linfo_string4:
	.asciz	"unsigned char"                 @ string offset=234
.Linfo_string5:
	.asciz	"uint8_t"                       @ string offset=248
.Linfo_string6:
	.asciz	"__ARRAY_SIZE_TYPE__"           @ string offset=256
	.ident	"Component: Arm Compiler for Embedded 6.22 Tool: armclang [5ee92100]"
	.section	".note.GNU-stack","",%progbits
	.ARM_attribute	16, 1	@ Tag_AV_eba
	.section	.debug_line,"",%progbits
.Lline_table_start0:
