	.text
	.syntax unified
	.eabi_attribute	67, "2.09"	@ Tag_conformance
	.cpu	cortex-m55
	.eabi_attribute	6, 21	@ Tag_CPU_arch
	.eabi_attribute	7, 77	@ Tag_CPU_arch_profile
	.eabi_attribute	8, 0	@ Tag_ARM_ISA_use
	.eabi_attribute	9, 3	@ Tag_THUMB_ISA_use
	.fpu	fpv5-d16
	.arch_extension	mve.fp
	.eabi_attribute	36, 1	@ Tag_FP_HP_extension
	.eabi_attribute	48, 2	@ Tag_MVE_arch
	.eabi_attribute	46, 1	@ Tag_DSP_extension
	.eabi_attribute	34, 1	@ Tag_CPU_unaligned_access
	.eabi_attribute	17, 1	@ Tag_ABI_PCS_GOT_use
	.eabi_attribute	20, 2	@ Tag_ABI_FP_denormal
	.eabi_attribute	21, 0	@ Tag_ABI_FP_exceptions
	.eabi_attribute	23, 1	@ Tag_ABI_FP_number_model
	.eabi_attribute	24, 1	@ Tag_ABI_align_needed
	.eabi_attribute	25, 1	@ Tag_ABI_align_preserved
	.eabi_attribute	28, 1	@ Tag_ABI_VFP_args
	.eabi_attribute	38, 1	@ Tag_ABI_FP_16bit_format
	.eabi_attribute	18, 2	@ Tag_ABI_PCS_wchar_t
	.eabi_attribute	26, 1	@ Tag_ABI_enum_size
	.eabi_attribute	14, 0	@ Tag_ABI_PCS_R9_use
	.file	"ModelFileReader.c"
	.file	1 "C:\\ML\\ML_M55M1_SampleCode-master 2\\ML_M55M1_SampleCode-master\\M55M1BSP-3.01.003\\SampleCode\\NuEdgeWise\\PoseLandmark_YOLOv8n\\KEIL" "../ModelFileReader.c"
	.file	2 "C:\\ML\\ML_M55M1_SampleCode-master 2\\ML_M55M1_SampleCode-master\\M55M1BSP-3.01.003\\SampleCode\\NuEdgeWise\\PoseLandmark_YOLOv8n\\KEIL" "../../../../ThirdParty/FatFs/source\\ff.h"
	.file	3 "C:\\Users\\yuxia\\AppData\\Local\\Keil_v5\\ARM\\ARMCLANG\\bin\\..\\include" "stdint.h"
	.file	4 "C:\\ML\\ML_M55M1_SampleCode-master 2\\ML_M55M1_SampleCode-master\\M55M1BSP-3.01.003\\SampleCode\\NuEdgeWise\\PoseLandmark_YOLOv8n\\KEIL" "../../../../Library/Device/Nuvoton/M55M1/Include\\ccap_reg.h"
	.section	.text.ModelFileReader_Initialize,"ax",%progbits
	.hidden	ModelFileReader_Initialize      @ -- Begin function ModelFileReader_Initialize
	.globl	ModelFileReader_Initialize
	.p2align	2
	.type	ModelFileReader_Initialize,%function
	.code	16                              @ @ModelFileReader_Initialize
	.thumb_func
ModelFileReader_Initialize:
.Lfunc_begin0:
	.loc	1 26 0                          @ ../ModelFileReader.c:26:0
	.fnstart
	.cfi_sections .debug_frame
	.cfi_startproc
@ %bb.0:
	@DEBUG_VALUE: ModelFileReader_Initialize:pszOutFileName <- $r0
	.save	{r4, lr}
	push	{r4, lr}
	.cfi_def_cfa_offset 8
	.cfi_offset lr, -4
	.cfi_offset r4, -8
	mov	r1, r0
.Ltmp0:
	@DEBUG_VALUE: ModelFileReader_Initialize:pszOutFileName <- $r1
	.loc	1 29 11 prologue_end            @ ../ModelFileReader.c:29:11
	movw	r0, :lower16:modelFileObject
	movt	r0, :upper16:modelFileObject
	movs	r2, #1
	movs	r4, #1
	bl	f_open
.Ltmp1:
	@DEBUG_VALUE: ModelFileReader_Initialize:res <- $r0
	.loc	1 31 9                          @ ../ModelFileReader.c:31:9
	cbz	r0, .LBB0_2
.Ltmp2:
@ %bb.1:
	@DEBUG_VALUE: ModelFileReader_Initialize:res <- $r0
	.loc	1 33 9                          @ ../ModelFileReader.c:33:9
	adr	r0, .LCPI0_0
.Ltmp3:
	bl	puts
.Ltmp4:
	.loc	1 0 9 is_stmt 0                 @ ../ModelFileReader.c:0:9
	movs	r4, #0
.Ltmp5:
.LBB0_2:
	.loc	1 38 1 is_stmt 1                @ ../ModelFileReader.c:38:1
	mov	r0, r4
	.loc	1 38 1 epilogue_begin is_stmt 0 @ ../ModelFileReader.c:38:1
	pop	{r4, pc}
.Ltmp6:
	.p2align	2
@ %bb.3:
	.loc	1 0 1                           @ ../ModelFileReader.c:0:1
.LCPI0_0:
.Lstr:
	.asciz	"Open file error!\000\000\000"
.Lfunc_end0:
	.size	ModelFileReader_Initialize, .Lfunc_end0-ModelFileReader_Initialize
	.cfi_endproc
	.cantunwind
	.fnend
                                        @ -- End function
	.section	.text.ModelFileReader_Finish,"ax",%progbits
	.hidden	ModelFileReader_Finish          @ -- Begin function ModelFileReader_Finish
	.globl	ModelFileReader_Finish
	.p2align	2
	.type	ModelFileReader_Finish,%function
	.code	16                              @ @ModelFileReader_Finish
	.thumb_func
ModelFileReader_Finish:
.Lfunc_begin1:
	.loc	1 42 0 is_stmt 1                @ ../ModelFileReader.c:42:0
	.fnstart
	.cfi_startproc
@ %bb.0:
	.save	{r7, lr}
	push	{r7, lr}
	.cfi_def_cfa_offset 8
	.cfi_offset lr, -4
	.cfi_offset r7, -8
.Ltmp7:
	.loc	1 43 14 prologue_end            @ ../ModelFileReader.c:43:14
	movw	r0, :lower16:modelFileObject
	movt	r0, :upper16:modelFileObject
	bl	f_close
.Ltmp8:
	.loc	1 43 11 is_stmt 0               @ ../ModelFileReader.c:43:11
	cmp	r0, #0
	cset	r0, eq
.Ltmp9:
	.loc	1 47 1 epilogue_begin is_stmt 1 @ ../ModelFileReader.c:47:1
	pop	{r7, pc}
.Ltmp10:
.Lfunc_end1:
	.size	ModelFileReader_Finish, .Lfunc_end1-ModelFileReader_Finish
	.cfi_endproc
	.cantunwind
	.fnend
                                        @ -- End function
	.section	.text.ModelFileReader_ReadData,"ax",%progbits
	.hidden	ModelFileReader_ReadData        @ -- Begin function ModelFileReader_ReadData
	.globl	ModelFileReader_ReadData
	.p2align	2
	.type	ModelFileReader_ReadData,%function
	.code	16                              @ @ModelFileReader_ReadData
	.thumb_func
ModelFileReader_ReadData:
.Lfunc_begin2:
	.fnstart
	.cfi_startproc
@ %bb.0:
	@DEBUG_VALUE: ModelFileReader_ReadData:pbyData <- $r0
	@DEBUG_VALUE: ModelFileReader_ReadData:i32DataSize <- $r1
	.loc	1 58 6 prologue_end             @ ../ModelFileReader.c:58:6
	movw	r2, :lower16:modelFileObject
	movt	r2, :upper16:modelFileObject
	ldr	r3, [r2, #12]
	ldr	r2, [r2, #20]
.Ltmp11:
	@DEBUG_VALUE: ModelFileReader_ReadData:i32DataSize <- $r1
	.loc	1 58 6 is_stmt 0                @ ../ModelFileReader.c:58:6
	cmp	r2, r3
	@DEBUG_VALUE: ModelFileReader_ReadData:pbyData <- $r0
	itt	eq
	moveq.w	r0, #-1
.Ltmp12:
	.loc	1 68 1 is_stmt 1                @ ../ModelFileReader.c:68:1
	bxeq	lr
.Ltmp13:
.LBB2_1:
	@DEBUG_VALUE: ModelFileReader_ReadData:i32DataSize <- $r1
	.save	{r7, lr}
	push	{r7, lr}
	.cfi_def_cfa_offset 8
	.cfi_offset lr, -4
	.cfi_offset r7, -8
	.pad	#8
	sub	sp, #8
	.cfi_def_cfa_offset 16
	mov	r12, r1
.Ltmp14:
	@DEBUG_VALUE: ModelFileReader_ReadData:i32DataSize <- $r12
	.loc	1 0 1 is_stmt 0                 @ ../ModelFileReader.c:0:1
	mov	r1, r0
.Ltmp15:
	@DEBUG_VALUE: ModelFileReader_ReadData:pbyData <- $r1
	.loc	1 61 8 is_stmt 1                @ ../ModelFileReader.c:61:8
	movw	r0, :lower16:modelFileObject
	add	r3, sp, #4
	movt	r0, :upper16:modelFileObject
	mov	r2, r12
	bl	f_read
.Ltmp16:
	mov	r1, r0
.Ltmp17:
	@DEBUG_VALUE: ModelFileReader_ReadData:res <- $r1
	.loc	1 0 8 is_stmt 0                 @ ../ModelFileReader.c:0:8
	ldr	r0, [sp, #4]
	.loc	1 62 5 is_stmt 1                @ ../ModelFileReader.c:62:5
	cmp	r1, #0
	it	ne
	mvnne	r0, #1
	add	sp, #8
	pop	{r7, pc}
.Ltmp18:
.Lfunc_end2:
	.size	ModelFileReader_ReadData, .Lfunc_end2-ModelFileReader_ReadData
	.cfi_endproc
	.cantunwind
	.fnend
                                        @ -- End function
	.section	.text.ModelFileReader_FileSize,"ax",%progbits
	.hidden	ModelFileReader_FileSize        @ -- Begin function ModelFileReader_FileSize
	.globl	ModelFileReader_FileSize
	.p2align	2
	.type	ModelFileReader_FileSize,%function
	.code	16                              @ @ModelFileReader_FileSize
	.thumb_func
ModelFileReader_FileSize:
.Lfunc_begin3:
	.fnstart
	.cfi_startproc
@ %bb.0:
	.loc	1 73 9 prologue_end             @ ../ModelFileReader.c:73:9
	movw	r0, :lower16:modelFileObject
	movt	r0, :upper16:modelFileObject
	ldr	r0, [r0, #12]
	.loc	1 73 2 is_stmt 0                @ ../ModelFileReader.c:73:2
	bx	lr
.Ltmp19:
.Lfunc_end3:
	.size	ModelFileReader_FileSize, .Lfunc_end3-ModelFileReader_FileSize
	.cfi_endproc
	.cantunwind
	.fnend
                                        @ -- End function
	.section	.text.ModelFileReader_Rewind,"ax",%progbits
	.hidden	ModelFileReader_Rewind          @ -- Begin function ModelFileReader_Rewind
	.globl	ModelFileReader_Rewind
	.p2align	2
	.type	ModelFileReader_Rewind,%function
	.code	16                              @ @ModelFileReader_Rewind
	.thumb_func
ModelFileReader_Rewind:
.Lfunc_begin4:
	.fnstart
	.cfi_startproc
@ %bb.0:
	.loc	1 79 2 prologue_end is_stmt 1   @ ../ModelFileReader.c:79:2
	movw	r0, :lower16:modelFileObject
	movs	r1, #0
	movt	r0, :upper16:modelFileObject
.Ltmp20:
	b	f_lseek
.Ltmp21:
.Lfunc_end4:
	.size	ModelFileReader_Rewind, .Lfunc_end4-ModelFileReader_Rewind
	.cfi_endproc
	.cantunwind
	.fnend
                                        @ -- End function
	.type	modelFileObject,%object         @ @modelFileObject
	.section	.bss.modelFileObject,"aw",%nobits
	.p2align	2, 0x0
modelFileObject:
	.zero	552
	.size	modelFileObject, 552

	.file	5 "C:\\ML\\ML_M55M1_SampleCode-master 2\\ML_M55M1_SampleCode-master\\M55M1BSP-3.01.003\\SampleCode\\NuEdgeWise\\PoseLandmark_YOLOv8n\\KEIL" "..\\ModelFileReader.h"
	.file	6 "C:\\Users\\yuxia\\AppData\\Local\\Keil_v5\\ARM\\ARMCLANG\\bin\\..\\include" "stddef.h"
	.section	.debug_loc,"",%progbits
.Ldebug_loc0:
	.long	-1
	.long	.Lfunc_begin0                   @   base address
	.long	.Lfunc_begin0-.Lfunc_begin0
	.long	.Ltmp0-.Lfunc_begin0
	.short	1                               @ Loc expr size
	.byte	80                              @ DW_OP_reg0
	.long	.Ltmp0-.Lfunc_begin0
	.long	.Ltmp1-.Lfunc_begin0
	.short	1                               @ Loc expr size
	.byte	81                              @ DW_OP_reg1
	.long	0
	.long	0
.Ldebug_loc1:
	.long	-1
	.long	.Lfunc_begin0                   @   base address
	.long	.Ltmp1-.Lfunc_begin0
	.long	.Ltmp3-.Lfunc_begin0
	.short	1                               @ Loc expr size
	.byte	80                              @ DW_OP_reg0
	.long	0
	.long	0
.Ldebug_loc2:
	.long	-1
	.long	.Lfunc_begin2                   @   base address
	.long	.Lfunc_begin2-.Lfunc_begin2
	.long	.Ltmp12-.Lfunc_begin2
	.short	1                               @ Loc expr size
	.byte	80                              @ DW_OP_reg0
	.long	.Ltmp15-.Lfunc_begin2
	.long	.Ltmp16-.Lfunc_begin2
	.short	1                               @ Loc expr size
	.byte	81                              @ DW_OP_reg1
	.long	0
	.long	0
.Ldebug_loc3:
	.long	-1
	.long	.Lfunc_begin2                   @   base address
	.long	.Lfunc_begin2-.Lfunc_begin2
	.long	.Ltmp14-.Lfunc_begin2
	.short	1                               @ Loc expr size
	.byte	81                              @ DW_OP_reg1
	.long	.Ltmp14-.Lfunc_begin2
	.long	.Ltmp16-.Lfunc_begin2
	.short	1                               @ Loc expr size
	.byte	92                              @ DW_OP_reg12
	.long	0
	.long	0
.Ldebug_loc4:
	.long	-1
	.long	.Lfunc_begin2                   @   base address
	.long	.Ltmp17-.Lfunc_begin2
	.long	.Lfunc_end2-.Lfunc_begin2
	.short	1                               @ Loc expr size
	.byte	81                              @ DW_OP_reg1
	.long	0
	.long	0
	.section	.debug_abbrev,"",%progbits
	.byte	1                               @ Abbreviation Code
	.byte	17                              @ DW_TAG_compile_unit
	.byte	1                               @ DW_CHILDREN_yes
	.byte	37                              @ DW_AT_producer
	.byte	14                              @ DW_FORM_strp
	.byte	19                              @ DW_AT_language
	.byte	5                               @ DW_FORM_data2
	.byte	3                               @ DW_AT_name
	.byte	14                              @ DW_FORM_strp
	.byte	16                              @ DW_AT_stmt_list
	.byte	23                              @ DW_FORM_sec_offset
	.byte	27                              @ DW_AT_comp_dir
	.byte	14                              @ DW_FORM_strp
	.byte	17                              @ DW_AT_low_pc
	.byte	1                               @ DW_FORM_addr
	.byte	85                              @ DW_AT_ranges
	.byte	23                              @ DW_FORM_sec_offset
	.byte	0                               @ EOM(1)
	.byte	0                               @ EOM(2)
	.byte	2                               @ Abbreviation Code
	.byte	52                              @ DW_TAG_variable
	.byte	0                               @ DW_CHILDREN_no
	.byte	73                              @ DW_AT_type
	.byte	19                              @ DW_FORM_ref4
	.byte	58                              @ DW_AT_decl_file
	.byte	11                              @ DW_FORM_data1
	.byte	59                              @ DW_AT_decl_line
	.byte	11                              @ DW_FORM_data1
	.byte	0                               @ EOM(1)
	.byte	0                               @ EOM(2)
	.byte	3                               @ Abbreviation Code
	.byte	1                               @ DW_TAG_array_type
	.byte	1                               @ DW_CHILDREN_yes
	.byte	73                              @ DW_AT_type
	.byte	19                              @ DW_FORM_ref4
	.byte	0                               @ EOM(1)
	.byte	0                               @ EOM(2)
	.byte	4                               @ Abbreviation Code
	.byte	33                              @ DW_TAG_subrange_type
	.byte	0                               @ DW_CHILDREN_no
	.byte	73                              @ DW_AT_type
	.byte	19                              @ DW_FORM_ref4
	.byte	55                              @ DW_AT_count
	.byte	11                              @ DW_FORM_data1
	.byte	0                               @ EOM(1)
	.byte	0                               @ EOM(2)
	.byte	5                               @ Abbreviation Code
	.byte	36                              @ DW_TAG_base_type
	.byte	0                               @ DW_CHILDREN_no
	.byte	3                               @ DW_AT_name
	.byte	14                              @ DW_FORM_strp
	.byte	62                              @ DW_AT_encoding
	.byte	11                              @ DW_FORM_data1
	.byte	11                              @ DW_AT_byte_size
	.byte	11                              @ DW_FORM_data1
	.byte	0                               @ EOM(1)
	.byte	0                               @ EOM(2)
	.byte	6                               @ Abbreviation Code
	.byte	36                              @ DW_TAG_base_type
	.byte	0                               @ DW_CHILDREN_no
	.byte	3                               @ DW_AT_name
	.byte	14                              @ DW_FORM_strp
	.byte	11                              @ DW_AT_byte_size
	.byte	11                              @ DW_FORM_data1
	.byte	62                              @ DW_AT_encoding
	.byte	11                              @ DW_FORM_data1
	.byte	0                               @ EOM(1)
	.byte	0                               @ EOM(2)
	.byte	7                               @ Abbreviation Code
	.byte	52                              @ DW_TAG_variable
	.byte	0                               @ DW_CHILDREN_no
	.byte	3                               @ DW_AT_name
	.byte	14                              @ DW_FORM_strp
	.byte	73                              @ DW_AT_type
	.byte	19                              @ DW_FORM_ref4
	.byte	58                              @ DW_AT_decl_file
	.byte	11                              @ DW_FORM_data1
	.byte	59                              @ DW_AT_decl_line
	.byte	11                              @ DW_FORM_data1
	.byte	2                               @ DW_AT_location
	.byte	24                              @ DW_FORM_exprloc
	.byte	0                               @ EOM(1)
	.byte	0                               @ EOM(2)
	.byte	8                               @ Abbreviation Code
	.byte	22                              @ DW_TAG_typedef
	.byte	0                               @ DW_CHILDREN_no
	.byte	73                              @ DW_AT_type
	.byte	19                              @ DW_FORM_ref4
	.byte	3                               @ DW_AT_name
	.byte	14                              @ DW_FORM_strp
	.byte	58                              @ DW_AT_decl_file
	.byte	11                              @ DW_FORM_data1
	.byte	59                              @ DW_AT_decl_line
	.byte	11                              @ DW_FORM_data1
	.byte	0                               @ EOM(1)
	.byte	0                               @ EOM(2)
	.byte	9                               @ Abbreviation Code
	.byte	19                              @ DW_TAG_structure_type
	.byte	1                               @ DW_CHILDREN_yes
	.byte	11                              @ DW_AT_byte_size
	.byte	5                               @ DW_FORM_data2
	.byte	58                              @ DW_AT_decl_file
	.byte	11                              @ DW_FORM_data1
	.byte	59                              @ DW_AT_decl_line
	.byte	11                              @ DW_FORM_data1
	.byte	0                               @ EOM(1)
	.byte	0                               @ EOM(2)
	.byte	10                              @ Abbreviation Code
	.byte	13                              @ DW_TAG_member
	.byte	0                               @ DW_CHILDREN_no
	.byte	3                               @ DW_AT_name
	.byte	14                              @ DW_FORM_strp
	.byte	73                              @ DW_AT_type
	.byte	19                              @ DW_FORM_ref4
	.byte	58                              @ DW_AT_decl_file
	.byte	11                              @ DW_FORM_data1
	.byte	59                              @ DW_AT_decl_line
	.byte	11                              @ DW_FORM_data1
	.byte	56                              @ DW_AT_data_member_location
	.byte	11                              @ DW_FORM_data1
	.byte	0                               @ EOM(1)
	.byte	0                               @ EOM(2)
	.byte	11                              @ Abbreviation Code
	.byte	19                              @ DW_TAG_structure_type
	.byte	1                               @ DW_CHILDREN_yes
	.byte	11                              @ DW_AT_byte_size
	.byte	11                              @ DW_FORM_data1
	.byte	58                              @ DW_AT_decl_file
	.byte	11                              @ DW_FORM_data1
	.byte	59                              @ DW_AT_decl_line
	.byte	11                              @ DW_FORM_data1
	.byte	0                               @ EOM(1)
	.byte	0                               @ EOM(2)
	.byte	12                              @ Abbreviation Code
	.byte	15                              @ DW_TAG_pointer_type
	.byte	0                               @ DW_CHILDREN_no
	.byte	73                              @ DW_AT_type
	.byte	19                              @ DW_FORM_ref4
	.byte	0                               @ EOM(1)
	.byte	0                               @ EOM(2)
	.byte	13                              @ Abbreviation Code
	.byte	33                              @ DW_TAG_subrange_type
	.byte	0                               @ DW_CHILDREN_no
	.byte	73                              @ DW_AT_type
	.byte	19                              @ DW_FORM_ref4
	.byte	55                              @ DW_AT_count
	.byte	5                               @ DW_FORM_data2
	.byte	0                               @ EOM(1)
	.byte	0                               @ EOM(2)
	.byte	14                              @ Abbreviation Code
	.byte	4                               @ DW_TAG_enumeration_type
	.byte	1                               @ DW_CHILDREN_yes
	.byte	73                              @ DW_AT_type
	.byte	19                              @ DW_FORM_ref4
	.byte	11                              @ DW_AT_byte_size
	.byte	11                              @ DW_FORM_data1
	.byte	58                              @ DW_AT_decl_file
	.byte	11                              @ DW_FORM_data1
	.byte	59                              @ DW_AT_decl_line
	.byte	5                               @ DW_FORM_data2
	.byte	0                               @ EOM(1)
	.byte	0                               @ EOM(2)
	.byte	15                              @ Abbreviation Code
	.byte	40                              @ DW_TAG_enumerator
	.byte	0                               @ DW_CHILDREN_no
	.byte	3                               @ DW_AT_name
	.byte	14                              @ DW_FORM_strp
	.byte	28                              @ DW_AT_const_value
	.byte	15                              @ DW_FORM_udata
	.byte	0                               @ EOM(1)
	.byte	0                               @ EOM(2)
	.byte	16                              @ Abbreviation Code
	.byte	38                              @ DW_TAG_const_type
	.byte	0                               @ DW_CHILDREN_no
	.byte	73                              @ DW_AT_type
	.byte	19                              @ DW_FORM_ref4
	.byte	0                               @ EOM(1)
	.byte	0                               @ EOM(2)
	.byte	17                              @ Abbreviation Code
	.byte	22                              @ DW_TAG_typedef
	.byte	0                               @ DW_CHILDREN_no
	.byte	73                              @ DW_AT_type
	.byte	19                              @ DW_FORM_ref4
	.byte	3                               @ DW_AT_name
	.byte	14                              @ DW_FORM_strp
	.byte	58                              @ DW_AT_decl_file
	.byte	11                              @ DW_FORM_data1
	.byte	59                              @ DW_AT_decl_line
	.byte	5                               @ DW_FORM_data2
	.byte	0                               @ EOM(1)
	.byte	0                               @ EOM(2)
	.byte	18                              @ Abbreviation Code
	.byte	13                              @ DW_TAG_member
	.byte	0                               @ DW_CHILDREN_no
	.byte	3                               @ DW_AT_name
	.byte	14                              @ DW_FORM_strp
	.byte	73                              @ DW_AT_type
	.byte	19                              @ DW_FORM_ref4
	.byte	58                              @ DW_AT_decl_file
	.byte	11                              @ DW_FORM_data1
	.byte	59                              @ DW_AT_decl_line
	.byte	5                               @ DW_FORM_data2
	.byte	56                              @ DW_AT_data_member_location
	.byte	11                              @ DW_FORM_data1
	.byte	0                               @ EOM(1)
	.byte	0                               @ EOM(2)
	.byte	19                              @ Abbreviation Code
	.byte	13                              @ DW_TAG_member
	.byte	0                               @ DW_CHILDREN_no
	.byte	3                               @ DW_AT_name
	.byte	14                              @ DW_FORM_strp
	.byte	73                              @ DW_AT_type
	.byte	19                              @ DW_FORM_ref4
	.byte	58                              @ DW_AT_decl_file
	.byte	11                              @ DW_FORM_data1
	.byte	59                              @ DW_AT_decl_line
	.byte	5                               @ DW_FORM_data2
	.byte	56                              @ DW_AT_data_member_location
	.byte	5                               @ DW_FORM_data2
	.byte	0                               @ EOM(1)
	.byte	0                               @ EOM(2)
	.byte	20                              @ Abbreviation Code
	.byte	53                              @ DW_TAG_volatile_type
	.byte	0                               @ DW_CHILDREN_no
	.byte	73                              @ DW_AT_type
	.byte	19                              @ DW_FORM_ref4
	.byte	0                               @ EOM(1)
	.byte	0                               @ EOM(2)
	.byte	21                              @ Abbreviation Code
	.byte	46                              @ DW_TAG_subprogram
	.byte	1                               @ DW_CHILDREN_yes
	.byte	17                              @ DW_AT_low_pc
	.byte	1                               @ DW_FORM_addr
	.byte	18                              @ DW_AT_high_pc
	.byte	6                               @ DW_FORM_data4
	.byte	64                              @ DW_AT_frame_base
	.byte	24                              @ DW_FORM_exprloc
	.ascii	"\227B"                         @ DW_AT_GNU_all_call_sites
	.byte	25                              @ DW_FORM_flag_present
	.byte	3                               @ DW_AT_name
	.byte	14                              @ DW_FORM_strp
	.byte	58                              @ DW_AT_decl_file
	.byte	11                              @ DW_FORM_data1
	.byte	59                              @ DW_AT_decl_line
	.byte	11                              @ DW_FORM_data1
	.byte	39                              @ DW_AT_prototyped
	.byte	25                              @ DW_FORM_flag_present
	.byte	73                              @ DW_AT_type
	.byte	19                              @ DW_FORM_ref4
	.byte	63                              @ DW_AT_external
	.byte	25                              @ DW_FORM_flag_present
	.byte	0                               @ EOM(1)
	.byte	0                               @ EOM(2)
	.byte	22                              @ Abbreviation Code
	.byte	5                               @ DW_TAG_formal_parameter
	.byte	0                               @ DW_CHILDREN_no
	.byte	2                               @ DW_AT_location
	.byte	23                              @ DW_FORM_sec_offset
	.byte	3                               @ DW_AT_name
	.byte	14                              @ DW_FORM_strp
	.byte	58                              @ DW_AT_decl_file
	.byte	11                              @ DW_FORM_data1
	.byte	59                              @ DW_AT_decl_line
	.byte	11                              @ DW_FORM_data1
	.byte	73                              @ DW_AT_type
	.byte	19                              @ DW_FORM_ref4
	.byte	0                               @ EOM(1)
	.byte	0                               @ EOM(2)
	.byte	23                              @ Abbreviation Code
	.byte	52                              @ DW_TAG_variable
	.byte	0                               @ DW_CHILDREN_no
	.byte	2                               @ DW_AT_location
	.byte	23                              @ DW_FORM_sec_offset
	.byte	3                               @ DW_AT_name
	.byte	14                              @ DW_FORM_strp
	.byte	58                              @ DW_AT_decl_file
	.byte	11                              @ DW_FORM_data1
	.byte	59                              @ DW_AT_decl_line
	.byte	11                              @ DW_FORM_data1
	.byte	73                              @ DW_AT_type
	.byte	19                              @ DW_FORM_ref4
	.byte	0                               @ EOM(1)
	.byte	0                               @ EOM(2)
	.byte	24                              @ Abbreviation Code
	.byte	46                              @ DW_TAG_subprogram
	.byte	0                               @ DW_CHILDREN_no
	.byte	17                              @ DW_AT_low_pc
	.byte	1                               @ DW_FORM_addr
	.byte	18                              @ DW_AT_high_pc
	.byte	6                               @ DW_FORM_data4
	.byte	64                              @ DW_AT_frame_base
	.byte	24                              @ DW_FORM_exprloc
	.ascii	"\227B"                         @ DW_AT_GNU_all_call_sites
	.byte	25                              @ DW_FORM_flag_present
	.byte	3                               @ DW_AT_name
	.byte	14                              @ DW_FORM_strp
	.byte	58                              @ DW_AT_decl_file
	.byte	11                              @ DW_FORM_data1
	.byte	59                              @ DW_AT_decl_line
	.byte	11                              @ DW_FORM_data1
	.byte	39                              @ DW_AT_prototyped
	.byte	25                              @ DW_FORM_flag_present
	.byte	73                              @ DW_AT_type
	.byte	19                              @ DW_FORM_ref4
	.byte	63                              @ DW_AT_external
	.byte	25                              @ DW_FORM_flag_present
	.byte	0                               @ EOM(1)
	.byte	0                               @ EOM(2)
	.byte	25                              @ Abbreviation Code
	.byte	52                              @ DW_TAG_variable
	.byte	0                               @ DW_CHILDREN_no
	.byte	2                               @ DW_AT_location
	.byte	24                              @ DW_FORM_exprloc
	.byte	3                               @ DW_AT_name
	.byte	14                              @ DW_FORM_strp
	.byte	58                              @ DW_AT_decl_file
	.byte	11                              @ DW_FORM_data1
	.byte	59                              @ DW_AT_decl_line
	.byte	11                              @ DW_FORM_data1
	.byte	73                              @ DW_AT_type
	.byte	19                              @ DW_FORM_ref4
	.byte	0                               @ EOM(1)
	.byte	0                               @ EOM(2)
	.byte	26                              @ Abbreviation Code
	.ascii	"\211\202\001"                  @ DW_TAG_GNU_call_site
	.byte	0                               @ DW_CHILDREN_no
	.byte	49                              @ DW_AT_abstract_origin
	.byte	19                              @ DW_FORM_ref4
	.ascii	"\225B"                         @ DW_AT_GNU_tail_call
	.byte	25                              @ DW_FORM_flag_present
	.byte	17                              @ DW_AT_low_pc
	.byte	1                               @ DW_FORM_addr
	.byte	0                               @ EOM(1)
	.byte	0                               @ EOM(2)
	.byte	27                              @ Abbreviation Code
	.byte	46                              @ DW_TAG_subprogram
	.byte	1                               @ DW_CHILDREN_yes
	.byte	3                               @ DW_AT_name
	.byte	14                              @ DW_FORM_strp
	.byte	58                              @ DW_AT_decl_file
	.byte	11                              @ DW_FORM_data1
	.byte	59                              @ DW_AT_decl_line
	.byte	5                               @ DW_FORM_data2
	.byte	39                              @ DW_AT_prototyped
	.byte	25                              @ DW_FORM_flag_present
	.byte	73                              @ DW_AT_type
	.byte	19                              @ DW_FORM_ref4
	.byte	60                              @ DW_AT_declaration
	.byte	25                              @ DW_FORM_flag_present
	.byte	63                              @ DW_AT_external
	.byte	25                              @ DW_FORM_flag_present
	.byte	0                               @ EOM(1)
	.byte	0                               @ EOM(2)
	.byte	28                              @ Abbreviation Code
	.byte	5                               @ DW_TAG_formal_parameter
	.byte	0                               @ DW_CHILDREN_no
	.byte	73                              @ DW_AT_type
	.byte	19                              @ DW_FORM_ref4
	.byte	0                               @ EOM(1)
	.byte	0                               @ EOM(2)
	.byte	29                              @ Abbreviation Code
	.byte	22                              @ DW_TAG_typedef
	.byte	0                               @ DW_CHILDREN_no
	.byte	3                               @ DW_AT_name
	.byte	14                              @ DW_FORM_strp
	.byte	58                              @ DW_AT_decl_file
	.byte	11                              @ DW_FORM_data1
	.byte	59                              @ DW_AT_decl_line
	.byte	11                              @ DW_FORM_data1
	.byte	0                               @ EOM(1)
	.byte	0                               @ EOM(2)
	.byte	0                               @ EOM(3)
	.section	.debug_info,"",%progbits
.Lcu_begin0:
	.long	.Ldebug_info_end0-.Ldebug_info_start0 @ Length of Unit
.Ldebug_info_start0:
	.short	4                               @ DWARF version number
	.long	.debug_abbrev                   @ Offset Into Abbrev. Section
	.byte	4                               @ Address Size (in bytes)
	.byte	1                               @ Abbrev [1] 0xb:0x711 DW_TAG_compile_unit
	.long	.Linfo_string0                  @ DW_AT_producer
	.short	29                              @ DW_AT_language
	.long	.Linfo_string1                  @ DW_AT_name
	.long	.Lline_table_start0             @ DW_AT_stmt_list
	.long	.Linfo_string2                  @ DW_AT_comp_dir
	.long	0                               @ DW_AT_low_pc
	.long	.Ldebug_ranges0                 @ DW_AT_ranges
	.byte	2                               @ Abbrev [2] 0x26:0x7 DW_TAG_variable
	.long	45                              @ DW_AT_type
	.byte	1                               @ DW_AT_decl_file
	.byte	33                              @ DW_AT_decl_line
	.byte	3                               @ Abbrev [3] 0x2d:0xc DW_TAG_array_type
	.long	57                              @ DW_AT_type
	.byte	4                               @ Abbrev [4] 0x32:0x6 DW_TAG_subrange_type
	.long	64                              @ DW_AT_type
	.byte	18                              @ DW_AT_count
	.byte	0                               @ End Of Children Mark
	.byte	5                               @ Abbrev [5] 0x39:0x7 DW_TAG_base_type
	.long	.Linfo_string3                  @ DW_AT_name
	.byte	8                               @ DW_AT_encoding
	.byte	1                               @ DW_AT_byte_size
	.byte	6                               @ Abbrev [6] 0x40:0x7 DW_TAG_base_type
	.long	.Linfo_string4                  @ DW_AT_name
	.byte	8                               @ DW_AT_byte_size
	.byte	7                               @ DW_AT_encoding
	.byte	7                               @ Abbrev [7] 0x47:0x11 DW_TAG_variable
	.long	.Linfo_string5                  @ DW_AT_name
	.long	88                              @ DW_AT_type
	.byte	1                               @ DW_AT_decl_file
	.byte	17                              @ DW_AT_decl_line
	.byte	5                               @ DW_AT_location
	.byte	3
	.long	modelFileObject
	.byte	8                               @ Abbrev [8] 0x58:0xb DW_TAG_typedef
	.long	99                              @ DW_AT_type
	.long	.Linfo_string54                 @ DW_AT_name
	.byte	2                               @ DW_AT_decl_file
	.byte	226                             @ DW_AT_decl_line
	.byte	9                               @ Abbrev [9] 0x63:0x72 DW_TAG_structure_type
	.short	552                             @ DW_AT_byte_size
	.byte	2                               @ DW_AT_decl_file
	.byte	209                             @ DW_AT_decl_line
	.byte	10                              @ Abbrev [10] 0x68:0xc DW_TAG_member
	.long	.Linfo_string6                  @ DW_AT_name
	.long	213                             @ DW_AT_type
	.byte	2                               @ DW_AT_decl_file
	.byte	210                             @ DW_AT_decl_line
	.byte	0                               @ DW_AT_data_member_location
	.byte	10                              @ Abbrev [10] 0x74:0xc DW_TAG_member
	.long	.Linfo_string46                 @ DW_AT_name
	.long	575                             @ DW_AT_type
	.byte	2                               @ DW_AT_decl_file
	.byte	211                             @ DW_AT_decl_line
	.byte	16                              @ DW_AT_data_member_location
	.byte	10                              @ Abbrev [10] 0x80:0xc DW_TAG_member
	.long	.Linfo_string47                 @ DW_AT_name
	.long	575                             @ DW_AT_type
	.byte	2                               @ DW_AT_decl_file
	.byte	212                             @ DW_AT_decl_line
	.byte	17                              @ DW_AT_data_member_location
	.byte	10                              @ Abbrev [10] 0x8c:0xc DW_TAG_member
	.long	.Linfo_string48                 @ DW_AT_name
	.long	691                             @ DW_AT_type
	.byte	2                               @ DW_AT_decl_file
	.byte	213                             @ DW_AT_decl_line
	.byte	20                              @ DW_AT_data_member_location
	.byte	10                              @ Abbrev [10] 0x98:0xc DW_TAG_member
	.long	.Linfo_string49                 @ DW_AT_name
	.long	638                             @ DW_AT_type
	.byte	2                               @ DW_AT_decl_file
	.byte	214                             @ DW_AT_decl_line
	.byte	24                              @ DW_AT_data_member_location
	.byte	10                              @ Abbrev [10] 0xa4:0xc DW_TAG_member
	.long	.Linfo_string50                 @ DW_AT_name
	.long	667                             @ DW_AT_type
	.byte	2                               @ DW_AT_decl_file
	.byte	215                             @ DW_AT_decl_line
	.byte	28                              @ DW_AT_data_member_location
	.byte	10                              @ Abbrev [10] 0xb0:0xc DW_TAG_member
	.long	.Linfo_string51                 @ DW_AT_name
	.long	667                             @ DW_AT_type
	.byte	2                               @ DW_AT_decl_file
	.byte	217                             @ DW_AT_decl_line
	.byte	32                              @ DW_AT_data_member_location
	.byte	10                              @ Abbrev [10] 0xbc:0xc DW_TAG_member
	.long	.Linfo_string52                 @ DW_AT_name
	.long	702                             @ DW_AT_type
	.byte	2                               @ DW_AT_decl_file
	.byte	218                             @ DW_AT_decl_line
	.byte	36                              @ DW_AT_data_member_location
	.byte	10                              @ Abbrev [10] 0xc8:0xc DW_TAG_member
	.long	.Linfo_string53                 @ DW_AT_name
	.long	678                             @ DW_AT_type
	.byte	2                               @ DW_AT_decl_file
	.byte	224                             @ DW_AT_decl_line
	.byte	40                              @ DW_AT_data_member_location
	.byte	0                               @ End Of Children Mark
	.byte	8                               @ Abbrev [8] 0xd5:0xb DW_TAG_typedef
	.long	224                             @ DW_AT_type
	.long	.Linfo_string45                 @ DW_AT_name
	.byte	2                               @ DW_AT_decl_file
	.byte	203                             @ DW_AT_decl_line
	.byte	11                              @ Abbrev [11] 0xe0:0x4d DW_TAG_structure_type
	.byte	16                              @ DW_AT_byte_size
	.byte	2                               @ DW_AT_decl_file
	.byte	186                             @ DW_AT_decl_line
	.byte	10                              @ Abbrev [10] 0xe4:0xc DW_TAG_member
	.long	.Linfo_string7                  @ DW_AT_name
	.long	301                             @ DW_AT_type
	.byte	2                               @ DW_AT_decl_file
	.byte	187                             @ DW_AT_decl_line
	.byte	0                               @ DW_AT_data_member_location
	.byte	10                              @ Abbrev [10] 0xf0:0xc DW_TAG_member
	.long	.Linfo_string16                 @ DW_AT_name
	.long	593                             @ DW_AT_type
	.byte	2                               @ DW_AT_decl_file
	.byte	188                             @ DW_AT_decl_line
	.byte	4                               @ DW_AT_data_member_location
	.byte	10                              @ Abbrev [10] 0xfc:0xc DW_TAG_member
	.long	.Linfo_string40                 @ DW_AT_name
	.long	575                             @ DW_AT_type
	.byte	2                               @ DW_AT_decl_file
	.byte	189                             @ DW_AT_decl_line
	.byte	6                               @ DW_AT_data_member_location
	.byte	10                              @ Abbrev [10] 0x108:0xc DW_TAG_member
	.long	.Linfo_string41                 @ DW_AT_name
	.long	575                             @ DW_AT_type
	.byte	2                               @ DW_AT_decl_file
	.byte	190                             @ DW_AT_decl_line
	.byte	7                               @ DW_AT_data_member_location
	.byte	10                              @ Abbrev [10] 0x114:0xc DW_TAG_member
	.long	.Linfo_string42                 @ DW_AT_name
	.long	638                             @ DW_AT_type
	.byte	2                               @ DW_AT_decl_file
	.byte	191                             @ DW_AT_decl_line
	.byte	8                               @ DW_AT_data_member_location
	.byte	10                              @ Abbrev [10] 0x120:0xc DW_TAG_member
	.long	.Linfo_string43                 @ DW_AT_name
	.long	691                             @ DW_AT_type
	.byte	2                               @ DW_AT_decl_file
	.byte	192                             @ DW_AT_decl_line
	.byte	12                              @ DW_AT_data_member_location
	.byte	0                               @ End Of Children Mark
	.byte	12                              @ Abbrev [12] 0x12d:0x5 DW_TAG_pointer_type
	.long	306                             @ DW_AT_type
	.byte	8                               @ Abbrev [8] 0x132:0xb DW_TAG_typedef
	.long	317                             @ DW_AT_type
	.long	.Linfo_string39                 @ DW_AT_name
	.byte	2                               @ DW_AT_decl_file
	.byte	180                             @ DW_AT_decl_line
	.byte	9                               @ Abbrev [9] 0x13d:0x102 DW_TAG_structure_type
	.short	568                             @ DW_AT_byte_size
	.byte	2                               @ DW_AT_decl_file
	.byte	138                             @ DW_AT_decl_line
	.byte	10                              @ Abbrev [10] 0x142:0xc DW_TAG_member
	.long	.Linfo_string8                  @ DW_AT_name
	.long	575                             @ DW_AT_type
	.byte	2                               @ DW_AT_decl_file
	.byte	139                             @ DW_AT_decl_line
	.byte	0                               @ DW_AT_data_member_location
	.byte	10                              @ Abbrev [10] 0x14e:0xc DW_TAG_member
	.long	.Linfo_string11                 @ DW_AT_name
	.long	575                             @ DW_AT_type
	.byte	2                               @ DW_AT_decl_file
	.byte	140                             @ DW_AT_decl_line
	.byte	1                               @ DW_AT_data_member_location
	.byte	10                              @ Abbrev [10] 0x15a:0xc DW_TAG_member
	.long	.Linfo_string12                 @ DW_AT_name
	.long	575                             @ DW_AT_type
	.byte	2                               @ DW_AT_decl_file
	.byte	141                             @ DW_AT_decl_line
	.byte	2                               @ DW_AT_data_member_location
	.byte	10                              @ Abbrev [10] 0x166:0xc DW_TAG_member
	.long	.Linfo_string13                 @ DW_AT_name
	.long	575                             @ DW_AT_type
	.byte	2                               @ DW_AT_decl_file
	.byte	142                             @ DW_AT_decl_line
	.byte	3                               @ DW_AT_data_member_location
	.byte	10                              @ Abbrev [10] 0x172:0xc DW_TAG_member
	.long	.Linfo_string14                 @ DW_AT_name
	.long	575                             @ DW_AT_type
	.byte	2                               @ DW_AT_decl_file
	.byte	143                             @ DW_AT_decl_line
	.byte	4                               @ DW_AT_data_member_location
	.byte	10                              @ Abbrev [10] 0x17e:0xc DW_TAG_member
	.long	.Linfo_string15                 @ DW_AT_name
	.long	575                             @ DW_AT_type
	.byte	2                               @ DW_AT_decl_file
	.byte	144                             @ DW_AT_decl_line
	.byte	5                               @ DW_AT_data_member_location
	.byte	10                              @ Abbrev [10] 0x18a:0xc DW_TAG_member
	.long	.Linfo_string16                 @ DW_AT_name
	.long	593                             @ DW_AT_type
	.byte	2                               @ DW_AT_decl_file
	.byte	145                             @ DW_AT_decl_line
	.byte	6                               @ DW_AT_data_member_location
	.byte	10                              @ Abbrev [10] 0x196:0xc DW_TAG_member
	.long	.Linfo_string20                 @ DW_AT_name
	.long	593                             @ DW_AT_type
	.byte	2                               @ DW_AT_decl_file
	.byte	146                             @ DW_AT_decl_line
	.byte	8                               @ DW_AT_data_member_location
	.byte	10                              @ Abbrev [10] 0x1a2:0xc DW_TAG_member
	.long	.Linfo_string21                 @ DW_AT_name
	.long	593                             @ DW_AT_type
	.byte	2                               @ DW_AT_decl_file
	.byte	147                             @ DW_AT_decl_line
	.byte	10                              @ DW_AT_data_member_location
	.byte	10                              @ Abbrev [10] 0x1ae:0xc DW_TAG_member
	.long	.Linfo_string22                 @ DW_AT_name
	.long	622                             @ DW_AT_type
	.byte	2                               @ DW_AT_decl_file
	.byte	152                             @ DW_AT_decl_line
	.byte	12                              @ DW_AT_data_member_location
	.byte	10                              @ Abbrev [10] 0x1ba:0xc DW_TAG_member
	.long	.Linfo_string24                 @ DW_AT_name
	.long	638                             @ DW_AT_type
	.byte	2                               @ DW_AT_decl_file
	.byte	158                             @ DW_AT_decl_line
	.byte	16                              @ DW_AT_data_member_location
	.byte	10                              @ Abbrev [10] 0x1c6:0xc DW_TAG_member
	.long	.Linfo_string28                 @ DW_AT_name
	.long	638                             @ DW_AT_type
	.byte	2                               @ DW_AT_decl_file
	.byte	159                             @ DW_AT_decl_line
	.byte	20                              @ DW_AT_data_member_location
	.byte	10                              @ Abbrev [10] 0x1d2:0xc DW_TAG_member
	.long	.Linfo_string29                 @ DW_AT_name
	.long	638                             @ DW_AT_type
	.byte	2                               @ DW_AT_decl_file
	.byte	162                             @ DW_AT_decl_line
	.byte	24                              @ DW_AT_data_member_location
	.byte	10                              @ Abbrev [10] 0x1de:0xc DW_TAG_member
	.long	.Linfo_string30                 @ DW_AT_name
	.long	638                             @ DW_AT_type
	.byte	2                               @ DW_AT_decl_file
	.byte	169                             @ DW_AT_decl_line
	.byte	28                              @ DW_AT_data_member_location
	.byte	10                              @ Abbrev [10] 0x1ea:0xc DW_TAG_member
	.long	.Linfo_string31                 @ DW_AT_name
	.long	638                             @ DW_AT_type
	.byte	2                               @ DW_AT_decl_file
	.byte	170                             @ DW_AT_decl_line
	.byte	32                              @ DW_AT_data_member_location
	.byte	10                              @ Abbrev [10] 0x1f6:0xc DW_TAG_member
	.long	.Linfo_string32                 @ DW_AT_name
	.long	667                             @ DW_AT_type
	.byte	2                               @ DW_AT_decl_file
	.byte	171                             @ DW_AT_decl_line
	.byte	36                              @ DW_AT_data_member_location
	.byte	10                              @ Abbrev [10] 0x202:0xc DW_TAG_member
	.long	.Linfo_string34                 @ DW_AT_name
	.long	667                             @ DW_AT_type
	.byte	2                               @ DW_AT_decl_file
	.byte	172                             @ DW_AT_decl_line
	.byte	40                              @ DW_AT_data_member_location
	.byte	10                              @ Abbrev [10] 0x20e:0xc DW_TAG_member
	.long	.Linfo_string35                 @ DW_AT_name
	.long	667                             @ DW_AT_type
	.byte	2                               @ DW_AT_decl_file
	.byte	173                             @ DW_AT_decl_line
	.byte	44                              @ DW_AT_data_member_location
	.byte	10                              @ Abbrev [10] 0x21a:0xc DW_TAG_member
	.long	.Linfo_string36                 @ DW_AT_name
	.long	667                             @ DW_AT_type
	.byte	2                               @ DW_AT_decl_file
	.byte	174                             @ DW_AT_decl_line
	.byte	48                              @ DW_AT_data_member_location
	.byte	10                              @ Abbrev [10] 0x226:0xc DW_TAG_member
	.long	.Linfo_string37                 @ DW_AT_name
	.long	667                             @ DW_AT_type
	.byte	2                               @ DW_AT_decl_file
	.byte	178                             @ DW_AT_decl_line
	.byte	52                              @ DW_AT_data_member_location
	.byte	10                              @ Abbrev [10] 0x232:0xc DW_TAG_member
	.long	.Linfo_string38                 @ DW_AT_name
	.long	678                             @ DW_AT_type
	.byte	2                               @ DW_AT_decl_file
	.byte	179                             @ DW_AT_decl_line
	.byte	56                              @ DW_AT_data_member_location
	.byte	0                               @ End Of Children Mark
	.byte	8                               @ Abbrev [8] 0x23f:0xb DW_TAG_typedef
	.long	586                             @ DW_AT_type
	.long	.Linfo_string10                 @ DW_AT_name
	.byte	2                               @ DW_AT_decl_file
	.byte	55                              @ DW_AT_decl_line
	.byte	5                               @ Abbrev [5] 0x24a:0x7 DW_TAG_base_type
	.long	.Linfo_string9                  @ DW_AT_name
	.byte	8                               @ DW_AT_encoding
	.byte	1                               @ DW_AT_byte_size
	.byte	8                               @ Abbrev [8] 0x251:0xb DW_TAG_typedef
	.long	604                             @ DW_AT_type
	.long	.Linfo_string19                 @ DW_AT_name
	.byte	2                               @ DW_AT_decl_file
	.byte	56                              @ DW_AT_decl_line
	.byte	8                               @ Abbrev [8] 0x25c:0xb DW_TAG_typedef
	.long	615                             @ DW_AT_type
	.long	.Linfo_string18                 @ DW_AT_name
	.byte	3                               @ DW_AT_decl_file
	.byte	63                              @ DW_AT_decl_line
	.byte	5                               @ Abbrev [5] 0x267:0x7 DW_TAG_base_type
	.long	.Linfo_string17                 @ DW_AT_name
	.byte	7                               @ DW_AT_encoding
	.byte	2                               @ DW_AT_byte_size
	.byte	12                              @ Abbrev [12] 0x26e:0x5 DW_TAG_pointer_type
	.long	627                             @ DW_AT_type
	.byte	8                               @ Abbrev [8] 0x273:0xb DW_TAG_typedef
	.long	593                             @ DW_AT_type
	.long	.Linfo_string23                 @ DW_AT_name
	.byte	2                               @ DW_AT_decl_file
	.byte	59                              @ DW_AT_decl_line
	.byte	8                               @ Abbrev [8] 0x27e:0xb DW_TAG_typedef
	.long	649                             @ DW_AT_type
	.long	.Linfo_string27                 @ DW_AT_name
	.byte	2                               @ DW_AT_decl_file
	.byte	57                              @ DW_AT_decl_line
	.byte	8                               @ Abbrev [8] 0x289:0xb DW_TAG_typedef
	.long	660                             @ DW_AT_type
	.long	.Linfo_string26                 @ DW_AT_name
	.byte	3                               @ DW_AT_decl_file
	.byte	64                              @ DW_AT_decl_line
	.byte	5                               @ Abbrev [5] 0x294:0x7 DW_TAG_base_type
	.long	.Linfo_string25                 @ DW_AT_name
	.byte	7                               @ DW_AT_encoding
	.byte	4                               @ DW_AT_byte_size
	.byte	8                               @ Abbrev [8] 0x29b:0xb DW_TAG_typedef
	.long	638                             @ DW_AT_type
	.long	.Linfo_string33                 @ DW_AT_name
	.byte	2                               @ DW_AT_decl_file
	.byte	89                              @ DW_AT_decl_line
	.byte	3                               @ Abbrev [3] 0x2a6:0xd DW_TAG_array_type
	.long	575                             @ DW_AT_type
	.byte	13                              @ Abbrev [13] 0x2ab:0x7 DW_TAG_subrange_type
	.long	64                              @ DW_AT_type
	.short	512                             @ DW_AT_count
	.byte	0                               @ End Of Children Mark
	.byte	8                               @ Abbrev [8] 0x2b3:0xb DW_TAG_typedef
	.long	638                             @ DW_AT_type
	.long	.Linfo_string44                 @ DW_AT_name
	.byte	2                               @ DW_AT_decl_file
	.byte	88                              @ DW_AT_decl_line
	.byte	12                              @ Abbrev [12] 0x2be:0x5 DW_TAG_pointer_type
	.long	575                             @ DW_AT_type
	.byte	14                              @ Abbrev [14] 0x2c3:0x82 DW_TAG_enumeration_type
	.long	586                             @ DW_AT_type
	.byte	1                               @ DW_AT_byte_size
	.byte	2                               @ DW_AT_decl_file
	.short	280                             @ DW_AT_decl_line
	.byte	15                              @ Abbrev [15] 0x2cc:0x6 DW_TAG_enumerator
	.long	.Linfo_string55                 @ DW_AT_name
	.byte	0                               @ DW_AT_const_value
	.byte	15                              @ Abbrev [15] 0x2d2:0x6 DW_TAG_enumerator
	.long	.Linfo_string56                 @ DW_AT_name
	.byte	1                               @ DW_AT_const_value
	.byte	15                              @ Abbrev [15] 0x2d8:0x6 DW_TAG_enumerator
	.long	.Linfo_string57                 @ DW_AT_name
	.byte	2                               @ DW_AT_const_value
	.byte	15                              @ Abbrev [15] 0x2de:0x6 DW_TAG_enumerator
	.long	.Linfo_string58                 @ DW_AT_name
	.byte	3                               @ DW_AT_const_value
	.byte	15                              @ Abbrev [15] 0x2e4:0x6 DW_TAG_enumerator
	.long	.Linfo_string59                 @ DW_AT_name
	.byte	4                               @ DW_AT_const_value
	.byte	15                              @ Abbrev [15] 0x2ea:0x6 DW_TAG_enumerator
	.long	.Linfo_string60                 @ DW_AT_name
	.byte	5                               @ DW_AT_const_value
	.byte	15                              @ Abbrev [15] 0x2f0:0x6 DW_TAG_enumerator
	.long	.Linfo_string61                 @ DW_AT_name
	.byte	6                               @ DW_AT_const_value
	.byte	15                              @ Abbrev [15] 0x2f6:0x6 DW_TAG_enumerator
	.long	.Linfo_string62                 @ DW_AT_name
	.byte	7                               @ DW_AT_const_value
	.byte	15                              @ Abbrev [15] 0x2fc:0x6 DW_TAG_enumerator
	.long	.Linfo_string63                 @ DW_AT_name
	.byte	8                               @ DW_AT_const_value
	.byte	15                              @ Abbrev [15] 0x302:0x6 DW_TAG_enumerator
	.long	.Linfo_string64                 @ DW_AT_name
	.byte	9                               @ DW_AT_const_value
	.byte	15                              @ Abbrev [15] 0x308:0x6 DW_TAG_enumerator
	.long	.Linfo_string65                 @ DW_AT_name
	.byte	10                              @ DW_AT_const_value
	.byte	15                              @ Abbrev [15] 0x30e:0x6 DW_TAG_enumerator
	.long	.Linfo_string66                 @ DW_AT_name
	.byte	11                              @ DW_AT_const_value
	.byte	15                              @ Abbrev [15] 0x314:0x6 DW_TAG_enumerator
	.long	.Linfo_string67                 @ DW_AT_name
	.byte	12                              @ DW_AT_const_value
	.byte	15                              @ Abbrev [15] 0x31a:0x6 DW_TAG_enumerator
	.long	.Linfo_string68                 @ DW_AT_name
	.byte	13                              @ DW_AT_const_value
	.byte	15                              @ Abbrev [15] 0x320:0x6 DW_TAG_enumerator
	.long	.Linfo_string69                 @ DW_AT_name
	.byte	14                              @ DW_AT_const_value
	.byte	15                              @ Abbrev [15] 0x326:0x6 DW_TAG_enumerator
	.long	.Linfo_string70                 @ DW_AT_name
	.byte	15                              @ DW_AT_const_value
	.byte	15                              @ Abbrev [15] 0x32c:0x6 DW_TAG_enumerator
	.long	.Linfo_string71                 @ DW_AT_name
	.byte	16                              @ DW_AT_const_value
	.byte	15                              @ Abbrev [15] 0x332:0x6 DW_TAG_enumerator
	.long	.Linfo_string72                 @ DW_AT_name
	.byte	17                              @ DW_AT_const_value
	.byte	15                              @ Abbrev [15] 0x338:0x6 DW_TAG_enumerator
	.long	.Linfo_string73                 @ DW_AT_name
	.byte	18                              @ DW_AT_const_value
	.byte	15                              @ Abbrev [15] 0x33e:0x6 DW_TAG_enumerator
	.long	.Linfo_string74                 @ DW_AT_name
	.byte	19                              @ DW_AT_const_value
	.byte	0                               @ End Of Children Mark
	.byte	12                              @ Abbrev [12] 0x345:0x5 DW_TAG_pointer_type
	.long	842                             @ DW_AT_type
	.byte	16                              @ Abbrev [16] 0x34a:0x5 DW_TAG_const_type
	.long	847                             @ DW_AT_type
	.byte	8                               @ Abbrev [8] 0x34f:0xb DW_TAG_typedef
	.long	57                              @ DW_AT_type
	.long	.Linfo_string75                 @ DW_AT_name
	.byte	2                               @ DW_AT_decl_file
	.byte	111                             @ DW_AT_decl_line
	.byte	5                               @ Abbrev [5] 0x35a:0x7 DW_TAG_base_type
	.long	.Linfo_string76                 @ DW_AT_name
	.byte	5                               @ DW_AT_encoding
	.byte	4                               @ DW_AT_byte_size
	.byte	12                              @ Abbrev [12] 0x361:0x5 DW_TAG_pointer_type
	.long	870                             @ DW_AT_type
	.byte	17                              @ Abbrev [17] 0x366:0xc DW_TAG_typedef
	.long	882                             @ DW_AT_type
	.long	.Linfo_string116                @ DW_AT_name
	.byte	4                               @ DW_AT_decl_file
	.short	466                             @ DW_AT_decl_line
	.byte	9                               @ Abbrev [9] 0x372:0x20c DW_TAG_structure_type
	.short	448                             @ DW_AT_byte_size
	.byte	4                               @ DW_AT_decl_file
	.byte	28                              @ DW_AT_decl_line
	.byte	18                              @ Abbrev [18] 0x377:0xd DW_TAG_member
	.long	.Linfo_string77                 @ DW_AT_name
	.long	1406                            @ DW_AT_type
	.byte	4                               @ DW_AT_decl_file
	.short	427                             @ DW_AT_decl_line
	.byte	0                               @ DW_AT_data_member_location
	.byte	18                              @ Abbrev [18] 0x384:0xd DW_TAG_member
	.long	.Linfo_string78                 @ DW_AT_name
	.long	1406                            @ DW_AT_type
	.byte	4                               @ DW_AT_decl_file
	.short	428                             @ DW_AT_decl_line
	.byte	4                               @ DW_AT_data_member_location
	.byte	18                              @ Abbrev [18] 0x391:0xd DW_TAG_member
	.long	.Linfo_string79                 @ DW_AT_name
	.long	1406                            @ DW_AT_type
	.byte	4                               @ DW_AT_decl_file
	.short	429                             @ DW_AT_decl_line
	.byte	8                               @ DW_AT_data_member_location
	.byte	18                              @ Abbrev [18] 0x39e:0xd DW_TAG_member
	.long	.Linfo_string80                 @ DW_AT_name
	.long	1406                            @ DW_AT_type
	.byte	4                               @ DW_AT_decl_file
	.short	430                             @ DW_AT_decl_line
	.byte	12                              @ DW_AT_data_member_location
	.byte	18                              @ Abbrev [18] 0x3ab:0xd DW_TAG_member
	.long	.Linfo_string81                 @ DW_AT_name
	.long	1406                            @ DW_AT_type
	.byte	4                               @ DW_AT_decl_file
	.short	431                             @ DW_AT_decl_line
	.byte	16                              @ DW_AT_data_member_location
	.byte	18                              @ Abbrev [18] 0x3b8:0xd DW_TAG_member
	.long	.Linfo_string82                 @ DW_AT_name
	.long	1411                            @ DW_AT_type
	.byte	4                               @ DW_AT_decl_file
	.short	432                             @ DW_AT_decl_line
	.byte	20                              @ DW_AT_data_member_location
	.byte	18                              @ Abbrev [18] 0x3c5:0xd DW_TAG_member
	.long	.Linfo_string83                 @ DW_AT_name
	.long	1406                            @ DW_AT_type
	.byte	4                               @ DW_AT_decl_file
	.short	433                             @ DW_AT_decl_line
	.byte	32                              @ DW_AT_data_member_location
	.byte	18                              @ Abbrev [18] 0x3d2:0xd DW_TAG_member
	.long	.Linfo_string84                 @ DW_AT_name
	.long	1406                            @ DW_AT_type
	.byte	4                               @ DW_AT_decl_file
	.short	434                             @ DW_AT_decl_line
	.byte	36                              @ DW_AT_data_member_location
	.byte	18                              @ Abbrev [18] 0x3df:0xd DW_TAG_member
	.long	.Linfo_string85                 @ DW_AT_name
	.long	1406                            @ DW_AT_type
	.byte	4                               @ DW_AT_decl_file
	.short	435                             @ DW_AT_decl_line
	.byte	40                              @ DW_AT_data_member_location
	.byte	18                              @ Abbrev [18] 0x3ec:0xd DW_TAG_member
	.long	.Linfo_string86                 @ DW_AT_name
	.long	1406                            @ DW_AT_type
	.byte	4                               @ DW_AT_decl_file
	.short	436                             @ DW_AT_decl_line
	.byte	44                              @ DW_AT_data_member_location
	.byte	18                              @ Abbrev [18] 0x3f9:0xd DW_TAG_member
	.long	.Linfo_string87                 @ DW_AT_name
	.long	1406                            @ DW_AT_type
	.byte	4                               @ DW_AT_decl_file
	.short	437                             @ DW_AT_decl_line
	.byte	48                              @ DW_AT_data_member_location
	.byte	18                              @ Abbrev [18] 0x406:0xd DW_TAG_member
	.long	.Linfo_string88                 @ DW_AT_name
	.long	1406                            @ DW_AT_type
	.byte	4                               @ DW_AT_decl_file
	.short	438                             @ DW_AT_decl_line
	.byte	52                              @ DW_AT_data_member_location
	.byte	18                              @ Abbrev [18] 0x413:0xd DW_TAG_member
	.long	.Linfo_string89                 @ DW_AT_name
	.long	1428                            @ DW_AT_type
	.byte	4                               @ DW_AT_decl_file
	.short	439                             @ DW_AT_decl_line
	.byte	56                              @ DW_AT_data_member_location
	.byte	18                              @ Abbrev [18] 0x420:0xd DW_TAG_member
	.long	.Linfo_string90                 @ DW_AT_name
	.long	1406                            @ DW_AT_type
	.byte	4                               @ DW_AT_decl_file
	.short	440                             @ DW_AT_decl_line
	.byte	60                              @ DW_AT_data_member_location
	.byte	18                              @ Abbrev [18] 0x42d:0xd DW_TAG_member
	.long	.Linfo_string91                 @ DW_AT_name
	.long	1406                            @ DW_AT_type
	.byte	4                               @ DW_AT_decl_file
	.short	441                             @ DW_AT_decl_line
	.byte	64                              @ DW_AT_data_member_location
	.byte	18                              @ Abbrev [18] 0x43a:0xd DW_TAG_member
	.long	.Linfo_string92                 @ DW_AT_name
	.long	1406                            @ DW_AT_type
	.byte	4                               @ DW_AT_decl_file
	.short	442                             @ DW_AT_decl_line
	.byte	68                              @ DW_AT_data_member_location
	.byte	18                              @ Abbrev [18] 0x447:0xd DW_TAG_member
	.long	.Linfo_string93                 @ DW_AT_name
	.long	1406                            @ DW_AT_type
	.byte	4                               @ DW_AT_decl_file
	.short	443                             @ DW_AT_decl_line
	.byte	72                              @ DW_AT_data_member_location
	.byte	18                              @ Abbrev [18] 0x454:0xd DW_TAG_member
	.long	.Linfo_string94                 @ DW_AT_name
	.long	1406                            @ DW_AT_type
	.byte	4                               @ DW_AT_decl_file
	.short	444                             @ DW_AT_decl_line
	.byte	76                              @ DW_AT_data_member_location
	.byte	18                              @ Abbrev [18] 0x461:0xd DW_TAG_member
	.long	.Linfo_string95                 @ DW_AT_name
	.long	1423                            @ DW_AT_type
	.byte	4                               @ DW_AT_decl_file
	.short	445                             @ DW_AT_decl_line
	.byte	80                              @ DW_AT_data_member_location
	.byte	18                              @ Abbrev [18] 0x46e:0xd DW_TAG_member
	.long	.Linfo_string96                 @ DW_AT_name
	.long	1423                            @ DW_AT_type
	.byte	4                               @ DW_AT_decl_file
	.short	446                             @ DW_AT_decl_line
	.byte	84                              @ DW_AT_data_member_location
	.byte	18                              @ Abbrev [18] 0x47b:0xd DW_TAG_member
	.long	.Linfo_string97                 @ DW_AT_name
	.long	1423                            @ DW_AT_type
	.byte	4                               @ DW_AT_decl_file
	.short	447                             @ DW_AT_decl_line
	.byte	88                              @ DW_AT_data_member_location
	.byte	18                              @ Abbrev [18] 0x488:0xd DW_TAG_member
	.long	.Linfo_string98                 @ DW_AT_name
	.long	1423                            @ DW_AT_type
	.byte	4                               @ DW_AT_decl_file
	.short	448                             @ DW_AT_decl_line
	.byte	92                              @ DW_AT_data_member_location
	.byte	18                              @ Abbrev [18] 0x495:0xd DW_TAG_member
	.long	.Linfo_string99                 @ DW_AT_name
	.long	1406                            @ DW_AT_type
	.byte	4                               @ DW_AT_decl_file
	.short	449                             @ DW_AT_decl_line
	.byte	96                              @ DW_AT_data_member_location
	.byte	18                              @ Abbrev [18] 0x4a2:0xd DW_TAG_member
	.long	.Linfo_string100                @ DW_AT_name
	.long	1440                            @ DW_AT_type
	.byte	4                               @ DW_AT_decl_file
	.short	450                             @ DW_AT_decl_line
	.byte	100                             @ DW_AT_data_member_location
	.byte	18                              @ Abbrev [18] 0x4af:0xd DW_TAG_member
	.long	.Linfo_string101                @ DW_AT_name
	.long	1406                            @ DW_AT_type
	.byte	4                               @ DW_AT_decl_file
	.short	451                             @ DW_AT_decl_line
	.byte	128                             @ DW_AT_data_member_location
	.byte	18                              @ Abbrev [18] 0x4bc:0xd DW_TAG_member
	.long	.Linfo_string102                @ DW_AT_name
	.long	1406                            @ DW_AT_type
	.byte	4                               @ DW_AT_decl_file
	.short	452                             @ DW_AT_decl_line
	.byte	132                             @ DW_AT_data_member_location
	.byte	18                              @ Abbrev [18] 0x4c9:0xd DW_TAG_member
	.long	.Linfo_string103                @ DW_AT_name
	.long	1406                            @ DW_AT_type
	.byte	4                               @ DW_AT_decl_file
	.short	453                             @ DW_AT_decl_line
	.byte	136                             @ DW_AT_data_member_location
	.byte	18                              @ Abbrev [18] 0x4d6:0xd DW_TAG_member
	.long	.Linfo_string104                @ DW_AT_name
	.long	1452                            @ DW_AT_type
	.byte	4                               @ DW_AT_decl_file
	.short	454                             @ DW_AT_decl_line
	.byte	140                             @ DW_AT_data_member_location
	.byte	19                              @ Abbrev [19] 0x4e3:0xe DW_TAG_member
	.long	.Linfo_string105                @ DW_AT_name
	.long	1406                            @ DW_AT_type
	.byte	4                               @ DW_AT_decl_file
	.short	455                             @ DW_AT_decl_line
	.short	256                             @ DW_AT_data_member_location
	.byte	19                              @ Abbrev [19] 0x4f1:0xe DW_TAG_member
	.long	.Linfo_string106                @ DW_AT_name
	.long	1406                            @ DW_AT_type
	.byte	4                               @ DW_AT_decl_file
	.short	456                             @ DW_AT_decl_line
	.short	260                             @ DW_AT_data_member_location
	.byte	19                              @ Abbrev [19] 0x4ff:0xe DW_TAG_member
	.long	.Linfo_string107                @ DW_AT_name
	.long	1464                            @ DW_AT_type
	.byte	4                               @ DW_AT_decl_file
	.short	457                             @ DW_AT_decl_line
	.short	264                             @ DW_AT_data_member_location
	.byte	19                              @ Abbrev [19] 0x50d:0xe DW_TAG_member
	.long	.Linfo_string108                @ DW_AT_name
	.long	1406                            @ DW_AT_type
	.byte	4                               @ DW_AT_decl_file
	.short	458                             @ DW_AT_decl_line
	.short	272                             @ DW_AT_data_member_location
	.byte	19                              @ Abbrev [19] 0x51b:0xe DW_TAG_member
	.long	.Linfo_string109                @ DW_AT_name
	.long	1423                            @ DW_AT_type
	.byte	4                               @ DW_AT_decl_file
	.short	459                             @ DW_AT_decl_line
	.short	276                             @ DW_AT_data_member_location
	.byte	19                              @ Abbrev [19] 0x529:0xe DW_TAG_member
	.long	.Linfo_string110                @ DW_AT_name
	.long	1464                            @ DW_AT_type
	.byte	4                               @ DW_AT_decl_file
	.short	460                             @ DW_AT_decl_line
	.short	280                             @ DW_AT_data_member_location
	.byte	19                              @ Abbrev [19] 0x537:0xe DW_TAG_member
	.long	.Linfo_string111                @ DW_AT_name
	.long	1406                            @ DW_AT_type
	.byte	4                               @ DW_AT_decl_file
	.short	461                             @ DW_AT_decl_line
	.short	288                             @ DW_AT_data_member_location
	.byte	19                              @ Abbrev [19] 0x545:0xe DW_TAG_member
	.long	.Linfo_string112                @ DW_AT_name
	.long	1423                            @ DW_AT_type
	.byte	4                               @ DW_AT_decl_file
	.short	462                             @ DW_AT_decl_line
	.short	292                             @ DW_AT_data_member_location
	.byte	19                              @ Abbrev [19] 0x553:0xe DW_TAG_member
	.long	.Linfo_string113                @ DW_AT_name
	.long	1476                            @ DW_AT_type
	.byte	4                               @ DW_AT_decl_file
	.short	463                             @ DW_AT_decl_line
	.short	296                             @ DW_AT_data_member_location
	.byte	19                              @ Abbrev [19] 0x561:0xe DW_TAG_member
	.long	.Linfo_string114                @ DW_AT_name
	.long	1488                            @ DW_AT_type
	.byte	4                               @ DW_AT_decl_file
	.short	464                             @ DW_AT_decl_line
	.short	320                             @ DW_AT_data_member_location
	.byte	19                              @ Abbrev [19] 0x56f:0xe DW_TAG_member
	.long	.Linfo_string115                @ DW_AT_name
	.long	1500                            @ DW_AT_type
	.byte	4                               @ DW_AT_decl_file
	.short	465                             @ DW_AT_decl_line
	.short	384                             @ DW_AT_data_member_location
	.byte	0                               @ End Of Children Mark
	.byte	20                              @ Abbrev [20] 0x57e:0x5 DW_TAG_volatile_type
	.long	649                             @ DW_AT_type
	.byte	3                               @ Abbrev [3] 0x583:0xc DW_TAG_array_type
	.long	1423                            @ DW_AT_type
	.byte	4                               @ Abbrev [4] 0x588:0x6 DW_TAG_subrange_type
	.long	64                              @ DW_AT_type
	.byte	3                               @ DW_AT_count
	.byte	0                               @ End Of Children Mark
	.byte	16                              @ Abbrev [16] 0x58f:0x5 DW_TAG_const_type
	.long	1406                            @ DW_AT_type
	.byte	3                               @ Abbrev [3] 0x594:0xc DW_TAG_array_type
	.long	1423                            @ DW_AT_type
	.byte	4                               @ Abbrev [4] 0x599:0x6 DW_TAG_subrange_type
	.long	64                              @ DW_AT_type
	.byte	1                               @ DW_AT_count
	.byte	0                               @ End Of Children Mark
	.byte	3                               @ Abbrev [3] 0x5a0:0xc DW_TAG_array_type
	.long	1423                            @ DW_AT_type
	.byte	4                               @ Abbrev [4] 0x5a5:0x6 DW_TAG_subrange_type
	.long	64                              @ DW_AT_type
	.byte	7                               @ DW_AT_count
	.byte	0                               @ End Of Children Mark
	.byte	3                               @ Abbrev [3] 0x5ac:0xc DW_TAG_array_type
	.long	1423                            @ DW_AT_type
	.byte	4                               @ Abbrev [4] 0x5b1:0x6 DW_TAG_subrange_type
	.long	64                              @ DW_AT_type
	.byte	29                              @ DW_AT_count
	.byte	0                               @ End Of Children Mark
	.byte	3                               @ Abbrev [3] 0x5b8:0xc DW_TAG_array_type
	.long	1423                            @ DW_AT_type
	.byte	4                               @ Abbrev [4] 0x5bd:0x6 DW_TAG_subrange_type
	.long	64                              @ DW_AT_type
	.byte	2                               @ DW_AT_count
	.byte	0                               @ End Of Children Mark
	.byte	3                               @ Abbrev [3] 0x5c4:0xc DW_TAG_array_type
	.long	1423                            @ DW_AT_type
	.byte	4                               @ Abbrev [4] 0x5c9:0x6 DW_TAG_subrange_type
	.long	64                              @ DW_AT_type
	.byte	6                               @ DW_AT_count
	.byte	0                               @ End Of Children Mark
	.byte	3                               @ Abbrev [3] 0x5d0:0xc DW_TAG_array_type
	.long	1406                            @ DW_AT_type
	.byte	4                               @ Abbrev [4] 0x5d5:0x6 DW_TAG_subrange_type
	.long	64                              @ DW_AT_type
	.byte	16                              @ DW_AT_count
	.byte	0                               @ End Of Children Mark
	.byte	3                               @ Abbrev [3] 0x5dc:0xc DW_TAG_array_type
	.long	1423                            @ DW_AT_type
	.byte	4                               @ Abbrev [4] 0x5e1:0x6 DW_TAG_subrange_type
	.long	64                              @ DW_AT_type
	.byte	16                              @ DW_AT_count
	.byte	0                               @ End Of Children Mark
	.byte	21                              @ Abbrev [21] 0x5e8:0x34 DW_TAG_subprogram
	.long	.Lfunc_begin0                   @ DW_AT_low_pc
	.long	.Lfunc_end0-.Lfunc_begin0       @ DW_AT_high_pc
	.byte	1                               @ DW_AT_frame_base
	.byte	93
                                        @ DW_AT_GNU_all_call_sites
	.long	.Linfo_string119                @ DW_AT_name
	.byte	1                               @ DW_AT_decl_file
	.byte	23                              @ DW_AT_decl_line
                                        @ DW_AT_prototyped
	.long	1758                            @ DW_AT_type
                                        @ DW_AT_external
	.byte	22                              @ Abbrev [22] 0x5fd:0xf DW_TAG_formal_parameter
	.long	.Ldebug_loc0                    @ DW_AT_location
	.long	.Linfo_string127                @ DW_AT_name
	.byte	1                               @ DW_AT_decl_file
	.byte	24                              @ DW_AT_decl_line
	.long	1787                            @ DW_AT_type
	.byte	23                              @ Abbrev [23] 0x60c:0xf DW_TAG_variable
	.long	.Ldebug_loc1                    @ DW_AT_location
	.long	.Linfo_string129                @ DW_AT_name
	.byte	1                               @ DW_AT_decl_file
	.byte	27                              @ DW_AT_decl_line
	.long	1741                            @ DW_AT_type
	.byte	0                               @ End Of Children Mark
	.byte	24                              @ Abbrev [24] 0x61c:0x15 DW_TAG_subprogram
	.long	.Lfunc_begin1                   @ DW_AT_low_pc
	.long	.Lfunc_end1-.Lfunc_begin1       @ DW_AT_high_pc
	.byte	1                               @ DW_AT_frame_base
	.byte	93
                                        @ DW_AT_GNU_all_call_sites
	.long	.Linfo_string121                @ DW_AT_name
	.byte	1                               @ DW_AT_decl_file
	.byte	41                              @ DW_AT_decl_line
                                        @ DW_AT_prototyped
	.long	1758                            @ DW_AT_type
                                        @ DW_AT_external
	.byte	21                              @ Abbrev [21] 0x631:0x51 DW_TAG_subprogram
	.long	.Lfunc_begin2                   @ DW_AT_low_pc
	.long	.Lfunc_end2-.Lfunc_begin2       @ DW_AT_high_pc
	.byte	1                               @ DW_AT_frame_base
	.byte	93
                                        @ DW_AT_GNU_all_call_sites
	.long	.Linfo_string122                @ DW_AT_name
	.byte	1                               @ DW_AT_decl_file
	.byte	50                              @ DW_AT_decl_line
                                        @ DW_AT_prototyped
	.long	1769                            @ DW_AT_type
                                        @ DW_AT_external
	.byte	22                              @ Abbrev [22] 0x646:0xf DW_TAG_formal_parameter
	.long	.Ldebug_loc2                    @ DW_AT_location
	.long	.Linfo_string132                @ DW_AT_name
	.byte	1                               @ DW_AT_decl_file
	.byte	51                              @ DW_AT_decl_line
	.long	702                             @ DW_AT_type
	.byte	22                              @ Abbrev [22] 0x655:0xf DW_TAG_formal_parameter
	.long	.Ldebug_loc3                    @ DW_AT_location
	.long	.Linfo_string133                @ DW_AT_name
	.byte	1                               @ DW_AT_decl_file
	.byte	52                              @ DW_AT_decl_line
	.long	1769                            @ DW_AT_type
	.byte	25                              @ Abbrev [25] 0x664:0xe DW_TAG_variable
	.byte	2                               @ DW_AT_location
	.byte	145
	.byte	4
	.long	.Linfo_string130                @ DW_AT_name
	.byte	1                               @ DW_AT_decl_file
	.byte	56                              @ DW_AT_decl_line
	.long	1808                            @ DW_AT_type
	.byte	23                              @ Abbrev [23] 0x672:0xf DW_TAG_variable
	.long	.Ldebug_loc4                    @ DW_AT_location
	.long	.Linfo_string129                @ DW_AT_name
	.byte	1                               @ DW_AT_decl_file
	.byte	55                              @ DW_AT_decl_line
	.long	1741                            @ DW_AT_type
	.byte	0                               @ End Of Children Mark
	.byte	24                              @ Abbrev [24] 0x682:0x15 DW_TAG_subprogram
	.long	.Lfunc_begin3                   @ DW_AT_low_pc
	.long	.Lfunc_end3-.Lfunc_begin3       @ DW_AT_high_pc
	.byte	1                               @ DW_AT_frame_base
	.byte	93
                                        @ DW_AT_GNU_all_call_sites
	.long	.Linfo_string124                @ DW_AT_name
	.byte	1                               @ DW_AT_decl_file
	.byte	71                              @ DW_AT_decl_line
                                        @ DW_AT_prototyped
	.long	1769                            @ DW_AT_type
                                        @ DW_AT_external
	.byte	21                              @ Abbrev [21] 0x697:0x1f DW_TAG_subprogram
	.long	.Lfunc_begin4                   @ DW_AT_low_pc
	.long	.Lfunc_end4-.Lfunc_begin4       @ DW_AT_high_pc
	.byte	1                               @ DW_AT_frame_base
	.byte	93
                                        @ DW_AT_GNU_all_call_sites
	.long	.Linfo_string125                @ DW_AT_name
	.byte	1                               @ DW_AT_decl_file
	.byte	77                              @ DW_AT_decl_line
                                        @ DW_AT_prototyped
	.long	1780                            @ DW_AT_type
                                        @ DW_AT_external
	.byte	26                              @ Abbrev [26] 0x6ac:0x9 DW_TAG_GNU_call_site
	.long	1718                            @ DW_AT_abstract_origin
                                        @ DW_AT_GNU_tail_call
	.long	.Ltmp21                         @ DW_AT_low_pc
	.byte	0                               @ End Of Children Mark
	.byte	27                              @ Abbrev [27] 0x6b6:0x17 DW_TAG_subprogram
	.long	.Linfo_string117                @ DW_AT_name
	.byte	2                               @ DW_AT_decl_file
	.short	314                             @ DW_AT_decl_line
                                        @ DW_AT_prototyped
	.long	1741                            @ DW_AT_type
                                        @ DW_AT_declaration
                                        @ DW_AT_external
	.byte	28                              @ Abbrev [28] 0x6c2:0x5 DW_TAG_formal_parameter
	.long	1753                            @ DW_AT_type
	.byte	28                              @ Abbrev [28] 0x6c7:0x5 DW_TAG_formal_parameter
	.long	691                             @ DW_AT_type
	.byte	0                               @ End Of Children Mark
	.byte	17                              @ Abbrev [17] 0x6cd:0xc DW_TAG_typedef
	.long	707                             @ DW_AT_type
	.long	.Linfo_string118                @ DW_AT_name
	.byte	2                               @ DW_AT_decl_file
	.short	301                             @ DW_AT_decl_line
	.byte	12                              @ Abbrev [12] 0x6d9:0x5 DW_TAG_pointer_type
	.long	88                              @ DW_AT_type
	.byte	8                               @ Abbrev [8] 0x6de:0xb DW_TAG_typedef
	.long	858                             @ DW_AT_type
	.long	.Linfo_string120                @ DW_AT_name
	.byte	5                               @ DW_AT_decl_file
	.byte	20                              @ DW_AT_decl_line
	.byte	8                               @ Abbrev [8] 0x6e9:0xb DW_TAG_typedef
	.long	858                             @ DW_AT_type
	.long	.Linfo_string123                @ DW_AT_name
	.byte	5                               @ DW_AT_decl_file
	.byte	22                              @ DW_AT_decl_line
	.byte	29                              @ Abbrev [29] 0x6f4:0x7 DW_TAG_typedef
	.long	.Linfo_string126                @ DW_AT_name
	.byte	5                               @ DW_AT_decl_file
	.byte	29                              @ DW_AT_decl_line
	.byte	8                               @ Abbrev [8] 0x6fb:0xb DW_TAG_typedef
	.long	1798                            @ DW_AT_type
	.long	.Linfo_string128                @ DW_AT_name
	.byte	5                               @ DW_AT_decl_file
	.byte	23                              @ DW_AT_decl_line
	.byte	12                              @ Abbrev [12] 0x706:0x5 DW_TAG_pointer_type
	.long	1803                            @ DW_AT_type
	.byte	16                              @ Abbrev [16] 0x70b:0x5 DW_TAG_const_type
	.long	57                              @ DW_AT_type
	.byte	8                               @ Abbrev [8] 0x710:0xb DW_TAG_typedef
	.long	660                             @ DW_AT_type
	.long	.Linfo_string131                @ DW_AT_name
	.byte	6                               @ DW_AT_decl_file
	.byte	53                              @ DW_AT_decl_line
	.byte	0                               @ End Of Children Mark
.Ldebug_info_end0:
	.section	.debug_ranges,"",%progbits
.Ldebug_ranges0:
	.long	.Lfunc_begin0
	.long	.Lfunc_end0
	.long	.Lfunc_begin1
	.long	.Lfunc_end1
	.long	.Lfunc_begin2
	.long	.Lfunc_end2
	.long	.Lfunc_begin3
	.long	.Lfunc_end3
	.long	.Lfunc_begin4
	.long	.Lfunc_end4
	.long	0
	.long	0
	.section	.debug_str,"MS",%progbits,1
.Linfo_string0:
	.asciz	"Component: Arm Compiler for Embedded 6.22 Tool: armclang [5ee92100]" @ string offset=0
.Linfo_string1:
	.asciz	"..\\ModelFileReader.c"         @ string offset=68
.Linfo_string2:
	.asciz	"C:\\ML\\ML_M55M1_SampleCode-master 2\\ML_M55M1_SampleCode-master\\M55M1BSP-3.01.003\\SampleCode\\NuEdgeWise\\PoseLandmark_YOLOv8n\\KEIL" @ string offset=89
.Linfo_string3:
	.asciz	"char"                          @ string offset=217
.Linfo_string4:
	.asciz	"__ARRAY_SIZE_TYPE__"           @ string offset=222
.Linfo_string5:
	.asciz	"modelFileObject"               @ string offset=242
.Linfo_string6:
	.asciz	"obj"                           @ string offset=258
.Linfo_string7:
	.asciz	"fs"                            @ string offset=262
.Linfo_string8:
	.asciz	"fs_type"                       @ string offset=265
.Linfo_string9:
	.asciz	"unsigned char"                 @ string offset=273
.Linfo_string10:
	.asciz	"BYTE"                          @ string offset=287
.Linfo_string11:
	.asciz	"pdrv"                          @ string offset=292
.Linfo_string12:
	.asciz	"ldrv"                          @ string offset=297
.Linfo_string13:
	.asciz	"n_fats"                        @ string offset=302
.Linfo_string14:
	.asciz	"wflag"                         @ string offset=309
.Linfo_string15:
	.asciz	"fsi_flag"                      @ string offset=315
.Linfo_string16:
	.asciz	"id"                            @ string offset=324
.Linfo_string17:
	.asciz	"unsigned short"                @ string offset=327
.Linfo_string18:
	.asciz	"uint16_t"                      @ string offset=342
.Linfo_string19:
	.asciz	"WORD"                          @ string offset=351
.Linfo_string20:
	.asciz	"n_rootdir"                     @ string offset=356
.Linfo_string21:
	.asciz	"csize"                         @ string offset=366
.Linfo_string22:
	.asciz	"lfnbuf"                        @ string offset=372
.Linfo_string23:
	.asciz	"WCHAR"                         @ string offset=379
.Linfo_string24:
	.asciz	"last_clst"                     @ string offset=385
.Linfo_string25:
	.asciz	"unsigned int"                  @ string offset=395
.Linfo_string26:
	.asciz	"uint32_t"                      @ string offset=408
.Linfo_string27:
	.asciz	"DWORD"                         @ string offset=417
.Linfo_string28:
	.asciz	"free_clst"                     @ string offset=423
.Linfo_string29:
	.asciz	"cdir"                          @ string offset=433
.Linfo_string30:
	.asciz	"n_fatent"                      @ string offset=438
.Linfo_string31:
	.asciz	"fsize"                         @ string offset=447
.Linfo_string32:
	.asciz	"volbase"                       @ string offset=453
.Linfo_string33:
	.asciz	"LBA_t"                         @ string offset=461
.Linfo_string34:
	.asciz	"fatbase"                       @ string offset=467
.Linfo_string35:
	.asciz	"dirbase"                       @ string offset=475
.Linfo_string36:
	.asciz	"database"                      @ string offset=483
.Linfo_string37:
	.asciz	"winsect"                       @ string offset=492
.Linfo_string38:
	.asciz	"win"                           @ string offset=500
.Linfo_string39:
	.asciz	"FATFS"                         @ string offset=504
.Linfo_string40:
	.asciz	"attr"                          @ string offset=510
.Linfo_string41:
	.asciz	"stat"                          @ string offset=515
.Linfo_string42:
	.asciz	"sclust"                        @ string offset=520
.Linfo_string43:
	.asciz	"objsize"                       @ string offset=527
.Linfo_string44:
	.asciz	"FSIZE_t"                       @ string offset=535
.Linfo_string45:
	.asciz	"FFOBJID"                       @ string offset=543
.Linfo_string46:
	.asciz	"flag"                          @ string offset=551
.Linfo_string47:
	.asciz	"err"                           @ string offset=556
.Linfo_string48:
	.asciz	"fptr"                          @ string offset=560
.Linfo_string49:
	.asciz	"clust"                         @ string offset=565
.Linfo_string50:
	.asciz	"sect"                          @ string offset=571
.Linfo_string51:
	.asciz	"dir_sect"                      @ string offset=576
.Linfo_string52:
	.asciz	"dir_ptr"                       @ string offset=585
.Linfo_string53:
	.asciz	"buf"                           @ string offset=593
.Linfo_string54:
	.asciz	"FIL"                           @ string offset=597
.Linfo_string55:
	.asciz	"FR_OK"                         @ string offset=601
.Linfo_string56:
	.asciz	"FR_DISK_ERR"                   @ string offset=607
.Linfo_string57:
	.asciz	"FR_INT_ERR"                    @ string offset=619
.Linfo_string58:
	.asciz	"FR_NOT_READY"                  @ string offset=630
.Linfo_string59:
	.asciz	"FR_NO_FILE"                    @ string offset=643
.Linfo_string60:
	.asciz	"FR_NO_PATH"                    @ string offset=654
.Linfo_string61:
	.asciz	"FR_INVALID_NAME"               @ string offset=665
.Linfo_string62:
	.asciz	"FR_DENIED"                     @ string offset=681
.Linfo_string63:
	.asciz	"FR_EXIST"                      @ string offset=691
.Linfo_string64:
	.asciz	"FR_INVALID_OBJECT"             @ string offset=700
.Linfo_string65:
	.asciz	"FR_WRITE_PROTECTED"            @ string offset=718
.Linfo_string66:
	.asciz	"FR_INVALID_DRIVE"              @ string offset=737
.Linfo_string67:
	.asciz	"FR_NOT_ENABLED"                @ string offset=754
.Linfo_string68:
	.asciz	"FR_NO_FILESYSTEM"              @ string offset=769
.Linfo_string69:
	.asciz	"FR_MKFS_ABORTED"               @ string offset=786
.Linfo_string70:
	.asciz	"FR_TIMEOUT"                    @ string offset=802
.Linfo_string71:
	.asciz	"FR_LOCKED"                     @ string offset=813
.Linfo_string72:
	.asciz	"FR_NOT_ENOUGH_CORE"            @ string offset=823
.Linfo_string73:
	.asciz	"FR_TOO_MANY_OPEN_FILES"        @ string offset=842
.Linfo_string74:
	.asciz	"FR_INVALID_PARAMETER"          @ string offset=865
.Linfo_string75:
	.asciz	"TCHAR"                         @ string offset=886
.Linfo_string76:
	.asciz	"int"                           @ string offset=892
.Linfo_string77:
	.asciz	"CTL"                           @ string offset=896
.Linfo_string78:
	.asciz	"PAR"                           @ string offset=900
.Linfo_string79:
	.asciz	"INTEN"                         @ string offset=904
.Linfo_string80:
	.asciz	"INTSTS"                        @ string offset=910
.Linfo_string81:
	.asciz	"PARM"                          @ string offset=917
.Linfo_string82:
	.asciz	"RESERVE0"                      @ string offset=922
.Linfo_string83:
	.asciz	"CWSP"                          @ string offset=931
.Linfo_string84:
	.asciz	"CWS"                           @ string offset=936
.Linfo_string85:
	.asciz	"PKTSL"                         @ string offset=940
.Linfo_string86:
	.asciz	"PLNSL"                         @ string offset=946
.Linfo_string87:
	.asciz	"FRCTL"                         @ string offset=952
.Linfo_string88:
	.asciz	"STRIDE"                        @ string offset=958
.Linfo_string89:
	.asciz	"RESERVE1"                      @ string offset=965
.Linfo_string90:
	.asciz	"FIFOTH"                        @ string offset=974
.Linfo_string91:
	.asciz	"CMPADDR"                       @ string offset=981
.Linfo_string92:
	.asciz	"LUMA_Y1_THD"                   @ string offset=989
.Linfo_string93:
	.asciz	"PKTSM"                         @ string offset=1001
.Linfo_string94:
	.asciz	"PLNSM"                         @ string offset=1007
.Linfo_string95:
	.asciz	"CURADDRP"                      @ string offset=1013
.Linfo_string96:
	.asciz	"CURADDRY"                      @ string offset=1022
.Linfo_string97:
	.asciz	"CURADDRU"                      @ string offset=1031
.Linfo_string98:
	.asciz	"CURADDRV"                      @ string offset=1040
.Linfo_string99:
	.asciz	"PKTBA0"                        @ string offset=1049
.Linfo_string100:
	.asciz	"RESERVE2"                      @ string offset=1056
.Linfo_string101:
	.asciz	"YBA"                           @ string offset=1065
.Linfo_string102:
	.asciz	"UBA"                           @ string offset=1069
.Linfo_string103:
	.asciz	"VBA"                           @ string offset=1073
.Linfo_string104:
	.asciz	"RESERVE3"                      @ string offset=1077
.Linfo_string105:
	.asciz	"MDCTL"                         @ string offset=1086
.Linfo_string106:
	.asciz	"MDTRG_WK"                      @ string offset=1092
.Linfo_string107:
	.asciz	"RESERVE4"                      @ string offset=1101
.Linfo_string108:
	.asciz	"MDTTH"                         @ string offset=1110
.Linfo_string109:
	.asciz	"MDTSAD"                        @ string offset=1116
.Linfo_string110:
	.asciz	"RESERVE5"                      @ string offset=1123
.Linfo_string111:
	.asciz	"MDWOCTH"                       @ string offset=1132
.Linfo_string112:
	.asciz	"MDWOC"                         @ string offset=1140
.Linfo_string113:
	.asciz	"RESERVE6"                      @ string offset=1146
.Linfo_string114:
	.asciz	"MDWTH"                         @ string offset=1155
.Linfo_string115:
	.asciz	"MDWSAD"                        @ string offset=1161
.Linfo_string116:
	.asciz	"CCAP_T"                        @ string offset=1168
.Linfo_string117:
	.asciz	"f_lseek"                       @ string offset=1175
.Linfo_string118:
	.asciz	"FRESULT"                       @ string offset=1183
.Linfo_string119:
	.asciz	"ModelFileReader_Initialize"    @ string offset=1191
.Linfo_string120:
	.asciz	"BOOL"                          @ string offset=1218
.Linfo_string121:
	.asciz	"ModelFileReader_Finish"        @ string offset=1223
.Linfo_string122:
	.asciz	"ModelFileReader_ReadData"      @ string offset=1246
.Linfo_string123:
	.asciz	"INT32"                         @ string offset=1271
.Linfo_string124:
	.asciz	"ModelFileReader_FileSize"      @ string offset=1277
.Linfo_string125:
	.asciz	"ModelFileReader_Rewind"        @ string offset=1302
.Linfo_string126:
	.asciz	"VOID"                          @ string offset=1325
.Linfo_string127:
	.asciz	"pszOutFileName"                @ string offset=1330
.Linfo_string128:
	.asciz	"PCSTR"                         @ string offset=1345
.Linfo_string129:
	.asciz	"res"                           @ string offset=1351
.Linfo_string130:
	.asciz	"ReturnSize"                    @ string offset=1355
.Linfo_string131:
	.asciz	"size_t"                        @ string offset=1366
.Linfo_string132:
	.asciz	"pbyData"                       @ string offset=1373
.Linfo_string133:
	.asciz	"i32DataSize"                   @ string offset=1381
	.ident	"Component: Arm Compiler for Embedded 6.22 Tool: armclang [5ee92100]"
	.section	".note.GNU-stack","",%progbits
	.eabi_attribute	30, 1	@ Tag_ABI_optimization_goals
	.ARM_attribute	16, 1	@ Tag_AV_eba
	.section	.debug_line,"",%progbits
.Lline_table_start0:
